Archive member included to satisfy reference by file (symbol)

c:/st/stm32cubeide_1.5.1/stm32cubeide/plugins/com.st.stm32cube.ide.mcu.externaltools.gnu-tools-for-stm32.9-2020-q2-update.win32_2.0.0.202105311346/tools/bin/../lib/gcc/arm-none-eabi/9.3.1/../../../../arm-none-eabi/lib/thumb/v7e-m+dp/hard\libc_nano.a(lib_a-errno.o)
                              ./Core/Src/syscalls.o (__errno)
c:/st/stm32cubeide_1.5.1/stm32cubeide/plugins/com.st.stm32cube.ide.mcu.externaltools.gnu-tools-for-stm32.9-2020-q2-update.win32_2.0.0.202105311346/tools/bin/../lib/gcc/arm-none-eabi/9.3.1/../../../../arm-none-eabi/lib/thumb/v7e-m+dp/hard\libc_nano.a(lib_a-exit.o)
                              c:/st/stm32cubeide_1.5.1/stm32cubeide/plugins/com.st.stm32cube.ide.mcu.externaltools.gnu-tools-for-stm32.9-2020-q2-update.win32_2.0.0.202105311346/tools/bin/../lib/gcc/arm-none-eabi/9.3.1/../../../../arm-none-eabi/lib/thumb/v7e-m+dp/hard/crt0.o (exit)
c:/st/stm32cubeide_1.5.1/stm32cubeide/plugins/com.st.stm32cube.ide.mcu.externaltools.gnu-tools-for-stm32.9-2020-q2-update.win32_2.0.0.202105311346/tools/bin/../lib/gcc/arm-none-eabi/9.3.1/../../../../arm-none-eabi/lib/thumb/v7e-m+dp/hard\libc_nano.a(lib_a-impure.o)
                              c:/st/stm32cubeide_1.5.1/stm32cubeide/plugins/com.st.stm32cube.ide.mcu.externaltools.gnu-tools-for-stm32.9-2020-q2-update.win32_2.0.0.202105311346/tools/bin/../lib/gcc/arm-none-eabi/9.3.1/../../../../arm-none-eabi/lib/thumb/v7e-m+dp/hard\libc_nano.a(lib_a-exit.o) (_global_impure_ptr)
c:/st/stm32cubeide_1.5.1/stm32cubeide/plugins/com.st.stm32cube.ide.mcu.externaltools.gnu-tools-for-stm32.9-2020-q2-update.win32_2.0.0.202105311346/tools/bin/../lib/gcc/arm-none-eabi/9.3.1/../../../../arm-none-eabi/lib/thumb/v7e-m+dp/hard\libc_nano.a(lib_a-init.o)
                              c:/st/stm32cubeide_1.5.1/stm32cubeide/plugins/com.st.stm32cube.ide.mcu.externaltools.gnu-tools-for-stm32.9-2020-q2-update.win32_2.0.0.202105311346/tools/bin/../lib/gcc/arm-none-eabi/9.3.1/../../../../arm-none-eabi/lib/thumb/v7e-m+dp/hard/crt0.o (__libc_init_array)
c:/st/stm32cubeide_1.5.1/stm32cubeide/plugins/com.st.stm32cube.ide.mcu.externaltools.gnu-tools-for-stm32.9-2020-q2-update.win32_2.0.0.202105311346/tools/bin/../lib/gcc/arm-none-eabi/9.3.1/../../../../arm-none-eabi/lib/thumb/v7e-m+dp/hard\libc_nano.a(lib_a-memset.o)
                              c:/st/stm32cubeide_1.5.1/stm32cubeide/plugins/com.st.stm32cube.ide.mcu.externaltools.gnu-tools-for-stm32.9-2020-q2-update.win32_2.0.0.202105311346/tools/bin/../lib/gcc/arm-none-eabi/9.3.1/../../../../arm-none-eabi/lib/thumb/v7e-m+dp/hard/crt0.o (memset)
c:/st/stm32cubeide_1.5.1/stm32cubeide/plugins/com.st.stm32cube.ide.mcu.externaltools.gnu-tools-for-stm32.9-2020-q2-update.win32_2.0.0.202105311346/tools/bin/../lib/gcc/arm-none-eabi/9.3.1/../../../../arm-none-eabi/lib/thumb/v7e-m+dp/hard\libm.a(lib_a-pow.o)
                              ./Core/Src/CHESS.o (pow)
c:/st/stm32cubeide_1.5.1/stm32cubeide/plugins/com.st.stm32cube.ide.mcu.externaltools.gnu-tools-for-stm32.9-2020-q2-update.win32_2.0.0.202105311346/tools/bin/../lib/gcc/arm-none-eabi/9.3.1/../../../../arm-none-eabi/lib/thumb/v7e-m+dp/hard\libm.a(lib_a-pow_log_data.o)
                              c:/st/stm32cubeide_1.5.1/stm32cubeide/plugins/com.st.stm32cube.ide.mcu.externaltools.gnu-tools-for-stm32.9-2020-q2-update.win32_2.0.0.202105311346/tools/bin/../lib/gcc/arm-none-eabi/9.3.1/../../../../arm-none-eabi/lib/thumb/v7e-m+dp/hard\libm.a(lib_a-pow.o) (__pow_log_data)
c:/st/stm32cubeide_1.5.1/stm32cubeide/plugins/com.st.stm32cube.ide.mcu.externaltools.gnu-tools-for-stm32.9-2020-q2-update.win32_2.0.0.202105311346/tools/bin/../lib/gcc/arm-none-eabi/9.3.1/../../../../arm-none-eabi/lib/thumb/v7e-m+dp/hard\libm.a(lib_a-s_cos.o)
                              ./Core/Src/CHESS.o (cos)
c:/st/stm32cubeide_1.5.1/stm32cubeide/plugins/com.st.stm32cube.ide.mcu.externaltools.gnu-tools-for-stm32.9-2020-q2-update.win32_2.0.0.202105311346/tools/bin/../lib/gcc/arm-none-eabi/9.3.1/../../../../arm-none-eabi/lib/thumb/v7e-m+dp/hard\libm.a(lib_a-s_sin.o)
                              ./Core/Src/CHESS.o (sin)
c:/st/stm32cubeide_1.5.1/stm32cubeide/plugins/com.st.stm32cube.ide.mcu.externaltools.gnu-tools-for-stm32.9-2020-q2-update.win32_2.0.0.202105311346/tools/bin/../lib/gcc/arm-none-eabi/9.3.1/../../../../arm-none-eabi/lib/thumb/v7e-m+dp/hard\libm.a(lib_a-w_asin.o)
                              ./Core/Src/TRAJECTORY_CIRCLE.o (asin)
c:/st/stm32cubeide_1.5.1/stm32cubeide/plugins/com.st.stm32cube.ide.mcu.externaltools.gnu-tools-for-stm32.9-2020-q2-update.win32_2.0.0.202105311346/tools/bin/../lib/gcc/arm-none-eabi/9.3.1/../../../../arm-none-eabi/lib/thumb/v7e-m+dp/hard\libm.a(lib_a-w_atan2.o)
                              ./Core/Src/CHESS.o (atan2)
[...]
Memory Configuration

Name             Origin             Length             Attributes
FLASH            0x0000000008000000 0x0000000000200000 xr
DTCMRAM          0x0000000020000000 0x0000000000020000 xrw
RAM_D1           0x0000000024000000 0x0000000000080000 xrw
RAM_D2           0x0000000030000000 0x0000000000048000 xrw
RAM_D3           0x0000000038000000 0x0000000000010000 xrw
ITCMRAM          0x0000000000000000 0x0000000000010000 xrw
*default*        0x0000000000000000 0xffffffffffffffff

Linker script and memory map

LOAD c:/st/stm32cubeide_1.5.1/stm32cubeide/plugins/com.st.stm32cube.ide.mcu.externaltools.gnu-tools-for-stm32.9-2020-q2-update.win32_2.0.0.202105311346/tools/bin/../lib/gcc/arm-none-eabi/9.3.1/thumb/v7e-m+dp/hard/crti.o
LOAD c:/st/stm32cubeide_1.5.1/stm32cubeide/plugins/com.st.stm32cube.ide.mcu.externaltools.gnu-tools-for-stm32.9-2020-q2-update.win32_2.0.0.202105311346/tools/bin/../lib/gcc/arm-none-eabi/9.3.1/thumb/v7e-m+dp/hard/crtbegin.o
LOAD c:/st/stm32cubeide_1.5.1/stm32cubeide/plugins/com.st.stm32cube.ide.mcu.externaltools.gnu-tools-for-stm32.9-2020-q2-update.win32_2.0.0.202105311346/tools/bin/../lib/gcc/arm-none-eabi/9.3.1/../../../../arm-none-eabi/lib/thumb/v7e-m+dp/hard/crt0.o
LOAD ./Core/Src/CHESS.o
LOAD ./Core/Src/IK.o
LOAD ./Core/Src/PATH.o
LOAD ./Core/Src/PID.o
LOAD ./Core/Src/QEI.o
LOAD ./Core/Src/STEPPER.o
LOAD ./Core/Src/Serial.o
LOAD ./Core/Src/TASKSPACE.o
LOAD ./Core/Src/TRAJECTORY.o
LOAD ./Core/Src/TRAJECTORY_CIRCLE.o
LOAD ./Core/Src/cartesianJog.o
LOAD ./Core/Src/forwardKinematic.o
LOAD ./Core/Src/main.o
LOAD ./Core/Src/stm32h7xx_hal_msp.o
LOAD ./Core/Src/stm32h7xx_it.o
LOAD ./Core/Src/syscalls.o
LOAD ./Core/Src/sysmem.o
LOAD ./Core/Src/system_stm32h7xx.o
LOAD ./Core/Startup/startup_stm32h743zitx.o
LOAD ./Drivers/STM32H7xx_HAL_Driver/Src/stm32h7xx_hal.o
LOAD ./Drivers/STM32H7xx_HAL_Driver/Src/stm32h7xx_hal_adc.o
LOAD ./Drivers/STM32H7xx_HAL_Driver/Src/stm32h7xx_hal_adc_ex.o
LOAD ./Drivers/STM32H7xx_HAL_Driver/Src/stm32h7xx_hal_cortex.o
LOAD ./Drivers/STM32H7xx_HAL_Driver/Src/stm32h7xx_hal_dma.o
LOAD ./Drivers/STM32H7xx_HAL_Driver/Src/stm32h7xx_hal_dma_ex.o
LOAD ./Drivers/STM32H7xx_HAL_Driver/Src/stm32h7xx_hal_eth.o
LOAD ./Drivers/STM32H7xx_HAL_Driver/Src/stm32h7xx_hal_eth_ex.o
LOAD ./Drivers/STM32H7xx_HAL_Driver/Src/stm32h7xx_hal_exti.o
LOAD ./Drivers/STM32H7xx_HAL_Driver/Src/stm32h7xx_hal_flash.o
LOAD ./Drivers/STM32H7xx_HAL_Driver/Src/stm32h7xx_hal_flash_ex.o
LOAD ./Drivers/STM32H7xx_HAL_Driver/Src/stm32h7xx_hal_gpio.o
LOAD ./Drivers/STM32H7xx_HAL_Driver/Src/stm32h7xx_hal_hsem.o
LOAD ./Drivers/STM32H7xx_HAL_Driver/Src/stm32h7xx_hal_i2c.o
LOAD ./Drivers/STM32H7xx_HAL_Driver/Src/stm32h7xx_hal_i2c_ex.o
LOAD ./Drivers/STM32H7xx_HAL_Driver/Src/stm32h7xx_hal_mdma.o
LOAD ./Drivers/STM32H7xx_HAL_Driver/Src/stm32h7xx_hal_pcd.o
LOAD ./Drivers/STM32H7xx_HAL_Driver/Src/stm32h7xx_hal_pcd_ex.o
LOAD ./Drivers/STM32H7xx_HAL_Driver/Src/stm32h7xx_hal_pwr.o
LOAD ./Drivers/STM32H7xx_HAL_Driver/Src/stm32h7xx_hal_pwr_ex.o
LOAD ./Drivers/STM32H7xx_HAL_Driver/Src/stm32h7xx_hal_rcc.o
LOAD ./Drivers/STM32H7xx_HAL_Driver/Src/stm32h7xx_hal_rcc_ex.o
LOAD ./Drivers/STM32H7xx_HAL_Driver/Src/stm32h7xx_hal_spi.o
LOAD ./Drivers/STM32H7xx_HAL_Driver/Src/stm32h7xx_hal_spi_ex.o
LOAD ./Drivers/STM32H7xx_HAL_Driver/Src/stm32h7xx_hal_tim.o
LOAD ./Drivers/STM32H7xx_HAL_Driver/Src/stm32h7xx_hal_tim_ex.o
LOAD ./Drivers/STM32H7xx_HAL_Driver/Src/stm32h7xx_hal_uart.o
LOAD ./Drivers/STM32H7xx_HAL_Driver/Src/stm32h7xx_hal_uart_ex.o
LOAD ./Drivers/STM32H7xx_HAL_Driver/Src/stm32h7xx_ll_usb.o
START GROUP
LOAD c:/st/stm32cubeide_1.5.1/stm32cubeide/plugins/com.st.stm32cube.ide.mcu.externaltools.gnu-tools-for-stm32.9-2020-q2-update.win32_2.0.0.202105311346/tools/bin/../lib/gcc/arm-none-eabi/9.3.1/../../../../arm-none-eabi/lib/thumb/v7e-m+dp/hard\libc_nano.a
LOAD c:/st/stm32cubeide_1.5.1/stm32cubeide/plugins/com.st.stm32cube.ide.mcu.externaltools.gnu-tools-for-stm32.9-2020-q2-update.win32_2.0.0.202105311346/tools/bin/../lib/gcc/arm-none-eabi/9.3.1/../../../../arm-none-eabi/lib/thumb/v7e-m+dp/hard\libm.a
END GROUP
START GROUP
LOAD c:/st/stm32cubeide_1.5.1/stm32cubeide/plugins/com.st.stm32cube.ide.mcu.externaltools.gnu-tools-for-stm32.9-2020-q2-update.win32_2.0.0.202105311346/tools/bin/../lib/gcc/arm-none-eabi/9.3.1/thumb/v7e-m+dp/hard\libgcc.a
LOAD c:/st/stm32cubeide_1.5.1/stm32cubeide/plugins/com.st.stm32cube.ide.mcu.externaltools.gnu-tools-for-stm32.9-2020-q2-update.win32_2.0.0.202105311346/tools/bin/../lib/gcc/arm-none-eabi/9.3.1/../../../../arm-none-eabi/lib/thumb/v7e-m+dp/hard\libc_nano.a
END GROUP
START GROUP
LOAD c:/st/stm32cubeide_1.5.1/stm32cubeide/plugins/com.st.stm32cube.ide.mcu.externaltools.gnu-tools-for-stm32.9-2020-q2-update.win32_2.0.0.202105311346/tools/bin/../lib/gcc/arm-none-eabi/9.3.1/thumb/v7e-m+dp/hard\libgcc.a
LOAD c:/st/stm32cubeide_1.5.1/stm32cubeide/plugins/com.st.stm32cube.ide.mcu.externaltools.gnu-tools-for-stm32.9-2020-q2-update.win32_2.0.0.202105311346/tools/bin/../lib/gcc/arm-none-eabi/9.3.1/../../../../arm-none-eabi/lib/thumb/v7e-m+dp/hard\libc_nano.a
LOAD c:/st/stm32cubeide_1.5.1/stm32cubeide/plugins/com.st.stm32cube.ide.mcu.externaltools.gnu-tools-for-stm32.9-2020-q2-update.win32_2.0.0.202105311346/tools/bin/../lib/gcc/arm-none-eabi/9.3.1/../../../../arm-none-eabi/lib/thumb/v7e-m+dp/hard\libnosys.a
END GROUP
START GROUP
LOAD c:/st/stm32cubeide_1.5.1/stm32cubeide/plugins/com.st.stm32cube.ide.mcu.externaltools.gnu-tools-for-stm32.9-2020-q2-update.win32_2.0.0.202105311346/tools/bin/../lib/gcc/arm-none-eabi/9.3.1/thumb/v7e-m+dp/hard\libgcc.a
LOAD c:/st/stm32cubeide_1.5.1/stm32cubeide/plugins/com.st.stm32cube.ide.mcu.externaltools.gnu-tools-for-stm32.9-2020-q2-update.win32_2.0.0.202105311346/tools/bin/../lib/gcc/arm-none-eabi/9.3.1/../../../../arm-none-eabi/lib/thumb/v7e-m+dp/hard\libc_nano.a
LOAD c:/st/stm32cubeide_1.5.1/stm32cubeide/plugins/com.st.stm32cube.ide.mcu.externaltools.gnu-tools-for-stm32.9-2020-q2-update.win32_2.0.0.202105311346/tools/bin/../lib/gcc/arm-none-eabi/9.3.1/../../../../arm-none-eabi/lib/thumb/v7e-m+dp/hard\libnosys.a
END GROUP
LOAD c:/st/stm32cubeide_1.5.1/stm32cubeide/plugins/com.st.stm32cube.ide.mcu.externaltools.gnu-tools-for-stm32.9-2020-q2-update.win32_2.0.0.202105311346/tools/bin/../lib/gcc/arm-none-eabi/9.3.1/thumb/v7e-m+dp/hard/crtend.o
LOAD c:/st/stm32cubeide_1.5.1/stm32cubeide/plugins/com.st.stm32cube.ide.mcu.externaltools.gnu-tools-for-stm32.9-2020-q2-update.win32_2.0.0.202105311346/tools/bin/../lib/gcc/arm-none-eabi/9.3.1/thumb/v7e-m+dp/hard/crtn.o
                0x0000000024080000                _estack = (ORIGIN (RAM_D1) + LENGTH (RAM_D1))
                0x0000000000000200                _Min_Heap_Size = 0x200
                0x0000000000000400                _Min_Stack_Size = 0x400

.isr_vector     0x0000000008000000      0x298
                0x0000000008000000                . = ALIGN (0x4)
 *(.isr_vector)
 .isr_vector    0x0000000008000000      0x298 ./Core/Startup/startup_stm32h743zitx.o
                0x0000000008000000                g_pfnVectors
                0x0000000008000298                . = ALIGN (0x4)

.text           0x0000000008000298    0x12f04
                0x0000000008000298                . = ALIGN (0x4)
 *(.text)
 .text          0x0000000008000298       0x40 c:/st/stm32cubeide_1.5.1/stm32cubeide/plugins/com.st.stm32cube.ide.mcu.externaltools.gnu-tools-for-stm32.9-2020-q2-update.win32_2.0.0.202105311346/tools/bin/../lib/gcc/arm-none-eabi/9.3.1/thumb/v7e-m+dp/hard/crtbegin.o
 .text          0x00000000080002d8       0x30 c:/st/stm32cubeide_1.5.1/stm32cubeide/plugins/com.st.stm32cube.ide.mcu.externaltools.gnu-tools-for-stm32.9-2020-q2-update.win32_2.0.0.202105311346/tools/bin/../lib/gcc/arm-none-eabi/9.3.1/thumb/v7e-m+dp/hard\libgcc.a(_aeabi_uldivmod.o)
                0x00000000080002d8                __aeabi_uldivmod
 .text          0x0000000008000308      0x2c4 c:/st/stm32cubeide_1.5.1/stm32cubeide/plugins/com.st.stm32cube.ide.mcu.externaltools.gnu-tools-for-stm32.9-2020-q2-update.win32_2.0.0.202105311346/tools/bin/../lib/gcc/arm-none-eabi/9.3.1/thumb/v7e-m+dp/hard\libgcc.a(_udivmoddi4.o)
                0x0000000008000308                __udivmoddi4
 .text          0x00000000080005cc        0x4 c:/st/stm32cubeide_1.5.1/stm32cubeide/plugins/com.st.stm32cube.ide.mcu.externaltools.gnu-tools-for-stm32.9-2020-q2-update.win32_2.0.0.202105311346/tools/bin/../lib/gcc/arm-none-eabi/9.3.1/thumb/v7e-m+dp/hard\libgcc.a(_dvmd_tls.o)
                0x00000000080005cc                __aeabi_idiv0
                0x00000000080005cc                __aeabi_ldiv0
 *(.text*)
 .text.updateChess
                0x00000000080005d0       0x80 ./Core/Src/CHESS.o
                0x00000000080005d0                updateChess
 .text.find_y   0x0000000008000650       0x48 ./Core/Src/CHESS.o
                0x0000000008000650                find_y
 .text.find_x   0x0000000008000698       0x48 ./Core/Src/CHESS.o
                0x0000000008000698                find_x
 .text.find_radius
                0x00000000080006e0       0x50 ./Core/Src/CHESS.o
                0x00000000080006e0                find_radius
 .text.find_degree
                0x0000000008000730       0xe0 ./Core/Src/CHESS.o
                0x0000000008000730                find_degree
 .text.get_degree_chess
                0x0000000008000810       0x28 ./Core/Src/CHESS.o
                0x0000000008000810                get_degree_chess
 .text.get_degree_field
                0x0000000008000838       0x6c ./Core/Src/CHESS.o
                0x0000000008000838                get_degree_field
 .text.get_real_degree_chess
                0x00000000080008a4       0x28 ./Core/Src/CHESS.o
                0x00000000080008a4                get_real_degree_chess
 .text.set_field_zero
                0x00000000080008cc       0x10 ./Core/Src/CHESS.o
                0x00000000080008cc                set_field_zero
 *fill*         0x00000000080008dc        0x4 
 .text.get_x_chess
                0x00000000080008e0       0x64 ./Core/Src/CHESS.o
                0x00000000080008e0                get_x_chess
 *fill*         0x0000000008000944        0x4 
 .text.get_y_chess
                0x0000000008000948       0x64 ./Core/Src/CHESS.o
                0x0000000008000948                get_y_chess
 *fill*         0x00000000080009ac        0x4 
 .text.IK       0x00000000080009b0      0x19c ./Core/Src/IK.o
                0x00000000080009b0                IK
 .text.get_ik_q1
                0x0000000008000b4c       0x34 ./Core/Src/IK.o
                0x0000000008000b4c                get_ik_q1
 .text.get_ik_q2
                0x0000000008000b80       0x34 ./Core/Src/IK.o
                0x0000000008000b80                get_ik_q2
 .text.get_ik_q3
                0x0000000008000bb4       0x34 ./Core/Src/IK.o
                0x0000000008000bb4                get_ik_q3
 .text.path     0x0000000008000be8      0x18c ./Core/Src/PATH.o
                0x0000000008000be8                path
 .text.find_time
                0x0000000008000d74       0x78 ./Core/Src/PATH.o
                0x0000000008000d74                find_time
 *fill*         0x0000000008000dec        0x4 
 .text.update_path
                0x0000000008000df0      0x470 ./Core/Src/PATH.o
                0x0000000008000df0                update_path
 .text.setupPID
                0x0000000008001260       0x68 ./Core/Src/PID.o
                0x0000000008001260                setupPID
 .text.calculator
                0x00000000080012c8      0x16c ./Core/Src/PID.o
                0x00000000080012c8                calculator
 .text.enable_Encoder_OE
                0x0000000008001434       0x18 ./Core/Src/QEI.o
                0x0000000008001434                enable_Encoder_OE
 .text.Encoder_Start
                0x000000000800144c       0x50 ./Core/Src/QEI.o
                0x000000000800144c                Encoder_Start
 .text.Get_Value_Encoder
                0x000000000800149c       0x38 ./Core/Src/QEI.o
                0x000000000800149c                Get_Value_Encoder
 .text.Set_Encoder_Zero
                0x00000000080014d4       0x34 ./Core/Src/QEI.o
                0x00000000080014d4                Set_Encoder_Zero
 .text.Stepper_Setup
                0x0000000008001508       0x58 ./Core/Src/STEPPER.o
                0x0000000008001508                Stepper_Setup
 .text.Stepper_SetStepTimer
                0x0000000008001560       0x80 ./Core/Src/STEPPER.o
                0x0000000008001560                Stepper_SetStepTimer
 .text.Stepper_DefaultState
                0x00000000080015e0       0x64 ./Core/Src/STEPPER.o
                0x00000000080015e0                Stepper_DefaultState
 .text.Stepper_SetMinPosition
                0x0000000008001644       0x34 ./Core/Src/STEPPER.o
                0x0000000008001644                Stepper_SetMinPosition
 .text.Stepper_SetMaxPosition
                0x0000000008001678       0x34 ./Core/Src/STEPPER.o
                0x0000000008001678                Stepper_SetMaxPosition
 .text.Stepper_SetMinSpeed
                0x00000000080016ac       0x34 ./Core/Src/STEPPER.o
                0x00000000080016ac                Stepper_SetMinSpeed
 .text.Stepper_SetMaxSpeed
                0x00000000080016e0       0x34 ./Core/Src/STEPPER.o
                0x00000000080016e0                Stepper_SetMaxSpeed
 .text.Stepper_SetTraget
                0x0000000008001714       0xf0 ./Core/Src/STEPPER.o
                0x0000000008001714                Stepper_SetTraget
 .text.Stepper_SetSpeed
                0x0000000008001804       0x58 ./Core/Src/STEPPER.o
                0x0000000008001804                Stepper_SetSpeed
 .text.Stepper_Direction
                0x000000000800185c      0x118 ./Core/Src/STEPPER.o
                0x000000000800185c                Stepper_Direction
 .text.enable_Stepper_OE
                0x0000000008001974       0x18 ./Core/Src/STEPPER.o
                0x0000000008001974                enable_Stepper_OE
 .text.Stepper_runStep
                0x000000000800198c       0xa4 ./Core/Src/STEPPER.o
                0x000000000800198c                Stepper_runStep
 .text.Stepper_StartStop
                0x0000000008001a30       0x44 ./Core/Src/STEPPER.o
                0x0000000008001a30                Stepper_StartStop
 .text.Stepper_status
                0x0000000008001a74       0x30 ./Core/Src/STEPPER.o
                0x0000000008001a74                Stepper_status
 .text.Stepper_updateHome
                0x0000000008001aa4       0x88 ./Core/Src/STEPPER.o
                0x0000000008001aa4                Stepper_updateHome
 .text.Stepper_SetHome
                0x0000000008001b2c       0xb4 ./Core/Src/STEPPER.o
                0x0000000008001b2c                Stepper_SetHome
 .text.Stepper_currentPosition
                0x0000000008001be0       0x34 ./Core/Src/STEPPER.o
                0x0000000008001be0                Stepper_currentPosition
 .text.Stepper_currentPosition_real
                0x0000000008001c14       0x5c ./Core/Src/STEPPER.o
                0x0000000008001c14                Stepper_currentPosition_real
 .text.Stepper_targetPosition_real
                0x0000000008001c70       0x30 ./Core/Src/STEPPER.o
                0x0000000008001c70                Stepper_targetPosition_real
 .text.encoder_to_joint
                0x0000000008001ca0       0xc8 ./Core/Src/STEPPER.o
                0x0000000008001ca0                encoder_to_joint
 .text.joint_to_encoder
                0x0000000008001d68       0xc0 ./Core/Src/STEPPER.o
                0x0000000008001d68                joint_to_encoder
 .text.to_degree
                0x0000000008001e28       0x40 ./Core/Src/STEPPER.o
                0x0000000008001e28                to_degree
 .text.to_radian
                0x0000000008001e68       0x40 ./Core/Src/STEPPER.o
                0x0000000008001e68                to_radian
 .text.Serial_Setup
                0x0000000008001ea8       0x40 ./Core/Src/Serial.o
                0x0000000008001ea8                Serial_Setup
 .text.Cal_sum  0x0000000008001ee8       0x4c ./Core/Src/Serial.o
                0x0000000008001ee8                Cal_sum
 .text.SHIFT_TO_LSB
                0x0000000008001f34       0x1a ./Core/Src/Serial.o
                0x0000000008001f34                SHIFT_TO_LSB
 .text.SHIFT_TO_MSB
                0x0000000008001f4e       0x1e ./Core/Src/Serial.o
                0x0000000008001f4e                SHIFT_TO_MSB
 .text.Servo_gripperChess
                0x0000000008001f6c       0x70 ./Core/Src/Serial.o
                0x0000000008001f6c                Servo_gripperChess
 .text.Servo_tragetPos
                0x0000000008001fdc       0x70 ./Core/Src/Serial.o
                0x0000000008001fdc                Servo_tragetPos
 .text.Servo_StartStop
                0x000000000800204c       0x64 ./Core/Src/Serial.o
                0x000000000800204c                Servo_StartStop
 .text.Feedback_Complete
                0x00000000080020b0       0x70 ./Core/Src/Serial.o
                0x00000000080020b0                Feedback_Complete
 .text.Feedback_XYZ
                0x0000000008002120       0xe8 ./Core/Src/Serial.o
                0x0000000008002120                Feedback_XYZ
 .text.iWrite   0x0000000008002208       0x9e ./Core/Src/Serial.o
                0x0000000008002208                iWrite
 .text.sendIPacket
                0x00000000080022a6       0x28 ./Core/Src/Serial.o
                0x00000000080022a6                sendIPacket
 *fill*         0x00000000080022ce        0x2 
 .text.data_in  0x00000000080022d0       0x30 ./Core/Src/Serial.o
                0x00000000080022d0                data_in
 .text.selectPacket
                0x0000000008002300      0x4f8 ./Core/Src/Serial.o
                0x0000000008002300                selectPacket
 .text.updateJoint
                0x00000000080027f8      0x204 ./Core/Src/TASKSPACE.o
                0x00000000080027f8                updateJoint
 *fill*         0x00000000080029fc        0x4 
 .text.trajectory
                0x0000000008002a00      0x2e4 ./Core/Src/TRAJECTORY.o
                0x0000000008002a00                trajectory
 .text.run_trajectory
                0x0000000008002ce4      0x270 ./Core/Src/TRAJECTORY.o
                0x0000000008002ce4                run_trajectory
 .text.reset_trajectory
                0x0000000008002f54       0x44 ./Core/Src/TRAJECTORY.o
                0x0000000008002f54                reset_trajectory
 .text.get_pos  0x0000000008002f98       0x34 ./Core/Src/TRAJECTORY.o
                0x0000000008002f98                get_pos
 .text.get_check_trajectory
                0x0000000008002fcc       0x2c ./Core/Src/TRAJECTORY.o
                0x0000000008002fcc                get_check_trajectory
 .text.cartesianJog
                0x0000000008002ff8      0x254 ./Core/Src/cartesianJog.o
                0x0000000008002ff8                cartesianJog
 .text.get_cartesian_q1
                0x000000000800324c       0x28 ./Core/Src/cartesianJog.o
                0x000000000800324c                get_cartesian_q1
 .text.get_cartesian_q2
                0x0000000008003274       0x28 ./Core/Src/cartesianJog.o
                0x0000000008003274                get_cartesian_q2
 .text.get_cartesian_q3
                0x000000000800329c       0x28 ./Core/Src/cartesianJog.o
                0x000000000800329c                get_cartesian_q3
 .text.get_cartesian_q4
                0x00000000080032c4       0x28 ./Core/Src/cartesianJog.o
                0x00000000080032c4                get_cartesian_q4
 *fill*         0x00000000080032ec        0x4 
 .text.forwardKinematic
                0x00000000080032f0      0x164 ./Core/Src/forwardKinematic.o
                0x00000000080032f0                forwardKinematic
 *fill*         0x0000000008003454        0x4 
 .text.update_FK_real
                0x0000000008003458       0x88 ./Core/Src/forwardKinematic.o
                0x0000000008003458                update_FK_real
 .text.update_FK_Target
                0x00000000080034e0       0x88 ./Core/Src/forwardKinematic.o
                0x00000000080034e0                update_FK_Target
 .text.get_fk_roll
                0x0000000008003568       0x30 ./Core/Src/forwardKinematic.o
                0x0000000008003568                get_fk_roll
 .text.get_fk_X
                0x0000000008003598       0x30 ./Core/Src/forwardKinematic.o
                0x0000000008003598                get_fk_X
 .text.get_fk_Y
                0x00000000080035c8       0x30 ./Core/Src/forwardKinematic.o
                0x00000000080035c8                get_fk_Y
 .text.get_fk_Z
                0x00000000080035f8       0x30 ./Core/Src/forwardKinematic.o
                0x00000000080035f8                get_fk_Z
 .text.main     0x0000000008003628      0x30c ./Core/Src/main.o
                0x0000000008003628                main
 .text.SystemClock_Config
                0x0000000008003934      0x10c ./Core/Src/main.o
                0x0000000008003934                SystemClock_Config
 .text.MX_ADC3_Init
                0x0000000008003a40       0xcc ./Core/Src/main.o
 .text.MX_ETH_Init
                0x0000000008003b0c       0x98 ./Core/Src/main.o
 .text.MX_SPI3_Init
                0x0000000008003ba4       0xac ./Core/Src/main.o
 .text.MX_TIM1_Init
                0x0000000008003c50       0xb4 ./Core/Src/main.o
 .text.MX_TIM2_Init
                0x0000000008003d04       0xa8 ./Core/Src/main.o
 .text.MX_TIM3_Init
                0x0000000008003dac       0xac ./Core/Src/main.o
 .text.MX_TIM4_Init
                0x0000000008003e58       0xac ./Core/Src/main.o
 .text.MX_TIM5_Init
                0x0000000008003f04       0x9c ./Core/Src/main.o
 .text.MX_TIM12_Init
                0x0000000008003fa0       0xc8 ./Core/Src/main.o
 .text.MX_TIM13_Init
                0x0000000008004068       0x9c ./Core/Src/main.o
 .text.MX_TIM16_Init
                0x0000000008004104       0xf4 ./Core/Src/main.o
 .text.MX_TIM17_Init
                0x00000000080041f8       0xf4 ./Core/Src/main.o
 .text.MX_UART5_Init
                0x00000000080042ec       0x9c ./Core/Src/main.o
 .text.MX_UART7_Init
                0x0000000008004388       0x9c ./Core/Src/main.o
 .text.MX_USB_OTG_FS_PCD_Init
                0x0000000008004424       0x64 ./Core/Src/main.o
 .text.MX_BDMA_Init
                0x0000000008004488       0x40 ./Core/Src/main.o
 .text.MX_DMA_Init
                0x00000000080044c8       0x50 ./Core/Src/main.o
 .text.MX_GPIO_Init
                0x0000000008004518      0x2e0 ./Core/Src/main.o
 .text.HAL_UART_RxCpltCallback
                0x00000000080047f8       0x34 ./Core/Src/main.o
                0x00000000080047f8                HAL_UART_RxCpltCallback
 .text.HAL_TIM_PeriodElapsedCallback
                0x000000000800482c       0x2c ./Core/Src/main.o
                0x000000000800482c                HAL_TIM_PeriodElapsedCallback
 .text.HAL_GPIO_EXTI_Callback
                0x0000000008004858       0x3c ./Core/Src/main.o
                0x0000000008004858                HAL_GPIO_EXTI_Callback
 .text.Error_Handler
                0x0000000008004894        0xa ./Core/Src/main.o
                0x0000000008004894                Error_Handler
 *fill*         0x000000000800489e        0x2 
 .text.HAL_MspInit
                0x00000000080048a0       0x34 ./Core/Src/stm32h7xx_hal_msp.o
                0x00000000080048a0                HAL_MspInit
 .text.HAL_ADC_MspInit
                0x00000000080048d4      0x180 ./Core/Src/stm32h7xx_hal_msp.o
                0x00000000080048d4                HAL_ADC_MspInit
 .text.HAL_ETH_MspInit
                0x0000000008004a54      0x19c ./Core/Src/stm32h7xx_hal_msp.o
                0x0000000008004a54                HAL_ETH_MspInit
 .text.HAL_SPI_MspInit
                0x0000000008004bf0      0x118 ./Core/Src/stm32h7xx_hal_msp.o
                0x0000000008004bf0                HAL_SPI_MspInit
 .text.HAL_TIM_Encoder_MspInit
                0x0000000008004d08      0x220 ./Core/Src/stm32h7xx_hal_msp.o
                0x0000000008004d08                HAL_TIM_Encoder_MspInit
 .text.HAL_TIM_Base_MspInit
                0x0000000008004f28      0x148 ./Core/Src/stm32h7xx_hal_msp.o
                0x0000000008004f28                HAL_TIM_Base_MspInit
 .text.HAL_TIM_MspPostInit
                0x0000000008005070      0x168 ./Core/Src/stm32h7xx_hal_msp.o
                0x0000000008005070                HAL_TIM_MspPostInit
 .text.HAL_UART_MspInit
                0x00000000080051d8      0x24c ./Core/Src/stm32h7xx_hal_msp.o
                0x00000000080051d8                HAL_UART_MspInit
 .text.HAL_PCD_MspInit
                0x0000000008005424       0xf4 ./Core/Src/stm32h7xx_hal_msp.o
                0x0000000008005424                HAL_PCD_MspInit
 .text.NMI_Handler
                0x0000000008005518        0x6 ./Core/Src/stm32h7xx_it.o
                0x0000000008005518                NMI_Handler
 .text.HardFault_Handler
                0x000000000800551e        0x6 ./Core/Src/stm32h7xx_it.o
                0x000000000800551e                HardFault_Handler
 .text.MemManage_Handler
                0x0000000008005524        0x6 ./Core/Src/stm32h7xx_it.o
                0x0000000008005524                MemManage_Handler
 .text.BusFault_Handler
                0x000000000800552a        0x6 ./Core/Src/stm32h7xx_it.o
                0x000000000800552a                BusFault_Handler
 .text.UsageFault_Handler
                0x0000000008005530        0x6 ./Core/Src/stm32h7xx_it.o
                0x0000000008005530                UsageFault_Handler
 .text.SVC_Handler
                0x0000000008005536        0xe ./Core/Src/stm32h7xx_it.o
                0x0000000008005536                SVC_Handler
 .text.DebugMon_Handler
                0x0000000008005544        0xe ./Core/Src/stm32h7xx_it.o
                0x0000000008005544                DebugMon_Handler
 .text.PendSV_Handler
                0x0000000008005552        0xe ./Core/Src/stm32h7xx_it.o
                0x0000000008005552                PendSV_Handler
 .text.SysTick_Handler
                0x0000000008005560        0xc ./Core/Src/stm32h7xx_it.o
                0x0000000008005560                SysTick_Handler
 .text.EXTI4_IRQHandler
                0x000000000800556c        0xe ./Core/Src/stm32h7xx_it.o
                0x000000000800556c                EXTI4_IRQHandler
 *fill*         0x000000000800557a        0x2 
 .text.DMA1_Stream0_IRQHandler
                0x000000000800557c       0x14 ./Core/Src/stm32h7xx_it.o
                0x000000000800557c                DMA1_Stream0_IRQHandler
 .text.DMA1_Stream1_IRQHandler
                0x0000000008005590       0x14 ./Core/Src/stm32h7xx_it.o
                0x0000000008005590                DMA1_Stream1_IRQHandler
 .text.EXTI9_5_IRQHandler
                0x00000000080055a4       0x1a ./Core/Src/stm32h7xx_it.o
                0x00000000080055a4                EXTI9_5_IRQHandler
 *fill*         0x00000000080055be        0x2 
 .text.TIM8_BRK_TIM12_IRQHandler
                0x00000000080055c0       0x14 ./Core/Src/stm32h7xx_it.o
                0x00000000080055c0                TIM8_BRK_TIM12_IRQHandler
 .text.TIM8_UP_TIM13_IRQHandler
                0x00000000080055d4       0x14 ./Core/Src/stm32h7xx_it.o
                0x00000000080055d4                TIM8_UP_TIM13_IRQHandler
 .text.TIM5_IRQHandler
                0x00000000080055e8       0x14 ./Core/Src/stm32h7xx_it.o
                0x00000000080055e8                TIM5_IRQHandler
 .text.UART5_IRQHandler
                0x00000000080055fc       0x14 ./Core/Src/stm32h7xx_it.o
                0x00000000080055fc                UART5_IRQHandler
 .text.UART7_IRQHandler
                0x0000000008005610       0x14 ./Core/Src/stm32h7xx_it.o
                0x0000000008005610                UART7_IRQHandler
 .text.TIM16_IRQHandler
                0x0000000008005624       0x14 ./Core/Src/stm32h7xx_it.o
                0x0000000008005624                TIM16_IRQHandler
 .text.TIM17_IRQHandler
                0x0000000008005638       0x14 ./Core/Src/stm32h7xx_it.o
                0x0000000008005638                TIM17_IRQHandler
 .text.BDMA_Channel0_IRQHandler
                0x000000000800564c       0x14 ./Core/Src/stm32h7xx_it.o
                0x000000000800564c                BDMA_Channel0_IRQHandler
 .text.SystemInit
                0x0000000008005660      0x110 ./Core/Src/system_stm32h7xx.o
                0x0000000008005660                SystemInit
 .text.Reset_Handler
                0x0000000008005770       0x50 ./Core/Startup/startup_stm32h743zitx.o
                0x0000000008005770                Reset_Handler
 .text.Default_Handler
                0x00000000080057c0        0x2 ./Core/Startup/startup_stm32h743zitx.o
                0x00000000080057c0                RTC_Alarm_IRQHandler
                0x00000000080057c0                EXTI2_IRQHandler
                0x00000000080057c0                TIM8_CC_IRQHandler
                0x00000000080057c0                HRTIM1_Master_IRQHandler
                0x00000000080057c0                UART8_IRQHandler
                0x00000000080057c0                SPI4_IRQHandler
                0x00000000080057c0                TIM1_CC_IRQHandler
                0x00000000080057c0                BDMA_Channel6_IRQHandler
                0x00000000080057c0                DMA2_Stream5_IRQHandler
                0x00000000080057c0                HRTIM1_FLT_IRQHandler
                0x00000000080057c0                JPEG_IRQHandler
                0x00000000080057c0                DMA1_Stream5_IRQHandler
                0x00000000080057c0                BDMA_Channel1_IRQHandler
                0x00000000080057c0                HRTIM1_TIMD_IRQHandler
                0x00000000080057c0                TAMP_STAMP_IRQHandler
                0x00000000080057c0                EXTI3_IRQHandler
                0x00000000080057c0                LPTIM4_IRQHandler
                0x00000000080057c0                TIM8_TRG_COM_TIM14_IRQHandler
                0x00000000080057c0                LPTIM2_IRQHandler
                0x00000000080057c0                DFSDM1_FLT1_IRQHandler
                0x00000000080057c0                DMAMUX2_OVR_IRQHandler
                0x00000000080057c0                I2C3_ER_IRQHandler
                0x00000000080057c0                DFSDM1_FLT2_IRQHandler
                0x00000000080057c0                MDMA_IRQHandler
                0x00000000080057c0                LPTIM3_IRQHandler
                0x00000000080057c0                HSEM1_IRQHandler
                0x00000000080057c0                EXTI0_IRQHandler
                0x00000000080057c0                I2C2_EV_IRQHandler
                0x00000000080057c0                DMA1_Stream2_IRQHandler
                0x00000000080057c0                FPU_IRQHandler
                0x00000000080057c0                OTG_HS_WKUP_IRQHandler
                0x00000000080057c0                FDCAN1_IT1_IRQHandler
                0x00000000080057c0                LTDC_ER_IRQHandler
                0x00000000080057c0                DMA2_Stream2_IRQHandler
                0x00000000080057c0                HRTIM1_TIME_IRQHandler
                0x00000000080057c0                SPI1_IRQHandler
                0x00000000080057c0                TIM6_DAC_IRQHandler
                0x00000000080057c0                DCMI_IRQHandler
                0x00000000080057c0                HRTIM1_TIMC_IRQHandler
                0x00000000080057c0                DMA2_Stream3_IRQHandler
                0x00000000080057c0                SAI2_IRQHandler
                0x00000000080057c0                DFSDM1_FLT3_IRQHandler
                0x00000000080057c0                USART6_IRQHandler
                0x00000000080057c0                USART3_IRQHandler
                0x00000000080057c0                BDMA_Channel7_IRQHandler
                0x00000000080057c0                LPTIM5_IRQHandler
                0x00000000080057c0                ADC3_IRQHandler
                0x00000000080057c0                DMA2_Stream0_IRQHandler
                0x00000000080057c0                TIM4_IRQHandler
                0x00000000080057c0                BDMA_Channel2_IRQHandler
                0x00000000080057c0                QUADSPI_IRQHandler
                0x00000000080057c0                I2C1_EV_IRQHandler
                0x00000000080057c0                DMA1_Stream6_IRQHandler
                0x00000000080057c0                DMAMUX1_OVR_IRQHandler
                0x00000000080057c0                UART4_IRQHandler
                0x00000000080057c0                BDMA_Channel5_IRQHandler
                0x00000000080057c0                TIM3_IRQHandler
                0x00000000080057c0                RCC_IRQHandler
                0x00000000080057c0                TIM1_TRG_COM_IRQHandler
                0x00000000080057c0                Default_Handler
                0x00000000080057c0                ECC_IRQHandler
                0x00000000080057c0                CEC_IRQHandler
                0x00000000080057c0                EXTI15_10_IRQHandler
                0x00000000080057c0                ADC_IRQHandler
                0x00000000080057c0                DMA1_Stream7_IRQHandler
                0x00000000080057c0                HRTIM1_TIMA_IRQHandler
                0x00000000080057c0                SPI5_IRQHandler
                0x00000000080057c0                TIM7_IRQHandler
                0x00000000080057c0                SDMMC1_IRQHandler
                0x00000000080057c0                DMA2_Stream7_IRQHandler
                0x00000000080057c0                TIM15_IRQHandler
                0x00000000080057c0                PVD_AVD_IRQHandler
                0x00000000080057c0                I2C3_EV_IRQHandler
                0x00000000080057c0                RTC_WKUP_IRQHandler
                0x00000000080057c0                LTDC_IRQHandler
                0x00000000080057c0                SAI3_IRQHandler
                0x00000000080057c0                ETH_WKUP_IRQHandler
                0x00000000080057c0                SPDIF_RX_IRQHandler
                0x00000000080057c0                SPI2_IRQHandler
                0x00000000080057c0                OTG_HS_EP1_IN_IRQHandler
                0x00000000080057c0                CRS_IRQHandler
                0x00000000080057c0                RNG_IRQHandler
                0x00000000080057c0                HRTIM1_TIMB_IRQHandler
                0x00000000080057c0                FDCAN2_IT1_IRQHandler
                0x00000000080057c0                ETH_IRQHandler
                0x00000000080057c0                TIM1_UP_IRQHandler
                0x00000000080057c0                BDMA_Channel4_IRQHandler
                0x00000000080057c0                OTG_HS_EP1_OUT_IRQHandler
                0x00000000080057c0                WWDG_IRQHandler
                0x00000000080057c0                SPI6_IRQHandler
                0x00000000080057c0                MDIOS_IRQHandler
                0x00000000080057c0                I2C4_EV_IRQHandler
                0x00000000080057c0                FDCAN2_IT0_IRQHandler
                0x00000000080057c0                LPUART1_IRQHandler
                0x00000000080057c0                FDCAN1_IT0_IRQHandler
                0x00000000080057c0                TIM2_IRQHandler
                0x00000000080057c0                OTG_FS_WKUP_IRQHandler
                0x00000000080057c0                OTG_HS_IRQHandler
                0x00000000080057c0                DMA2D_IRQHandler
                0x00000000080057c0                TIM1_BRK_IRQHandler
                0x00000000080057c0                EXTI1_IRQHandler
                0x00000000080057c0                SDMMC2_IRQHandler
                0x00000000080057c0                OTG_FS_EP1_OUT_IRQHandler
                0x00000000080057c0                BDMA_Channel3_IRQHandler
                0x00000000080057c0                MDIOS_WKUP_IRQHandler
                0x00000000080057c0                USART2_IRQHandler
                0x00000000080057c0                DFSDM1_FLT0_IRQHandler
                0x00000000080057c0                SAI4_IRQHandler
                0x00000000080057c0                I2C2_ER_IRQHandler
                0x00000000080057c0                DMA2_Stream1_IRQHandler
                0x00000000080057c0                FLASH_IRQHandler
                0x00000000080057c0                DMA2_Stream4_IRQHandler
                0x00000000080057c0                USART1_IRQHandler
                0x00000000080057c0                OTG_FS_IRQHandler
                0x00000000080057c0                SPI3_IRQHandler
                0x00000000080057c0                WAKEUP_PIN_IRQHandler
                0x00000000080057c0                DMA1_Stream4_IRQHandler
                0x00000000080057c0                OTG_FS_EP1_IN_IRQHandler
                0x00000000080057c0                I2C1_ER_IRQHandler
                0x00000000080057c0                FMC_IRQHandler
                0x00000000080057c0                FDCAN_CAL_IRQHandler
                0x00000000080057c0                SWPMI1_IRQHandler
                0x00000000080057c0                COMP1_IRQHandler
                0x00000000080057c0                LPTIM1_IRQHandler
                0x00000000080057c0                I2C4_ER_IRQHandler
                0x00000000080057c0                DMA2_Stream6_IRQHandler
                0x00000000080057c0                SAI1_IRQHandler
                0x00000000080057c0                DMA1_Stream3_IRQHandler
 *fill*         0x00000000080057c2        0x2 
 .text.HAL_Init
                0x00000000080057c4       0x78 ./Drivers/STM32H7xx_HAL_Driver/Src/stm32h7xx_hal.o
                0x00000000080057c4                HAL_Init
 .text.HAL_InitTick
                0x000000000800583c       0x6c ./Drivers/STM32H7xx_HAL_Driver/Src/stm32h7xx_hal.o
                0x000000000800583c                HAL_InitTick
 .text.HAL_IncTick
                0x00000000080058a8       0x28 ./Drivers/STM32H7xx_HAL_Driver/Src/stm32h7xx_hal.o
                0x00000000080058a8                HAL_IncTick
 .text.HAL_GetTick
                0x00000000080058d0       0x18 ./Drivers/STM32H7xx_HAL_Driver/Src/stm32h7xx_hal.o
                0x00000000080058d0                HAL_GetTick
 .text.HAL_Delay
                0x00000000080058e8       0x48 ./Drivers/STM32H7xx_HAL_Driver/Src/stm32h7xx_hal.o
                0x00000000080058e8                HAL_Delay
 .text.HAL_GetREVID
                0x0000000008005930       0x18 ./Drivers/STM32H7xx_HAL_Driver/Src/stm32h7xx_hal.o
                0x0000000008005930                HAL_GetREVID
 .text.HAL_SYSCFG_ETHInterfaceSelect
                0x0000000008005948       0x28 ./Drivers/STM32H7xx_HAL_Driver/Src/stm32h7xx_hal.o
                0x0000000008005948                HAL_SYSCFG_ETHInterfaceSelect
 .text.HAL_SYSCFG_AnalogSwitchConfig
                0x0000000008005970       0x2c ./Drivers/STM32H7xx_HAL_Driver/Src/stm32h7xx_hal.o
                0x0000000008005970                HAL_SYSCFG_AnalogSwitchConfig
 .text.LL_ADC_SetCommonClock
                0x000000000800599c       0x26 ./Drivers/STM32H7xx_HAL_Driver/Src/stm32h7xx_hal_adc.o
 .text.LL_ADC_SetCommonPathInternalCh
                0x00000000080059c2       0x26 ./Drivers/STM32H7xx_HAL_Driver/Src/stm32h7xx_hal_adc.o
 .text.LL_ADC_GetCommonPathInternalCh
                0x00000000080059e8       0x1c ./Drivers/STM32H7xx_HAL_Driver/Src/stm32h7xx_hal_adc.o
 .text.LL_ADC_SetOffset
                0x0000000008005a04       0x40 ./Drivers/STM32H7xx_HAL_Driver/Src/stm32h7xx_hal_adc.o
 .text.LL_ADC_SetDataRightShift
                0x0000000008005a44       0x32 ./Drivers/STM32H7xx_HAL_Driver/Src/stm32h7xx_hal_adc.o
 .text.LL_ADC_SetOffsetSignedSaturation
                0x0000000008005a76       0x36 ./Drivers/STM32H7xx_HAL_Driver/Src/stm32h7xx_hal_adc.o
 .text.LL_ADC_REG_SetSequencerRanks
                0x0000000008005aac       0x58 ./Drivers/STM32H7xx_HAL_Driver/Src/stm32h7xx_hal_adc.o
 .text.LL_ADC_SetChannelSamplingTime
                0x0000000008005b04       0x56 ./Drivers/STM32H7xx_HAL_Driver/Src/stm32h7xx_hal_adc.o
 *fill*         0x0000000008005b5a        0x2 
 .text.LL_ADC_SetChannelSingleDiff
                0x0000000008005b5c       0x48 ./Drivers/STM32H7xx_HAL_Driver/Src/stm32h7xx_hal_adc.o
 .text.LL_ADC_DisableDeepPowerDown
                0x0000000008005ba4       0x24 ./Drivers/STM32H7xx_HAL_Driver/Src/stm32h7xx_hal_adc.o
 .text.LL_ADC_IsDeepPowerDownEnabled
                0x0000000008005bc8       0x28 ./Drivers/STM32H7xx_HAL_Driver/Src/stm32h7xx_hal_adc.o
 .text.LL_ADC_EnableInternalRegulator
                0x0000000008005bf0       0x28 ./Drivers/STM32H7xx_HAL_Driver/Src/stm32h7xx_hal_adc.o
 .text.LL_ADC_IsInternalRegulatorEnabled
                0x0000000008005c18       0x28 ./Drivers/STM32H7xx_HAL_Driver/Src/stm32h7xx_hal_adc.o
 .text.LL_ADC_IsEnabled
                0x0000000008005c40       0x26 ./Drivers/STM32H7xx_HAL_Driver/Src/stm32h7xx_hal_adc.o
 .text.LL_ADC_REG_IsConversionOngoing
                0x0000000008005c66       0x26 ./Drivers/STM32H7xx_HAL_Driver/Src/stm32h7xx_hal_adc.o
 .text.LL_ADC_INJ_IsConversionOngoing
                0x0000000008005c8c       0x26 ./Drivers/STM32H7xx_HAL_Driver/Src/stm32h7xx_hal_adc.o
 *fill*         0x0000000008005cb2        0x2 
 .text.HAL_ADC_Init
                0x0000000008005cb4      0x340 ./Drivers/STM32H7xx_HAL_Driver/Src/stm32h7xx_hal_adc.o
                0x0000000008005cb4                HAL_ADC_Init
 .text.HAL_ADC_ConfigChannel
                0x0000000008005ff4      0x6a0 ./Drivers/STM32H7xx_HAL_Driver/Src/stm32h7xx_hal_adc.o
                0x0000000008005ff4                HAL_ADC_ConfigChannel
 .text.ADC_ConfigureBoostMode
                0x0000000008006694      0x214 ./Drivers/STM32H7xx_HAL_Driver/Src/stm32h7xx_hal_adc.o
                0x0000000008006694                ADC_ConfigureBoostMode
 .text.__NVIC_SetPriorityGrouping
                0x00000000080068a8       0x48 ./Drivers/STM32H7xx_HAL_Driver/Src/stm32h7xx_hal_cortex.o
 .text.__NVIC_GetPriorityGrouping
                0x00000000080068f0       0x1c ./Drivers/STM32H7xx_HAL_Driver/Src/stm32h7xx_hal_cortex.o
 .text.__NVIC_EnableIRQ
                0x000000000800690c       0x3c ./Drivers/STM32H7xx_HAL_Driver/Src/stm32h7xx_hal_cortex.o
 .text.__NVIC_SetPriority
                0x0000000008006948       0x54 ./Drivers/STM32H7xx_HAL_Driver/Src/stm32h7xx_hal_cortex.o
 .text.NVIC_EncodePriority
                0x000000000800699c       0x66 ./Drivers/STM32H7xx_HAL_Driver/Src/stm32h7xx_hal_cortex.o
 *fill*         0x0000000008006a02        0x2 
 .text.SysTick_Config
                0x0000000008006a04       0x44 ./Drivers/STM32H7xx_HAL_Driver/Src/stm32h7xx_hal_cortex.o
 .text.HAL_NVIC_SetPriorityGrouping
                0x0000000008006a48       0x16 ./Drivers/STM32H7xx_HAL_Driver/Src/stm32h7xx_hal_cortex.o
                0x0000000008006a48                HAL_NVIC_SetPriorityGrouping
 .text.HAL_NVIC_SetPriority
                0x0000000008006a5e       0x34 ./Drivers/STM32H7xx_HAL_Driver/Src/stm32h7xx_hal_cortex.o
                0x0000000008006a5e                HAL_NVIC_SetPriority
 .text.HAL_NVIC_EnableIRQ
                0x0000000008006a92       0x1c ./Drivers/STM32H7xx_HAL_Driver/Src/stm32h7xx_hal_cortex.o
                0x0000000008006a92                HAL_NVIC_EnableIRQ
 .text.HAL_SYSTICK_Config
                0x0000000008006aae       0x18 ./Drivers/STM32H7xx_HAL_Driver/Src/stm32h7xx_hal_cortex.o
                0x0000000008006aae                HAL_SYSTICK_Config
 *fill*         0x0000000008006ac6        0x2 
 .text.HAL_DMA_Init
                0x0000000008006ac8      0x6b8 ./Drivers/STM32H7xx_HAL_Driver/Src/stm32h7xx_hal_dma.o
                0x0000000008006ac8                HAL_DMA_Init
 .text.HAL_DMA_Start_IT
                0x0000000008007180      0x4d4 ./Drivers/STM32H7xx_HAL_Driver/Src/stm32h7xx_hal_dma.o
                0x0000000008007180                HAL_DMA_Start_IT
 .text.HAL_DMA_Abort
                0x0000000008007654      0x63c ./Drivers/STM32H7xx_HAL_Driver/Src/stm32h7xx_hal_dma.o
                0x0000000008007654                HAL_DMA_Abort
 .text.HAL_DMA_Abort_IT
                0x0000000008007c90      0x488 ./Drivers/STM32H7xx_HAL_Driver/Src/stm32h7xx_hal_dma.o
                0x0000000008007c90                HAL_DMA_Abort_IT
 .text.HAL_DMA_IRQHandler
                0x0000000008008118      0xe54 ./Drivers/STM32H7xx_HAL_Driver/Src/stm32h7xx_hal_dma.o
                0x0000000008008118                HAL_DMA_IRQHandler
 .text.DMA_SetConfig
                0x0000000008008f6c      0x358 ./Drivers/STM32H7xx_HAL_Driver/Src/stm32h7xx_hal_dma.o
 .text.DMA_CalcBaseAndBitshift
                0x00000000080092c4      0x164 ./Drivers/STM32H7xx_HAL_Driver/Src/stm32h7xx_hal_dma.o
 .text.DMA_CheckFifoParam
                0x0000000008009428       0xf8 ./Drivers/STM32H7xx_HAL_Driver/Src/stm32h7xx_hal_dma.o
 .text.DMA_CalcDMAMUXChannelBaseAndMask
                0x0000000008009520      0x134 ./Drivers/STM32H7xx_HAL_Driver/Src/stm32h7xx_hal_dma.o
 .text.DMA_CalcDMAMUXRequestGenBaseAndMask
                0x0000000008009654       0xe8 ./Drivers/STM32H7xx_HAL_Driver/Src/stm32h7xx_hal_dma.o
 .text.HAL_ETH_Init
                0x000000000800973c      0x1b4 ./Drivers/STM32H7xx_HAL_Driver/Src/stm32h7xx_hal_eth.o
                0x000000000800973c                HAL_ETH_Init
 .text.ETH_SetMACConfig
                0x00000000080098f0      0x238 ./Drivers/STM32H7xx_HAL_Driver/Src/stm32h7xx_hal_eth.o
 .text.ETH_SetDMAConfig
                0x0000000008009b28      0x10c ./Drivers/STM32H7xx_HAL_Driver/Src/stm32h7xx_hal_eth.o
 .text.ETH_MACDMAConfig
                0x0000000008009c34      0x13a ./Drivers/STM32H7xx_HAL_Driver/Src/stm32h7xx_hal_eth.o
 *fill*         0x0000000008009d6e        0x2 
 .text.ETH_MAC_MDIO_ClkConfig
                0x0000000008009d70       0xb0 ./Drivers/STM32H7xx_HAL_Driver/Src/stm32h7xx_hal_eth.o
 .text.ETH_DMATxDescListInit
                0x0000000008009e20       0x8e ./Drivers/STM32H7xx_HAL_Driver/Src/stm32h7xx_hal_eth.o
 .text.ETH_DMARxDescListInit
                0x0000000008009eae       0xba ./Drivers/STM32H7xx_HAL_Driver/Src/stm32h7xx_hal_eth.o
 .text.HAL_GPIO_Init
                0x0000000008009f68      0x360 ./Drivers/STM32H7xx_HAL_Driver/Src/stm32h7xx_hal_gpio.o
                0x0000000008009f68                HAL_GPIO_Init
 .text.HAL_GPIO_WritePin
                0x000000000800a2c8       0x32 ./Drivers/STM32H7xx_HAL_Driver/Src/stm32h7xx_hal_gpio.o
                0x000000000800a2c8                HAL_GPIO_WritePin
 .text.HAL_GPIO_EXTI_IRQHandler
                0x000000000800a2fa       0x34 ./Drivers/STM32H7xx_HAL_Driver/Src/stm32h7xx_hal_gpio.o
                0x000000000800a2fa                HAL_GPIO_EXTI_IRQHandler
 .text.HAL_PCD_Init
                0x000000000800a32e      0x248 ./Drivers/STM32H7xx_HAL_Driver/Src/stm32h7xx_hal_pcd.o
                0x000000000800a32e                HAL_PCD_Init
 *fill*         0x000000000800a576        0x2 
 .text.HAL_PCDEx_ActivateLPM
                0x000000000800a578       0x48 ./Drivers/STM32H7xx_HAL_Driver/Src/stm32h7xx_hal_pcd_ex.o
                0x000000000800a578                HAL_PCDEx_ActivateLPM
 .text.HAL_PWREx_ConfigSupply
                0x000000000800a5c0       0x74 ./Drivers/STM32H7xx_HAL_Driver/Src/stm32h7xx_hal_pwr_ex.o
                0x000000000800a5c0                HAL_PWREx_ConfigSupply
 .text.HAL_PWREx_EnableUSBVoltageDetector
                0x000000000800a634       0x20 ./Drivers/STM32H7xx_HAL_Driver/Src/stm32h7xx_hal_pwr_ex.o
                0x000000000800a634                HAL_PWREx_EnableUSBVoltageDetector
 .text.HAL_RCC_OscConfig
                0x000000000800a654      0x858 ./Drivers/STM32H7xx_HAL_Driver/Src/stm32h7xx_hal_rcc.o
                0x000000000800a654                HAL_RCC_OscConfig
 .text.HAL_RCC_ClockConfig
                0x000000000800aeac      0x36c ./Drivers/STM32H7xx_HAL_Driver/Src/stm32h7xx_hal_rcc.o
                0x000000000800aeac                HAL_RCC_ClockConfig
 .text.HAL_RCC_GetSysClockFreq
                0x000000000800b218      0x2f4 ./Drivers/STM32H7xx_HAL_Driver/Src/stm32h7xx_hal_rcc.o
                0x000000000800b218                HAL_RCC_GetSysClockFreq
 .text.HAL_RCC_GetHCLKFreq
                0x000000000800b50c       0x60 ./Drivers/STM32H7xx_HAL_Driver/Src/stm32h7xx_hal_rcc.o
                0x000000000800b50c                HAL_RCC_GetHCLKFreq
 .text.HAL_RCC_GetPCLK1Freq
                0x000000000800b56c       0x2c ./Drivers/STM32H7xx_HAL_Driver/Src/stm32h7xx_hal_rcc.o
                0x000000000800b56c                HAL_RCC_GetPCLK1Freq
 .text.HAL_RCC_GetPCLK2Freq
                0x000000000800b598       0x2c ./Drivers/STM32H7xx_HAL_Driver/Src/stm32h7xx_hal_rcc.o
                0x000000000800b598                HAL_RCC_GetPCLK2Freq
 .text.HAL_RCCEx_PeriphCLKConfig
                0x000000000800b5c4      0xe80 ./Drivers/STM32H7xx_HAL_Driver/Src/stm32h7xx_hal_rcc_ex.o
                0x000000000800b5c4                HAL_RCCEx_PeriphCLKConfig
 .text.HAL_RCCEx_GetPeriphCLKFreq
                0x000000000800c444      0x9a4 ./Drivers/STM32H7xx_HAL_Driver/Src/stm32h7xx_hal_rcc_ex.o
                0x000000000800c444                HAL_RCCEx_GetPeriphCLKFreq
 .text.HAL_RCCEx_GetD3PCLK1Freq
                0x000000000800cde8       0x2c ./Drivers/STM32H7xx_HAL_Driver/Src/stm32h7xx_hal_rcc_ex.o
                0x000000000800cde8                HAL_RCCEx_GetD3PCLK1Freq
 .text.HAL_RCCEx_GetPLL2ClockFreq
                0x000000000800ce14      0x2a8 ./Drivers/STM32H7xx_HAL_Driver/Src/stm32h7xx_hal_rcc_ex.o
                0x000000000800ce14                HAL_RCCEx_GetPLL2ClockFreq
 .text.HAL_RCCEx_GetPLL3ClockFreq
                0x000000000800d0bc      0x2a8 ./Drivers/STM32H7xx_HAL_Driver/Src/stm32h7xx_hal_rcc_ex.o
                0x000000000800d0bc                HAL_RCCEx_GetPLL3ClockFreq
 .text.HAL_RCCEx_GetPLL1ClockFreq
                0x000000000800d364      0x2a4 ./Drivers/STM32H7xx_HAL_Driver/Src/stm32h7xx_hal_rcc_ex.o
                0x000000000800d364                HAL_RCCEx_GetPLL1ClockFreq
 .text.RCCEx_PLL2_Config
                0x000000000800d608      0x164 ./Drivers/STM32H7xx_HAL_Driver/Src/stm32h7xx_hal_rcc_ex.o
 .text.RCCEx_PLL3_Config
                0x000000000800d76c      0x164 ./Drivers/STM32H7xx_HAL_Driver/Src/stm32h7xx_hal_rcc_ex.o
 .text.HAL_SPI_Init
                0x000000000800d8d0      0x20c ./Drivers/STM32H7xx_HAL_Driver/Src/stm32h7xx_hal_spi.o
                0x000000000800d8d0                HAL_SPI_Init
 .text.SPI_GetPacketSize
                0x000000000800dadc       0x36 ./Drivers/STM32H7xx_HAL_Driver/Src/stm32h7xx_hal_spi.o
 .text.HAL_TIM_Base_Init
                0x000000000800db12       0xae ./Drivers/STM32H7xx_HAL_Driver/Src/stm32h7xx_hal_tim.o
                0x000000000800db12                HAL_TIM_Base_Init
 .text.HAL_TIM_Base_Start_IT
                0x000000000800dbc0       0xf0 ./Drivers/STM32H7xx_HAL_Driver/Src/stm32h7xx_hal_tim.o
                0x000000000800dbc0                HAL_TIM_Base_Start_IT
 .text.HAL_TIM_PWM_Init
                0x000000000800dcb0       0xae ./Drivers/STM32H7xx_HAL_Driver/Src/stm32h7xx_hal_tim.o
                0x000000000800dcb0                HAL_TIM_PWM_Init
 .text.HAL_TIM_PWM_MspInit
                0x000000000800dd5e       0x14 ./Drivers/STM32H7xx_HAL_Driver/Src/stm32h7xx_hal_tim.o
                0x000000000800dd5e                HAL_TIM_PWM_MspInit
 *fill*         0x000000000800dd72        0x2 
 .text.HAL_TIM_PWM_Start
                0x000000000800dd74      0x21c ./Drivers/STM32H7xx_HAL_Driver/Src/stm32h7xx_hal_tim.o
                0x000000000800dd74                HAL_TIM_PWM_Start
 .text.HAL_TIM_PWM_Stop
                0x000000000800df90      0x12c ./Drivers/STM32H7xx_HAL_Driver/Src/stm32h7xx_hal_tim.o
                0x000000000800df90                HAL_TIM_PWM_Stop
 .text.HAL_TIM_Encoder_Init
                0x000000000800e0bc      0x14c ./Drivers/STM32H7xx_HAL_Driver/Src/stm32h7xx_hal_tim.o
                0x000000000800e0bc                HAL_TIM_Encoder_Init
 .text.HAL_TIM_Encoder_Start
                0x000000000800e208      0x11c ./Drivers/STM32H7xx_HAL_Driver/Src/stm32h7xx_hal_tim.o
                0x000000000800e208                HAL_TIM_Encoder_Start
 .text.HAL_TIM_IRQHandler
                0x000000000800e324      0x23e ./Drivers/STM32H7xx_HAL_Driver/Src/stm32h7xx_hal_tim.o
                0x000000000800e324                HAL_TIM_IRQHandler
 *fill*         0x000000000800e562        0x2 
 .text.HAL_TIM_PWM_ConfigChannel
                0x000000000800e564      0x228 ./Drivers/STM32H7xx_HAL_Driver/Src/stm32h7xx_hal_tim.o
                0x000000000800e564                HAL_TIM_PWM_ConfigChannel
 .text.HAL_TIM_ConfigClockSource
                0x000000000800e78c      0x1f0 ./Drivers/STM32H7xx_HAL_Driver/Src/stm32h7xx_hal_tim.o
                0x000000000800e78c                HAL_TIM_ConfigClockSource
 .text.HAL_TIM_OC_DelayElapsedCallback
                0x000000000800e97c       0x14 ./Drivers/STM32H7xx_HAL_Driver/Src/stm32h7xx_hal_tim.o
                0x000000000800e97c                HAL_TIM_OC_DelayElapsedCallback
 .text.HAL_TIM_IC_CaptureCallback
                0x000000000800e990       0x14 ./Drivers/STM32H7xx_HAL_Driver/Src/stm32h7xx_hal_tim.o
                0x000000000800e990                HAL_TIM_IC_CaptureCallback
 .text.HAL_TIM_PWM_PulseFinishedCallback
                0x000000000800e9a4       0x14 ./Drivers/STM32H7xx_HAL_Driver/Src/stm32h7xx_hal_tim.o
                0x000000000800e9a4                HAL_TIM_PWM_PulseFinishedCallback
 .text.HAL_TIM_TriggerCallback
                0x000000000800e9b8       0x14 ./Drivers/STM32H7xx_HAL_Driver/Src/stm32h7xx_hal_tim.o
                0x000000000800e9b8                HAL_TIM_TriggerCallback
 .text.TIM_Base_SetConfig
                0x000000000800e9cc      0x134 ./Drivers/STM32H7xx_HAL_Driver/Src/stm32h7xx_hal_tim.o
                0x000000000800e9cc                TIM_Base_SetConfig
 .text.TIM_OC1_SetConfig
                0x000000000800eb00      0x120 ./Drivers/STM32H7xx_HAL_Driver/Src/stm32h7xx_hal_tim.o
 .text.TIM_OC2_SetConfig
                0x000000000800ec20      0x114 ./Drivers/STM32H7xx_HAL_Driver/Src/stm32h7xx_hal_tim.o
                0x000000000800ec20                TIM_OC2_SetConfig
 .text.TIM_OC3_SetConfig
                0x000000000800ed34      0x110 ./Drivers/STM32H7xx_HAL_Driver/Src/stm32h7xx_hal_tim.o
 .text.TIM_OC4_SetConfig
                0x000000000800ee44       0xd4 ./Drivers/STM32H7xx_HAL_Driver/Src/stm32h7xx_hal_tim.o
 .text.TIM_OC5_SetConfig
                0x000000000800ef18       0xc8 ./Drivers/STM32H7xx_HAL_Driver/Src/stm32h7xx_hal_tim.o
 .text.TIM_OC6_SetConfig
                0x000000000800efe0       0xcc ./Drivers/STM32H7xx_HAL_Driver/Src/stm32h7xx_hal_tim.o
 .text.TIM_TI1_ConfigInputStage
                0x000000000800f0ac       0x5e ./Drivers/STM32H7xx_HAL_Driver/Src/stm32h7xx_hal_tim.o
 .text.TIM_TI2_ConfigInputStage
                0x000000000800f10a       0x60 ./Drivers/STM32H7xx_HAL_Driver/Src/stm32h7xx_hal_tim.o
 *fill*         0x000000000800f16a        0x2 
 .text.TIM_ITRx_SetConfig
                0x000000000800f16c       0x3c ./Drivers/STM32H7xx_HAL_Driver/Src/stm32h7xx_hal_tim.o
 .text.TIM_ETR_SetConfig
                0x000000000800f1a8       0x40 ./Drivers/STM32H7xx_HAL_Driver/Src/stm32h7xx_hal_tim.o
                0x000000000800f1a8                TIM_ETR_SetConfig
 .text.TIM_CCxChannelCmd
                0x000000000800f1e8       0x4a ./Drivers/STM32H7xx_HAL_Driver/Src/stm32h7xx_hal_tim.o
                0x000000000800f1e8                TIM_CCxChannelCmd
 *fill*         0x000000000800f232        0x2 
 .text.HAL_TIMEx_MasterConfigSynchronization
                0x000000000800f234      0x11c ./Drivers/STM32H7xx_HAL_Driver/Src/stm32h7xx_hal_tim_ex.o
                0x000000000800f234                HAL_TIMEx_MasterConfigSynchronization
 .text.HAL_TIMEx_ConfigBreakDeadTime
                0x000000000800f350       0xfc ./Drivers/STM32H7xx_HAL_Driver/Src/stm32h7xx_hal_tim_ex.o
                0x000000000800f350                HAL_TIMEx_ConfigBreakDeadTime
 .text.HAL_TIMEx_CommutCallback
                0x000000000800f44c       0x14 ./Drivers/STM32H7xx_HAL_Driver/Src/stm32h7xx_hal_tim_ex.o
                0x000000000800f44c                HAL_TIMEx_CommutCallback
 .text.HAL_TIMEx_BreakCallback
                0x000000000800f460       0x14 ./Drivers/STM32H7xx_HAL_Driver/Src/stm32h7xx_hal_tim_ex.o
                0x000000000800f460                HAL_TIMEx_BreakCallback
 .text.HAL_TIMEx_Break2Callback
                0x000000000800f474       0x14 ./Drivers/STM32H7xx_HAL_Driver/Src/stm32h7xx_hal_tim_ex.o
                0x000000000800f474                HAL_TIMEx_Break2Callback
 .text.HAL_UART_Init
                0x000000000800f488       0xa0 ./Drivers/STM32H7xx_HAL_Driver/Src/stm32h7xx_hal_uart.o
                0x000000000800f488                HAL_UART_Init
 .text.HAL_UART_Transmit
                0x000000000800f528      0x12c ./Drivers/STM32H7xx_HAL_Driver/Src/stm32h7xx_hal_uart.o
                0x000000000800f528                HAL_UART_Transmit
 .text.HAL_UART_Receive_DMA
                0x000000000800f654       0xac ./Drivers/STM32H7xx_HAL_Driver/Src/stm32h7xx_hal_uart.o
                0x000000000800f654                HAL_UART_Receive_DMA
 .text.HAL_UART_IRQHandler
                0x000000000800f700      0x73c ./Drivers/STM32H7xx_HAL_Driver/Src/stm32h7xx_hal_uart.o
                0x000000000800f700                HAL_UART_IRQHandler
 .text.HAL_UART_TxCpltCallback
                0x000000000800fe3c       0x14 ./Drivers/STM32H7xx_HAL_Driver/Src/stm32h7xx_hal_uart.o
                0x000000000800fe3c                HAL_UART_TxCpltCallback
 .text.HAL_UART_RxHalfCpltCallback
                0x000000000800fe50       0x14 ./Drivers/STM32H7xx_HAL_Driver/Src/stm32h7xx_hal_uart.o
                0x000000000800fe50                HAL_UART_RxHalfCpltCallback
 .text.HAL_UART_ErrorCallback
                0x000000000800fe64       0x14 ./Drivers/STM32H7xx_HAL_Driver/Src/stm32h7xx_hal_uart.o
                0x000000000800fe64                HAL_UART_ErrorCallback
 .text.HAL_UARTEx_RxEventCallback
                0x000000000800fe78       0x18 ./Drivers/STM32H7xx_HAL_Driver/Src/stm32h7xx_hal_uart.o
                0x000000000800fe78                HAL_UARTEx_RxEventCallback
 .text.UART_SetConfig
                0x000000000800fe90      0xac0 ./Drivers/STM32H7xx_HAL_Driver/Src/stm32h7xx_hal_uart.o
                0x000000000800fe90                UART_SetConfig
 .text.UART_AdvFeatureConfig
                0x0000000008010950      0x144 ./Drivers/STM32H7xx_HAL_Driver/Src/stm32h7xx_hal_uart.o
                0x0000000008010950                UART_AdvFeatureConfig
 .text.UART_CheckIdleState
                0x0000000008010a94       0x96 ./Drivers/STM32H7xx_HAL_Driver/Src/stm32h7xx_hal_uart.o
                0x0000000008010a94                UART_CheckIdleState
 .text.UART_WaitOnFlagUntilTimeout
                0x0000000008010b2a      0x190 ./Drivers/STM32H7xx_HAL_Driver/Src/stm32h7xx_hal_uart.o
                0x0000000008010b2a                UART_WaitOnFlagUntilTimeout
 *fill*         0x0000000008010cba        0x2 
 .text.UART_Start_Receive_DMA
                0x0000000008010cbc      0x150 ./Drivers/STM32H7xx_HAL_Driver/Src/stm32h7xx_hal_uart.o
                0x0000000008010cbc                UART_Start_Receive_DMA
 .text.UART_EndTxTransfer
                0x0000000008010e0c       0x82 ./Drivers/STM32H7xx_HAL_Driver/Src/stm32h7xx_hal_uart.o
 *fill*         0x0000000008010e8e        0x2 
 .text.UART_EndRxTransfer
                0x0000000008010e90       0xcc ./Drivers/STM32H7xx_HAL_Driver/Src/stm32h7xx_hal_uart.o
 .text.UART_DMAReceiveCplt
                0x0000000008010f5c      0x122 ./Drivers/STM32H7xx_HAL_Driver/Src/stm32h7xx_hal_uart.o
 .text.UART_DMARxHalfCplt
                0x000000000801107e       0x38 ./Drivers/STM32H7xx_HAL_Driver/Src/stm32h7xx_hal_uart.o
 .text.UART_DMAError
                0x00000000080110b6       0x80 ./Drivers/STM32H7xx_HAL_Driver/Src/stm32h7xx_hal_uart.o
 .text.UART_DMAAbortOnError
                0x0000000008011136       0x2c ./Drivers/STM32H7xx_HAL_Driver/Src/stm32h7xx_hal_uart.o
 .text.UART_EndTransmit_IT
                0x0000000008011162       0x56 ./Drivers/STM32H7xx_HAL_Driver/Src/stm32h7xx_hal_uart.o
 .text.HAL_UARTEx_WakeupCallback
                0x00000000080111b8       0x14 ./Drivers/STM32H7xx_HAL_Driver/Src/stm32h7xx_hal_uart_ex.o
                0x00000000080111b8                HAL_UARTEx_WakeupCallback
 .text.HAL_UARTEx_RxFifoFullCallback
                0x00000000080111cc       0x14 ./Drivers/STM32H7xx_HAL_Driver/Src/stm32h7xx_hal_uart_ex.o
                0x00000000080111cc                HAL_UARTEx_RxFifoFullCallback
 .text.HAL_UARTEx_TxFifoEmptyCallback
                0x00000000080111e0       0x14 ./Drivers/STM32H7xx_HAL_Driver/Src/stm32h7xx_hal_uart_ex.o
                0x00000000080111e0                HAL_UARTEx_TxFifoEmptyCallback
 .text.HAL_UARTEx_DisableFifoMode
                0x00000000080111f4       0x72 ./Drivers/STM32H7xx_HAL_Driver/Src/stm32h7xx_hal_uart_ex.o
                0x00000000080111f4                HAL_UARTEx_DisableFifoMode
 .text.HAL_UARTEx_SetTxFifoThreshold
                0x0000000008011266       0x7c ./Drivers/STM32H7xx_HAL_Driver/Src/stm32h7xx_hal_uart_ex.o
                0x0000000008011266                HAL_UARTEx_SetTxFifoThreshold
 .text.HAL_UARTEx_SetRxFifoThreshold
                0x00000000080112e2       0x7c ./Drivers/STM32H7xx_HAL_Driver/Src/stm32h7xx_hal_uart_ex.o
                0x00000000080112e2                HAL_UARTEx_SetRxFifoThreshold
 *fill*         0x000000000801135e        0x2 
 .text.UARTEx_SetNbDataToProcess
                0x0000000008011360       0x9c ./Drivers/STM32H7xx_HAL_Driver/Src/stm32h7xx_hal_uart_ex.o
 .text.USB_CoreInit
                0x00000000080113fc       0xdc ./Drivers/STM32H7xx_HAL_Driver/Src/stm32h7xx_ll_usb.o
                0x00000000080113fc                USB_CoreInit
 .text.USB_DisableGlobalInt
                0x00000000080114d8       0x22 ./Drivers/STM32H7xx_HAL_Driver/Src/stm32h7xx_ll_usb.o
                0x00000000080114d8                USB_DisableGlobalInt
 .text.USB_SetCurrentMode
                0x00000000080114fa       0x98 ./Drivers/STM32H7xx_HAL_Driver/Src/stm32h7xx_ll_usb.o
                0x00000000080114fa                USB_SetCurrentMode
 *fill*         0x0000000008011592        0x2 
 .text.USB_DevInit
                0x0000000008011594      0x2bc ./Drivers/STM32H7xx_HAL_Driver/Src/stm32h7xx_ll_usb.o
                0x0000000008011594                USB_DevInit
 .text.USB_FlushTxFifo
                0x0000000008011850       0x64 ./Drivers/STM32H7xx_HAL_Driver/Src/stm32h7xx_ll_usb.o
                0x0000000008011850                USB_FlushTxFifo
 .text.USB_FlushRxFifo
                0x00000000080118b4       0x5c ./Drivers/STM32H7xx_HAL_Driver/Src/stm32h7xx_ll_usb.o
                0x00000000080118b4                USB_FlushRxFifo
 .text.USB_SetDevSpeed
                0x0000000008011910       0x32 ./Drivers/STM32H7xx_HAL_Driver/Src/stm32h7xx_ll_usb.o
                0x0000000008011910                USB_SetDevSpeed
 .text.USB_DevDisconnect
                0x0000000008011942       0x42 ./Drivers/STM32H7xx_HAL_Driver/Src/stm32h7xx_ll_usb.o
                0x0000000008011942                USB_DevDisconnect
 .text.USB_GetMode
                0x0000000008011984       0x1c ./Drivers/STM32H7xx_HAL_Driver/Src/stm32h7xx_ll_usb.o
                0x0000000008011984                USB_GetMode
 .text.USB_CoreReset
                0x00000000080119a0       0x64 ./Drivers/STM32H7xx_HAL_Driver/Src/stm32h7xx_ll_usb.o
 .text.__errno  0x0000000008011a04        0xc c:/st/stm32cubeide_1.5.1/stm32cubeide/plugins/com.st.stm32cube.ide.mcu.externaltools.gnu-tools-for-stm32.9-2020-q2-update.win32_2.0.0.202105311346/tools/bin/../lib/gcc/arm-none-eabi/9.3.1/../../../../arm-none-eabi/lib/thumb/v7e-m+dp/hard\libc_nano.a(lib_a-errno.o)
                0x0000000008011a04                __errno
 .text.__libc_init_array
                0x0000000008011a10       0x48 c:/st/stm32cubeide_1.5.1/stm32cubeide/plugins/com.st.stm32cube.ide.mcu.externaltools.gnu-tools-for-stm32.9-2020-q2-update.win32_2.0.0.202105311346/tools/bin/../lib/gcc/arm-none-eabi/9.3.1/../../../../arm-none-eabi/lib/thumb/v7e-m+dp/hard\libc_nano.a(lib_a-init.o)
                0x0000000008011a10                __libc_init_array
 .text.memset   0x0000000008011a58       0x10 c:/st/stm32cubeide_1.5.1/stm32cubeide/plugins/com.st.stm32cube.ide.mcu.externaltools.gnu-tools-for-stm32.9-2020-q2-update.win32_2.0.0.202105311346/tools/bin/../lib/gcc/arm-none-eabi/9.3.1/../../../../arm-none-eabi/lib/thumb/v7e-m+dp/hard\libc_nano.a(lib_a-memset.o)
                0x0000000008011a58                memset
 .text.checkint
                0x0000000008011a68       0x6a c:/st/stm32cubeide_1.5.1/stm32cubeide/plugins/com.st.stm32cube.ide.mcu.externaltools.gnu-tools-for-stm32.9-2020-q2-update.win32_2.0.0.202105311346/tools/bin/../lib/gcc/arm-none-eabi/9.3.1/../../../../arm-none-eabi/lib/thumb/v7e-m+dp/hard\libm.a(lib_a-pow.o)
 *fill*         0x0000000008011ad2        0x6 
 .text.pow      0x0000000008011ad8      0x584 c:/st/stm32cubeide_1.5.1/stm32cubeide/plugins/com.st.stm32cube.ide.mcu.externaltools.gnu-tools-for-stm32.9-2020-q2-update.win32_2.0.0.202105311346/tools/bin/../lib/gcc/arm-none-eabi/9.3.1/../../../../arm-none-eabi/lib/thumb/v7e-m+dp/hard\libm.a(lib_a-pow.o)
                0x0000000008011ad8                pow
 *fill*         0x000000000801205c        0x4 
 .text.cos      0x0000000008012060       0x90 c:/st/stm32cubeide_1.5.1/stm32cubeide/plugins/com.st.stm32cube.ide.mcu.externaltools.gnu-tools-for-stm32.9-2020-q2-update.win32_2.0.0.202105311346/tools/bin/../lib/gcc/arm-none-eabi/9.3.1/../../../../arm-none-eabi/lib/thumb/v7e-m+dp/hard\libm.a(lib_a-s_cos.o)
                0x0000000008012060                cos
 .text.sin      0x00000000080120f0       0x90 c:/st/stm32cubeide_1.5.1/stm32cubeide/plugins/com.st.stm32cube.ide.mcu.externaltools.gnu-tools-for-stm32.9-2020-q2-update.win32_2.0.0.202105311346/tools/bin/../lib/gcc/arm-none-eabi/9.3.1/../../../../arm-none-eabi/lib/thumb/v7e-m+dp/hard\libm.a(lib_a-s_sin.o)
                0x00000000080120f0                sin
 .text.atan2    0x0000000008012180        0x4 c:/st/stm32cubeide_1.5.1/stm32cubeide/plugins/com.st.stm32cube.ide.mcu.externaltools.gnu-tools-for-stm32.9-2020-q2-update.win32_2.0.0.202105311346/tools/bin/../lib/gcc/arm-none-eabi/9.3.1/../../../../arm-none-eabi/lib/thumb/v7e-m+dp/hard\libm.a(lib_a-w_atan2.o)
                0x0000000008012180                atan2
 *fill*         0x0000000008012184        0x4 
 .text.sqrt     0x0000000008012188       0x54 c:/st/stm32cubeide_1.5.1/stm32cubeide/plugins/com.st.stm32cube.ide.mcu.externaltools.gnu-tools-for-stm32.9-2020-q2-update.win32_2.0.0.202105311346/tools/bin/../lib/gcc/arm-none-eabi/9.3.1/../../../../arm-none-eabi/lib/thumb/v7e-m+dp/hard\libm.a(lib_a-w_sqrt.o)
                0x0000000008012188                sqrt
 *fill*         0x00000000080121dc        0x4 
 .text.__ieee754_atan2
                0x00000000080121e0      0x19c c:/st/stm32cubeide_1.5.1/stm32cubeide/plugins/com.st.stm32cube.ide.mcu.externaltools.gnu-tools-for-stm32.9-2020-q2-update.win32_2.0.0.202105311346/tools/bin/../lib/gcc/arm-none-eabi/9.3.1/../../../../arm-none-eabi/lib/thumb/v7e-m+dp/hard\libm.a(lib_a-e_atan2.o)
                0x00000000080121e0                __ieee754_atan2
 *fill*         0x000000000801237c        0x4 
 .text.__ieee754_rem_pio2
                0x0000000008012380      0x280 c:/st/stm32cubeide_1.5.1/stm32cubeide/plugins/com.st.stm32cube.ide.mcu.externaltools.gnu-tools-for-stm32.9-2020-q2-update.win32_2.0.0.202105311346/tools/bin/../lib/gcc/arm-none-eabi/9.3.1/../../../../arm-none-eabi/lib/thumb/v7e-m+dp/hard\libm.a(lib_a-e_rem_pio2.o)
                0x0000000008012380                __ieee754_rem_pio2
 .text.__ieee754_sqrt
                0x0000000008012600        0x6 c:/st/stm32cubeide_1.5.1/stm32cubeide/plugins/com.st.stm32cube.ide.mcu.externaltools.gnu-tools-for-stm32.9-2020-q2-update.win32_2.0.0.202105311346/tools/bin/../lib/gcc/arm-none-eabi/9.3.1/../../../../arm-none-eabi/lib/thumb/v7e-m+dp/hard\libm.a(lib_a-e_sqrt.o)
                0x0000000008012600                __ieee754_sqrt
 *fill*         0x0000000008012606        0x2 
 .text.__kernel_cos
                0x0000000008012608       0xd8 c:/st/stm32cubeide_1.5.1/stm32cubeide/plugins/com.st.stm32cube.ide.mcu.externaltools.gnu-tools-for-stm32.9-2020-q2-update.win32_2.0.0.202105311346/tools/bin/../lib/gcc/arm-none-eabi/9.3.1/../../../../arm-none-eabi/lib/thumb/v7e-m+dp/hard\libm.a(lib_a-k_cos.o)
                0x0000000008012608                __kernel_cos
 .text.__kernel_rem_pio2
                0x00000000080126e0      0x500 c:/st/stm32cubeide_1.5.1/stm32cubeide/plugins/com.st.stm32cube.ide.mcu.externaltools.gnu-tools-for-stm32.9-2020-q2-update.win32_2.0.0.202105311346/tools/bin/../lib/gcc/arm-none-eabi/9.3.1/../../../../arm-none-eabi/lib/thumb/v7e-m+dp/hard\libm.a(lib_a-k_rem_pio2.o)
                0x00000000080126e0                __kernel_rem_pio2
 .text.__kernel_sin
                0x0000000008012be0       0xb0 c:/st/stm32cubeide_1.5.1/stm32cubeide/plugins/com.st.stm32cube.ide.mcu.externaltools.gnu-tools-for-stm32.9-2020-q2-update.win32_2.0.0.202105311346/tools/bin/../lib/gcc/arm-none-eabi/9.3.1/../../../../arm-none-eabi/lib/thumb/v7e-m+dp/hard\libm.a(lib_a-k_sin.o)
                0x0000000008012be0                __kernel_sin
 .text.with_errno
                0x0000000008012c90       0x16 c:/st/stm32cubeide_1.5.1/stm32cubeide/plugins/com.st.stm32cube.ide.mcu.externaltools.gnu-tools-for-stm32.9-2020-q2-update.win32_2.0.0.202105311346/tools/bin/../lib/gcc/arm-none-eabi/9.3.1/../../../../arm-none-eabi/lib/thumb/v7e-m+dp/hard\libm.a(lib_a-math_err.o)
 .text.xflow    0x0000000008012ca6       0x22 c:/st/stm32cubeide_1.5.1/stm32cubeide/plugins/com.st.stm32cube.ide.mcu.externaltools.gnu-tools-for-stm32.9-2020-q2-update.win32_2.0.0.202105311346/tools/bin/../lib/gcc/arm-none-eabi/9.3.1/../../../../arm-none-eabi/lib/thumb/v7e-m+dp/hard\libm.a(lib_a-math_err.o)
 .text.__math_uflow
                0x0000000008012cc8       0x10 c:/st/stm32cubeide_1.5.1/stm32cubeide/plugins/com.st.stm32cube.ide.mcu.externaltools.gnu-tools-for-stm32.9-2020-q2-update.win32_2.0.0.202105311346/tools/bin/../lib/gcc/arm-none-eabi/9.3.1/../../../../arm-none-eabi/lib/thumb/v7e-m+dp/hard\libm.a(lib_a-math_err.o)
                0x0000000008012cc8                __math_uflow
 .text.__math_oflow
                0x0000000008012cd8       0x10 c:/st/stm32cubeide_1.5.1/stm32cubeide/plugins/com.st.stm32cube.ide.mcu.externaltools.gnu-tools-for-stm32.9-2020-q2-update.win32_2.0.0.202105311346/tools/bin/../lib/gcc/arm-none-eabi/9.3.1/../../../../arm-none-eabi/lib/thumb/v7e-m+dp/hard\libm.a(lib_a-math_err.o)
                0x0000000008012cd8                __math_oflow
 .text.__math_divzero
                0x0000000008012ce8       0x30 c:/st/stm32cubeide_1.5.1/stm32cubeide/plugins/com.st.stm32cube.ide.mcu.externaltools.gnu-tools-for-stm32.9-2020-q2-update.win32_2.0.0.202105311346/tools/bin/../lib/gcc/arm-none-eabi/9.3.1/../../../../arm-none-eabi/lib/thumb/v7e-m+dp/hard\libm.a(lib_a-math_err.o)
                0x0000000008012ce8                __math_divzero
 .text.__math_invalid
                0x0000000008012d18       0x1e c:/st/stm32cubeide_1.5.1/stm32cubeide/plugins/com.st.stm32cube.ide.mcu.externaltools.gnu-tools-for-stm32.9-2020-q2-update.win32_2.0.0.202105311346/tools/bin/../lib/gcc/arm-none-eabi/9.3.1/../../../../arm-none-eabi/lib/thumb/v7e-m+dp/hard\libm.a(lib_a-math_err.o)
                0x0000000008012d18                __math_invalid
 .text.__math_check_uflow
                0x0000000008012d36       0x12 c:/st/stm32cubeide_1.5.1/stm32cubeide/plugins/com.st.stm32cube.ide.mcu.externaltools.gnu-tools-for-stm32.9-2020-q2-update.win32_2.0.0.202105311346/tools/bin/../lib/gcc/arm-none-eabi/9.3.1/../../../../arm-none-eabi/lib/thumb/v7e-m+dp/hard\libm.a(lib_a-math_err.o)
                0x0000000008012d36                __math_check_uflow
 .text.__math_check_oflow
                0x0000000008012d48       0x28 c:/st/stm32cubeide_1.5.1/stm32cubeide/plugins/com.st.stm32cube.ide.mcu.externaltools.gnu-tools-for-stm32.9-2020-q2-update.win32_2.0.0.202105311346/tools/bin/../lib/gcc/arm-none-eabi/9.3.1/../../../../arm-none-eabi/lib/thumb/v7e-m+dp/hard\libm.a(lib_a-math_err.o)
                0x0000000008012d48                __math_check_oflow
 .text.atan     0x0000000008012d70      0x1f4 c:/st/stm32cubeide_1.5.1/stm32cubeide/plugins/com.st.stm32cube.ide.mcu.externaltools.gnu-tools-for-stm32.9-2020-q2-update.win32_2.0.0.202105311346/tools/bin/../lib/gcc/arm-none-eabi/9.3.1/../../../../arm-none-eabi/lib/thumb/v7e-m+dp/hard\libm.a(lib_a-s_atan.o)
                0x0000000008012d70                atan
 .text.fabs     0x0000000008012f64       0x12 c:/st/stm32cubeide_1.5.1/stm32cubeide/plugins/com.st.stm32cube.ide.mcu.externaltools.gnu-tools-for-stm32.9-2020-q2-update.win32_2.0.0.202105311346/tools/bin/../lib/gcc/arm-none-eabi/9.3.1/../../../../arm-none-eabi/lib/thumb/v7e-m+dp/hard\libm.a(lib_a-s_fabs.o)
                0x0000000008012f64                fabs
 *fill*         0x0000000008012f76        0x2 
 .text.floor    0x0000000008012f78       0xe8 c:/st/stm32cubeide_1.5.1/stm32cubeide/plugins/com.st.stm32cube.ide.mcu.externaltools.gnu-tools-for-stm32.9-2020-q2-update.win32_2.0.0.202105311346/tools/bin/../lib/gcc/arm-none-eabi/9.3.1/../../../../arm-none-eabi/lib/thumb/v7e-m+dp/hard\libm.a(lib_a-s_floor.o)
                0x0000000008012f78                floor
 .text.scalbn   0x0000000008013060      0x124 c:/st/stm32cubeide_1.5.1/stm32cubeide/plugins/com.st.stm32cube.ide.mcu.externaltools.gnu-tools-for-stm32.9-2020-q2-update.win32_2.0.0.202105311346/tools/bin/../lib/gcc/arm-none-eabi/9.3.1/../../../../arm-none-eabi/lib/thumb/v7e-m+dp/hard\libm.a(lib_a-s_scalbn.o)
                0x0000000008013060                scalbn
 *(.glue_7)
 .glue_7        0x0000000008013184        0x0 linker stubs
 *(.glue_7t)
 .glue_7t       0x0000000008013184        0x0 linker stubs
 *(.eh_frame)
 .eh_frame      0x0000000008013184        0x0 c:/st/stm32cubeide_1.5.1/stm32cubeide/plugins/com.st.stm32cube.ide.mcu.externaltools.gnu-tools-for-stm32.9-2020-q2-update.win32_2.0.0.202105311346/tools/bin/../lib/gcc/arm-none-eabi/9.3.1/thumb/v7e-m+dp/hard/crtbegin.o
 *(.init)
 .init          0x0000000008013184        0x4 c:/st/stm32cubeide_1.5.1/stm32cubeide/plugins/com.st.stm32cube.ide.mcu.externaltools.gnu-tools-for-stm32.9-2020-q2-update.win32_2.0.0.202105311346/tools/bin/../lib/gcc/arm-none-eabi/9.3.1/thumb/v7e-m+dp/hard/crti.o
                0x0000000008013184                _init
 .init          0x0000000008013188        0x8 c:/st/stm32cubeide_1.5.1/stm32cubeide/plugins/com.st.stm32cube.ide.mcu.externaltools.gnu-tools-for-stm32.9-2020-q2-update.win32_2.0.0.202105311346/tools/bin/../lib/gcc/arm-none-eabi/9.3.1/thumb/v7e-m+dp/hard/crtn.o
 *(.fini)
 .fini          0x0000000008013190        0x4 c:/st/stm32cubeide_1.5.1/stm32cubeide/plugins/com.st.stm32cube.ide.mcu.externaltools.gnu-tools-for-stm32.9-2020-q2-update.win32_2.0.0.202105311346/tools/bin/../lib/gcc/arm-none-eabi/9.3.1/thumb/v7e-m+dp/hard/crti.o
                0x0000000008013190                _fini
 .fini          0x0000000008013194        0x8 c:/st/stm32cubeide_1.5.1/stm32cubeide/plugins/com.st.stm32cube.ide.mcu.externaltools.gnu-tools-for-stm32.9-2020-q2-update.win32_2.0.0.202105311346/tools/bin/../lib/gcc/arm-none-eabi/9.3.1/thumb/v7e-m+dp/hard/crtn.o
                0x000000000801319c                . = ALIGN (0x4)
                0x000000000801319c                _etext = .

.vfp11_veneer   0x000000000801319c        0x0
 .vfp11_veneer  0x000000000801319c        0x0 linker stubs

.v4_bx          0x000000000801319c        0x0
 .v4_bx         0x000000000801319c        0x0 linker stubs

.iplt           0x000000000801319c        0x0
 .iplt          0x000000000801319c        0x0 c:/st/stm32cubeide_1.5.1/stm32cubeide/plugins/com.st.stm32cube.ide.mcu.externaltools.gnu-tools-for-stm32.9-2020-q2-update.win32_2.0.0.202105311346/tools/bin/../lib/gcc/arm-none-eabi/9.3.1/thumb/v7e-m+dp/hard/crtbegin.o

.rodata         0x00000000080131a0     0x1b40
                0x00000000080131a0                . = ALIGN (0x4)
 *(.rodata)
 *(.rodata*)
 .rodata.D1CorePrescTable
                0x00000000080131a0       0x10 ./Core/Src/system_stm32h7xx.o
                0x00000000080131a0                D1CorePrescTable
 .rodata.flagBitshiftOffset.12798
                0x00000000080131b0        0x8 ./Drivers/STM32H7xx_HAL_Driver/Src/stm32h7xx_hal_dma.o
 .rodata.UARTPrescTable
                0x00000000080131b8       0x18 ./Drivers/STM32H7xx_HAL_Driver/Src/stm32h7xx_hal_uart.o
                0x00000000080131b8                UARTPrescTable
 .rodata.numerator.12765
                0x00000000080131d0        0x8 ./Drivers/STM32H7xx_HAL_Driver/Src/stm32h7xx_hal_uart_ex.o
 .rodata.denominator.12766
                0x00000000080131d8        0x8 ./Drivers/STM32H7xx_HAL_Driver/Src/stm32h7xx_hal_uart_ex.o
 .rodata.__pow_log_data
                0x00000000080131e0     0x1048 c:/st/stm32cubeide_1.5.1/stm32cubeide/plugins/com.st.stm32cube.ide.mcu.externaltools.gnu-tools-for-stm32.9-2020-q2-update.win32_2.0.0.202105311346/tools/bin/../lib/gcc/arm-none-eabi/9.3.1/../../../../arm-none-eabi/lib/thumb/v7e-m+dp/hard\libm.a(lib_a-pow_log_data.o)
                0x00000000080131e0                __pow_log_data
 .rodata.CSWTCH.8
                0x0000000008014228       0x18 c:/st/stm32cubeide_1.5.1/stm32cubeide/plugins/com.st.stm32cube.ide.mcu.externaltools.gnu-tools-for-stm32.9-2020-q2-update.win32_2.0.0.202105311346/tools/bin/../lib/gcc/arm-none-eabi/9.3.1/../../../../arm-none-eabi/lib/thumb/v7e-m+dp/hard\libm.a(lib_a-e_atan2.o)
 .rodata.CSWTCH.9
                0x0000000008014240       0x18 c:/st/stm32cubeide_1.5.1/stm32cubeide/plugins/com.st.stm32cube.ide.mcu.externaltools.gnu-tools-for-stm32.9-2020-q2-update.win32_2.0.0.202105311346/tools/bin/../lib/gcc/arm-none-eabi/9.3.1/../../../../arm-none-eabi/lib/thumb/v7e-m+dp/hard\libm.a(lib_a-e_atan2.o)
 .rodata.npio2_hw
                0x0000000008014258       0x80 c:/st/stm32cubeide_1.5.1/stm32cubeide/plugins/com.st.stm32cube.ide.mcu.externaltools.gnu-tools-for-stm32.9-2020-q2-update.win32_2.0.0.202105311346/tools/bin/../lib/gcc/arm-none-eabi/9.3.1/../../../../arm-none-eabi/lib/thumb/v7e-m+dp/hard\libm.a(lib_a-e_rem_pio2.o)
 .rodata.two_over_pi
                0x00000000080142d8      0x108 c:/st/stm32cubeide_1.5.1/stm32cubeide/plugins/com.st.stm32cube.ide.mcu.externaltools.gnu-tools-for-stm32.9-2020-q2-update.win32_2.0.0.202105311346/tools/bin/../lib/gcc/arm-none-eabi/9.3.1/../../../../arm-none-eabi/lib/thumb/v7e-m+dp/hard\libm.a(lib_a-e_rem_pio2.o)
 .rodata.__exp_data
                0x00000000080143e0      0x870 c:/st/stm32cubeide_1.5.1/stm32cubeide/plugins/com.st.stm32cube.ide.mcu.externaltools.gnu-tools-for-stm32.9-2020-q2-update.win32_2.0.0.202105311346/tools/bin/../lib/gcc/arm-none-eabi/9.3.1/../../../../arm-none-eabi/lib/thumb/v7e-m+dp/hard\libm.a(lib_a-exp_data.o)
                0x00000000080143e0                __exp_data
 .rodata.PIo2   0x0000000008014c50       0x40 c:/st/stm32cubeide_1.5.1/stm32cubeide/plugins/com.st.stm32cube.ide.mcu.externaltools.gnu-tools-for-stm32.9-2020-q2-update.win32_2.0.0.202105311346/tools/bin/../lib/gcc/arm-none-eabi/9.3.1/../../../../arm-none-eabi/lib/thumb/v7e-m+dp/hard\libm.a(lib_a-k_rem_pio2.o)
 .rodata.init_jk
                0x0000000008014c90       0x10 c:/st/stm32cubeide_1.5.1/stm32cubeide/plugins/com.st.stm32cube.ide.mcu.externaltools.gnu-tools-for-stm32.9-2020-q2-update.win32_2.0.0.202105311346/tools/bin/../lib/gcc/arm-none-eabi/9.3.1/../../../../arm-none-eabi/lib/thumb/v7e-m+dp/hard\libm.a(lib_a-k_rem_pio2.o)
 .rodata.atanhi
                0x0000000008014ca0       0x20 c:/st/stm32cubeide_1.5.1/stm32cubeide/plugins/com.st.stm32cube.ide.mcu.externaltools.gnu-tools-for-stm32.9-2020-q2-update.win32_2.0.0.202105311346/tools/bin/../lib/gcc/arm-none-eabi/9.3.1/../../../../arm-none-eabi/lib/thumb/v7e-m+dp/hard\libm.a(lib_a-s_atan.o)
 .rodata.atanlo
                0x0000000008014cc0       0x20 c:/st/stm32cubeide_1.5.1/stm32cubeide/plugins/com.st.stm32cube.ide.mcu.externaltools.gnu-tools-for-stm32.9-2020-q2-update.win32_2.0.0.202105311346/tools/bin/../lib/gcc/arm-none-eabi/9.3.1/../../../../arm-none-eabi/lib/thumb/v7e-m+dp/hard\libm.a(lib_a-s_atan.o)
                0x0000000008014ce0                . = ALIGN (0x4)

.ARM.extab
 *(.ARM.extab* .gnu.linkonce.armextab.*)

.ARM            0x0000000008014ce0        0x8
                0x0000000008014ce0                __exidx_start = .
 *(.ARM.exidx*)
 .ARM.exidx     0x0000000008014ce0        0x8 c:/st/stm32cubeide_1.5.1/stm32cubeide/plugins/com.st.stm32cube.ide.mcu.externaltools.gnu-tools-for-stm32.9-2020-q2-update.win32_2.0.0.202105311346/tools/bin/../lib/gcc/arm-none-eabi/9.3.1/thumb/v7e-m+dp/hard\libgcc.a(_udivmoddi4.o)
                0x0000000008014ce8                __exidx_end = .

.rel.dyn        0x0000000008014ce8        0x0
 .rel.iplt      0x0000000008014ce8        0x0 c:/st/stm32cubeide_1.5.1/stm32cubeide/plugins/com.st.stm32cube.ide.mcu.externaltools.gnu-tools-for-stm32.9-2020-q2-update.win32_2.0.0.202105311346/tools/bin/../lib/gcc/arm-none-eabi/9.3.1/thumb/v7e-m+dp/hard/crtbegin.o

.preinit_array  0x0000000008014ce8        0x0
                0x0000000008014ce8                PROVIDE (__preinit_array_start = .)
 *(.preinit_array*)
                0x0000000008014ce8                PROVIDE (__preinit_array_end = .)

.init_array     0x0000000008014ce8        0x4
                0x0000000008014ce8                PROVIDE (__init_array_start = .)
 *(SORT_BY_NAME(.init_array.*))
 *(.init_array*)
 .init_array    0x0000000008014ce8        0x4 c:/st/stm32cubeide_1.5.1/stm32cubeide/plugins/com.st.stm32cube.ide.mcu.externaltools.gnu-tools-for-stm32.9-2020-q2-update.win32_2.0.0.202105311346/tools/bin/../lib/gcc/arm-none-eabi/9.3.1/thumb/v7e-m+dp/hard/crtbegin.o
                0x0000000008014cec                PROVIDE (__init_array_end = .)

.fini_array     0x0000000008014cec        0x4
                [!provide]                        PROVIDE (__fini_array_start = .)
 *(SORT_BY_NAME(.fini_array.*))
 *(.fini_array*)
 .fini_array    0x0000000008014cec        0x4 c:/st/stm32cubeide_1.5.1/stm32cubeide/plugins/com.st.stm32cube.ide.mcu.externaltools.gnu-tools-for-stm32.9-2020-q2-update.win32_2.0.0.202105311346/tools/bin/../lib/gcc/arm-none-eabi/9.3.1/thumb/v7e-m+dp/hard/crtbegin.o
                [!provide]                        PROVIDE (__fini_array_end = .)
                0x0000000008014cf0                _sidata = LOADADDR (.data)

.data           0x0000000024000000       0x7c load address 0x0000000008014cf0
                0x0000000024000000                . = ALIGN (0x4)
                0x0000000024000000                _sdata = .
 *(.data)
 *(.data*)
 .data.z_offset
                0x0000000024000000        0x4 ./Core/Src/PATH.o
                0x0000000024000000                z_offset
 .data.SystemCoreClock
                0x0000000024000004        0x4 ./Core/Src/system_stm32h7xx.o
                0x0000000024000004                SystemCoreClock
 .data.SystemD2Clock
                0x0000000024000008        0x4 ./Core/Src/system_stm32h7xx.o
                0x0000000024000008                SystemD2Clock
 .data.uwTickPrio
                0x000000002400000c        0x4 ./Drivers/STM32H7xx_HAL_Driver/Src/stm32h7xx_hal.o
                0x000000002400000c                uwTickPrio
 .data.uwTickFreq
                0x0000000024000010        0x1 ./Drivers/STM32H7xx_HAL_Driver/Src/stm32h7xx_hal.o
                0x0000000024000010                uwTickFreq
 *fill*         0x0000000024000011        0x3 
 .data._impure_ptr
                0x0000000024000014        0x4 c:/st/stm32cubeide_1.5.1/stm32cubeide/plugins/com.st.stm32cube.ide.mcu.externaltools.gnu-tools-for-stm32.9-2020-q2-update.win32_2.0.0.202105311346/tools/bin/../lib/gcc/arm-none-eabi/9.3.1/../../../../arm-none-eabi/lib/thumb/v7e-m+dp/hard\libc_nano.a(lib_a-impure.o)
                0x0000000024000014                _impure_ptr
 .data.impure_data
                0x0000000024000018       0x60 c:/st/stm32cubeide_1.5.1/stm32cubeide/plugins/com.st.stm32cube.ide.mcu.externaltools.gnu-tools-for-stm32.9-2020-q2-update.win32_2.0.0.202105311346/tools/bin/../lib/gcc/arm-none-eabi/9.3.1/../../../../arm-none-eabi/lib/thumb/v7e-m+dp/hard\libc_nano.a(lib_a-impure.o)
 .data.__fdlib_version
                0x0000000024000078        0x1 c:/st/stm32cubeide_1.5.1/stm32cubeide/plugins/com.st.stm32cube.ide.mcu.externaltools.gnu-tools-for-stm32.9-2020-q2-update.win32_2.0.0.202105311346/tools/bin/../lib/gcc/arm-none-eabi/9.3.1/../../../../arm-none-eabi/lib/thumb/v7e-m+dp/hard\libm.a(lib_a-s_lib_ver.o)
                0x0000000024000078                __fdlib_version
 *(.RamFunc)
 *(.RamFunc*)
                0x000000002400007c                . = ALIGN (0x4)
 *fill*         0x0000000024000079        0x3 
                0x000000002400007c                _edata = .

.igot.plt       0x000000002400007c        0x0 load address 0x0000000008014d6c
 .igot.plt      0x000000002400007c        0x0 c:/st/stm32cubeide_1.5.1/stm32cubeide/plugins/com.st.stm32cube.ide.mcu.externaltools.gnu-tools-for-stm32.9-2020-q2-update.win32_2.0.0.202105311346/tools/bin/../lib/gcc/arm-none-eabi/9.3.1/thumb/v7e-m+dp/hard/crtbegin.o

.RxDecripSection
                0x000000002400007c       0x60 load address 0x0000000008014d6c
 .RxDecripSection
                0x000000002400007c       0x60 ./Core/Src/main.o
                0x000000002400007c                DMARxDscrTab

.TxDecripSection
                0x00000000240000dc       0x60 load address 0x0000000008014dcc
 .TxDecripSection
                0x00000000240000dc       0x60 ./Core/Src/main.o
                0x00000000240000dc                DMATxDscrTab
                0x000000002400013c                . = ALIGN (0x4)

.bss            0x0000000024000140     0x1298 load address 0x0000000008014e2c
                0x0000000024000140                _sbss = .
                0x0000000024000140                __bss_start__ = _sbss
 *(.bss)
 .bss           0x0000000024000140       0x1c c:/st/stm32cubeide_1.5.1/stm32cubeide/plugins/com.st.stm32cube.ide.mcu.externaltools.gnu-tools-for-stm32.9-2020-q2-update.win32_2.0.0.202105311346/tools/bin/../lib/gcc/arm-none-eabi/9.3.1/thumb/v7e-m+dp/hard/crtbegin.o
 *(.bss*)
 *fill*         0x000000002400015c        0x4 
 .bss.chesss    0x0000000024000160       0x70 ./Core/Src/CHESS.o
 .bss.iks       0x00000000240001d0       0x50 ./Core/Src/IK.o
 .bss.y_offset  0x0000000024000220        0x4 ./Core/Src/PATH.o
                0x0000000024000220                y_offset
 .bss.x_offset  0x0000000024000224        0x4 ./Core/Src/PATH.o
                0x0000000024000224                x_offset
 .bss.paths     0x0000000024000228       0x40 ./Core/Src/PATH.o
 .bss.pids      0x0000000024000268       0xdc ./Core/Src/PID.o
 .bss.encoders  0x0000000024000344       0x3c ./Core/Src/QEI.o
 .bss.steppers  0x0000000024000380      0x1b8 ./Core/Src/STEPPER.o
 .bss.taskspaces
                0x0000000024000538       0x70 ./Core/Src/TASKSPACE.o
 .bss.trajectorys
                0x00000000240005a8      0x1c0 ./Core/Src/TRAJECTORY.o
 .bss.cartesians
                0x0000000024000768       0x20 ./Core/Src/cartesianJog.o
 .bss.fks       0x0000000024000788       0x40 ./Core/Src/forwardKinematic.o
 .bss.state     0x00000000240007c8        0x4 ./Core/Src/main.o
                0x00000000240007c8                state
 .bss.time      0x00000000240007cc        0x4 ./Core/Src/main.o
                0x00000000240007cc                time
 .bss.encoder_field
                0x00000000240007d0        0x8 ./Core/Src/main.o
                0x00000000240007d0                encoder_field
 .bss.MACAddr.15845
                0x00000000240007d8        0x6 ./Core/Src/main.o
 *(COMMON)
 *fill*         0x00000000240007de        0x2 
 COMMON         0x00000000240007e0      0x108 ./Core/Src/Serial.o
                0x00000000240007e0                Serials
 COMMON         0x00000000240008e8      0xaec ./Core/Src/main.o
                0x00000000240008e8                huart7
                0x0000000024000978                htim4
                0x00000000240009c4                hpcd_USB_OTG_FS
                0x0000000024000dcc                htim17
                0x0000000024000e18                hdma_adc3
                0x0000000024000e90                htim5
                0x0000000024000edc                htim3
                0x0000000024000f28                hspi3
                0x0000000024000fb0                huart5
                0x0000000024001040                hadc3
                0x00000000240010a4                htim13
                0x00000000240010f0                STEP_CONTROLLER_PERIOD_US
                0x00000000240010f4                htim1
                0x0000000024001140                STEP_TIMER_CLOCK
                0x0000000024001144                htim2
                0x0000000024001190                hdma_uart5_rx
                0x0000000024001208                htim12
                0x0000000024001254                heth
                0x00000000240012dc                TxConfig
                0x0000000024001310                htim16
                0x000000002400135c                hdma_uart5_tx
 COMMON         0x00000000240013d4        0x4 ./Drivers/STM32H7xx_HAL_Driver/Src/stm32h7xx_hal.o
                0x00000000240013d4                uwTick
                0x00000000240013d8                . = ALIGN (0x4)
                0x00000000240013d8                _ebss = .
                0x00000000240013d8                __bss_end__ = _ebss

._user_heap_stack
                0x00000000240013d8      0x600 load address 0x0000000008014e2c
                0x00000000240013d8                . = ALIGN (0x8)
                [!provide]                        PROVIDE (end = .)
                0x00000000240013d8                PROVIDE (_end = .)
                0x00000000240015d8                . = (. + _Min_Heap_Size)
 *fill*         0x00000000240013d8      0x200 
                0x00000000240019d8                . = (. + _Min_Stack_Size)
 *fill*         0x00000000240015d8      0x400 
                0x00000000240019d8                . = ALIGN (0x8)

/DISCARD/
 libc.a(*)
 libm.a(*)
 libgcc.a(*)

.ARM.attributes
                0x0000000000000000       0x2e
 *(.ARM.attributes)
 .ARM.attributes
                0x0000000000000000       0x1e c:/st/stm32cubeide_1.5.1/stm32cubeide/plugins/com.st.stm32cube.ide.mcu.externaltools.gnu-tools-for-stm32.9-2020-q2-update.win32_2.0.0.202105311346/tools/bin/../lib/gcc/arm-none-eabi/9.3.1/thumb/v7e-m+dp/hard/crti.o
 .ARM.attributes
                0x000000000000001e       0x32 c:/st/stm32cubeide_1.5.1/stm32cubeide/plugins/com.st.stm32cube.ide.mcu.externaltools.gnu-tools-for-stm32.9-2020-q2-update.win32_2.0.0.202105311346/tools/bin/../lib/gcc/arm-none-eabi/9.3.1/thumb/v7e-m+dp/hard/crtbegin.o
 .ARM.attributes
                0x0000000000000050       0x32 ./Core/Src/CHESS.o
 .ARM.attributes
                0x0000000000000082       0x32 ./Core/Src/IK.o
 .ARM.attributes
                0x00000000000000b4       0x32 ./Core/Src/PATH.o
 .ARM.attributes
                0x00000000000000e6       0x32 ./Core/Src/PID.o
 .ARM.attributes
                0x0000000000000118       0x32 ./Core/Src/QEI.o
 .ARM.attributes
                0x000000000000014a       0x32 ./Core/Src/STEPPER.o
 .ARM.attributes
                0x000000000000017c       0x32 ./Core/Src/Serial.o
 .ARM.attributes
                0x00000000000001ae       0x32 ./Core/Src/TASKSPACE.o
 .ARM.attributes
                0x00000000000001e0       0x32 ./Core/Src/TRAJECTORY.o
 .ARM.attributes
                0x0000000000000212       0x32 ./Core/Src/cartesianJog.o
 .ARM.attributes
                0x0000000000000244       0x32 ./Core/Src/forwardKinematic.o
 .ARM.attributes
                0x0000000000000276       0x32 ./Core/Src/main.o
 .ARM.attributes
                0x00000000000002a8       0x32 ./Core/Src/stm32h7xx_hal_msp.o
 .ARM.attributes
                0x00000000000002da       0x32 ./Core/Src/stm32h7xx_it.o
 .ARM.attributes
                0x000000000000030c       0x32 ./Core/Src/system_stm32h7xx.o
 .ARM.attributes
                0x000000000000033e       0x21 ./Core/Startup/startup_stm32h743zitx.o
 .ARM.attributes
                0x000000000000035f       0x32 ./Drivers/STM32H7xx_HAL_Driver/Src/stm32h7xx_hal.o
 .ARM.attributes
                0x0000000000000391       0x32 ./Drivers/STM32H7xx_HAL_Driver/Src/stm32h7xx_hal_adc.o
 .ARM.attributes
                0x00000000000003c3       0x32 ./Drivers/STM32H7xx_HAL_Driver/Src/stm32h7xx_hal_cortex.o
 .ARM.attributes
                0x00000000000003f5       0x32 ./Drivers/STM32H7xx_HAL_Driver/Src/stm32h7xx_hal_dma.o
 .ARM.attributes
                0x0000000000000427       0x32 ./Drivers/STM32H7xx_HAL_Driver/Src/stm32h7xx_hal_eth.o
 .ARM.attributes
                0x0000000000000459       0x32 ./Drivers/STM32H7xx_HAL_Driver/Src/stm32h7xx_hal_gpio.o
 .ARM.attributes
                0x000000000000048b       0x32 ./Drivers/STM32H7xx_HAL_Driver/Src/stm32h7xx_hal_pcd.o
 .ARM.attributes
                0x00000000000004bd       0x32 ./Drivers/STM32H7xx_HAL_Driver/Src/stm32h7xx_hal_pcd_ex.o
 .ARM.attributes
                0x00000000000004ef       0x32 ./Drivers/STM32H7xx_HAL_Driver/Src/stm32h7xx_hal_pwr_ex.o
 .ARM.attributes
                0x0000000000000521       0x32 ./Drivers/STM32H7xx_HAL_Driver/Src/stm32h7xx_hal_rcc.o
 .ARM.attributes
                0x0000000000000553       0x32 ./Drivers/STM32H7xx_HAL_Driver/Src/stm32h7xx_hal_rcc_ex.o
 .ARM.attributes
                0x0000000000000585       0x32 ./Drivers/STM32H7xx_HAL_Driver/Src/stm32h7xx_hal_spi.o
 .ARM.attributes
                0x00000000000005b7       0x32 ./Drivers/STM32H7xx_HAL_Driver/Src/stm32h7xx_hal_tim.o
 .ARM.attributes
                0x00000000000005e9       0x32 ./Drivers/STM32H7xx_HAL_Driver/Src/stm32h7xx_hal_tim_ex.o
 .ARM.attributes