Archive member included to satisfy reference by file (symbol)

c:/st/stm32cubeide_1.5.1/stm32cubeide/plugins/com.st.stm32cube.ide.mcu.externaltools.gnu-tools-for-stm32.9-2020-q2-update.win32_2.0.0.202105311346/tools/bin/../lib/gcc/arm-none-eabi/9.3.1/../../../../arm-none-eabi/lib/thumb/v7e-m+dp/hard\libc_nano.a(lib_a-errno.o)
                              ./Core/Src/syscalls.o (__errno)
c:/st/stm32cubeide_1.5.1/stm32cubeide/plugins/com.st.stm32cube.ide.mcu.externaltools.gnu-tools-for-stm32.9-2020-q2-update.win32_2.0.0.202105311346/tools/bin/../lib/gcc/arm-none-eabi/9.3.1/../../../../arm-none-eabi/lib/thumb/v7e-m+dp/hard\libc_nano.a(lib_a-exit.o)
                              c:/st/stm32cubeide_1.5.1/stm32cubeide/plugins/com.st.stm32cube.ide.mcu.externaltools.gnu-tools-for-stm32.9-2020-q2-update.win32_2.0.0.202105311346/tools/bin/../lib/gcc/arm-none-eabi/9.3.1/../../../../arm-none-eabi/lib/thumb/v7e-m+dp/hard/crt0.o (exit)
c:/st/stm32cubeide_1.5.1/stm32cubeide/plugins/com.st.stm32cube.ide.mcu.externaltools.gnu-tools-for-stm32.9-2020-q2-update.win32_2.0.0.202105311346/tools/bin/../lib/gcc/arm-none-eabi/9.3.1/../../../../arm-none-eabi/lib/thumb/v7e-m+dp/hard\libc_nano.a(lib_a-impure.o)
                              c:/st/stm32cubeide_1.5.1/stm32cubeide/plugins/com.st.stm32cube.ide.mcu.externaltools.gnu-tools-for-stm32.9-2020-q2-update.win32_2.0.0.202105311346/tools/bin/../lib/gcc/arm-none-eabi/9.3.1/../../../../arm-none-eabi/lib/thumb/v7e-m+dp/hard\libc_nano.a(lib_a-exit.o) (_global_impure_ptr)
c:/st/stm32cubeide_1.5.1/stm32cubeide/plugins/com.st.stm32cube.ide.mcu.externaltools.gnu-tools-for-stm32.9-2020-q2-update.win32_2.0.0.202105311346/tools/bin/../lib/gcc/arm-none-eabi/9.3.1/../../../../arm-none-eabi/lib/thumb/v7e-m+dp/hard\libc_nano.a(lib_a-init.o)
                              c:/st/stm32cubeide_1.5.1/stm32cubeide/plugins/com.st.stm32cube.ide.mcu.externaltools.gnu-tools-for-stm32.9-2020-q2-update.win32_2.0.0.202105311346/tools/bin/../lib/gcc/arm-none-eabi/9.3.1/../../../../arm-none-eabi/lib/thumb/v7e-m+dp/hard/crt0.o (__libc_init_array)
c:/st/stm32cubeide_1.5.1/stm32cubeide/plugins/com.st.stm32cube.ide.mcu.externaltools.gnu-tools-for-stm32.9-2020-q2-update.win32_2.0.0.202105311346/tools/bin/../lib/gcc/arm-none-eabi/9.3.1/../../../../arm-none-eabi/lib/thumb/v7e-m+dp/hard\libc_nano.a(lib_a-memset.o)
                              c:/st/stm32cubeide_1.5.1/stm32cubeide/plugins/com.st.stm32cube.ide.mcu.externaltools.gnu-tools-for-stm32.9-2020-q2-update.win32_2.0.0.202105311346/tools/bin/../lib/gcc/arm-none-eabi/9.3.1/../../../../arm-none-eabi/lib/thumb/v7e-m+dp/hard/crt0.o (memset)
c:/st/stm32cubeide_1.5.1/stm32cubeide/plugins/com.st.stm32cube.ide.mcu.externaltools.gnu-tools-for-stm32.9-2020-q2-update.win32_2.0.0.202105311346/tools/bin/../lib/gcc/arm-none-eabi/9.3.1/../../../../arm-none-eabi/lib/thumb/v7e-m+dp/hard\libm.a(lib_a-pow.o)
                              ./Core/Src/TRAJECTORY.o (pow)
c:/st/stm32cubeide_1.5.1/stm32cubeide/plugins/com.st.stm32cube.ide.mcu.externaltools.gnu-tools-for-stm32.9-2020-q2-update.win32_2.0.0.202105311346/tools/bin/../lib/gcc/arm-none-eabi/9.3.1/../../../../arm-none-eabi/lib/thumb/v7e-m+dp/hard\libm.a(lib_a-pow_log_data.o)
                              c:/st/stm32cubeide_1.5.1/stm32cubeide/plugins/com.st.stm32cube.ide.mcu.externaltools.gnu-tools-for-stm32.9-2020-q2-update.win32_2.0.0.202105311346/tools/bin/../lib/gcc/arm-none-eabi/9.3.1/../../../../arm-none-eabi/lib/thumb/v7e-m+dp/hard\libm.a(lib_a-pow.o) (__pow_log_data)
c:/st/stm32cubeide_1.5.1/stm32cubeide/plugins/com.st.stm32cube.ide.mcu.externaltools.gnu-tools-for-stm32.9-2020-q2-update.win32_2.0.0.202105311346/tools/bin/../lib/gcc/arm-none-eabi/9.3.1/../../../../arm-none-eabi/lib/thumb/v7e-m+dp/hard\libm.a(lib_a-s_cos.o)
                              ./Core/Src/cartesianJog.o (cos)
c:/st/stm32cubeide_1.5.1/stm32cubeide/plugins/com.st.stm32cube.ide.mcu.externaltools.gnu-tools-for-stm32.9-2020-q2-update.win32_2.0.0.202105311346/tools/bin/../lib/gcc/arm-none-eabi/9.3.1/../../../../arm-none-eabi/lib/thumb/v7e-m+dp/hard\libm.a(lib_a-s_sin.o)
                              ./Core/Src/cartesianJog.o (sin)
c:/st/stm32cubeide_1.5.1/stm32cubeide/plugins/com.st.stm32cube.ide.mcu.externaltools.gnu-tools-for-stm32.9-2020-q2-update.win32_2.0.0.202105311346/tools/bin/../lib/gcc/arm-none-eabi/9.3.1/../../../../arm-none-eabi/lib/thumb/v7e-m+dp/hard\libm.a(lib_a-w_atan2.o)
                              ./Core/Src/IK.o (atan2)
c:/st/stm32cubeide_1.5.1/stm32cubeide/plugins/com.st.stm32cube.ide.mcu.externaltools.gnu-tools-for-stm32.9-2020-q2-update.win32_2.0.0.202105311346/tools/bin/../lib/gcc/arm-none-eabi/9.3.1/../../../../arm-none-eabi/lib/thumb/v7e-m+dp/hard\libm.a(lib_a-w_sqrt.o)
                              ./Core/Src/IK.o (sqrt)
[...]
Memory Configuration

Name             Origin             Length             Attributes
FLASH            0x0000000008000000 0x0000000000200000 xr
DTCMRAM          0x0000000020000000 0x0000000000020000 xrw
RAM_D1           0x0000000024000000 0x0000000000080000 xrw
RAM_D2           0x0000000030000000 0x0000000000048000 xrw
RAM_D3           0x0000000038000000 0x0000000000010000 xrw
ITCMRAM          0x0000000000000000 0x0000000000010000 xrw
*default*        0x0000000000000000 0xffffffffffffffff

Linker script and memory map

LOAD c:/st/stm32cubeide_1.5.1/stm32cubeide/plugins/com.st.stm32cube.ide.mcu.externaltools.gnu-tools-for-stm32.9-2020-q2-update.win32_2.0.0.202105311346/tools/bin/../lib/gcc/arm-none-eabi/9.3.1/thumb/v7e-m+dp/hard/crti.o
LOAD c:/st/stm32cubeide_1.5.1/stm32cubeide/plugins/com.st.stm32cube.ide.mcu.externaltools.gnu-tools-for-stm32.9-2020-q2-update.win32_2.0.0.202105311346/tools/bin/../lib/gcc/arm-none-eabi/9.3.1/thumb/v7e-m+dp/hard/crtbegin.o
LOAD c:/st/stm32cubeide_1.5.1/stm32cubeide/plugins/com.st.stm32cube.ide.mcu.externaltools.gnu-tools-for-stm32.9-2020-q2-update.win32_2.0.0.202105311346/tools/bin/../lib/gcc/arm-none-eabi/9.3.1/../../../../arm-none-eabi/lib/thumb/v7e-m+dp/hard/crt0.o
LOAD ./Core/Src/CHESS.o
LOAD ./Core/Src/FK.o
LOAD ./Core/Src/IK.o
LOAD ./Core/Src/PID.o
LOAD ./Core/Src/QEI.o
LOAD ./Core/Src/STEPPER.o
LOAD ./Core/Src/Serial.o
LOAD ./Core/Src/TASKSPACE.o
LOAD ./Core/Src/TRAJECTORY.o
LOAD ./Core/Src/cartesianJog.o
LOAD ./Core/Src/forwardKinematic.o
LOAD ./Core/Src/main.o
LOAD ./Core/Src/stm32h7xx_hal_msp.o
LOAD ./Core/Src/stm32h7xx_it.o
LOAD ./Core/Src/syscalls.o
LOAD ./Core/Src/sysmem.o
LOAD ./Core/Src/system_stm32h7xx.o
LOAD ./Core/Startup/startup_stm32h743zitx.o
LOAD ./Drivers/STM32H7xx_HAL_Driver/Src/stm32h7xx_hal.o
LOAD ./Drivers/STM32H7xx_HAL_Driver/Src/stm32h7xx_hal_adc.o
LOAD ./Drivers/STM32H7xx_HAL_Driver/Src/stm32h7xx_hal_adc_ex.o
LOAD ./Drivers/STM32H7xx_HAL_Driver/Src/stm32h7xx_hal_cortex.o
LOAD ./Drivers/STM32H7xx_HAL_Driver/Src/stm32h7xx_hal_dma.o
LOAD ./Drivers/STM32H7xx_HAL_Driver/Src/stm32h7xx_hal_dma_ex.o
LOAD ./Drivers/STM32H7xx_HAL_Driver/Src/stm32h7xx_hal_eth.o
LOAD ./Drivers/STM32H7xx_HAL_Driver/Src/stm32h7xx_hal_eth_ex.o
LOAD ./Drivers/STM32H7xx_HAL_Driver/Src/stm32h7xx_hal_exti.o
LOAD ./Drivers/STM32H7xx_HAL_Driver/Src/stm32h7xx_hal_flash.o
LOAD ./Drivers/STM32H7xx_HAL_Driver/Src/stm32h7xx_hal_flash_ex.o
LOAD ./Drivers/STM32H7xx_HAL_Driver/Src/stm32h7xx_hal_gpio.o
LOAD ./Drivers/STM32H7xx_HAL_Driver/Src/stm32h7xx_hal_hsem.o
LOAD ./Drivers/STM32H7xx_HAL_Driver/Src/stm32h7xx_hal_i2c.o
LOAD ./Drivers/STM32H7xx_HAL_Driver/Src/stm32h7xx_hal_i2c_ex.o
LOAD ./Drivers/STM32H7xx_HAL_Driver/Src/stm32h7xx_hal_mdma.o
LOAD ./Drivers/STM32H7xx_HAL_Driver/Src/stm32h7xx_hal_pcd.o
LOAD ./Drivers/STM32H7xx_HAL_Driver/Src/stm32h7xx_hal_pcd_ex.o
LOAD ./Drivers/STM32H7xx_HAL_Driver/Src/stm32h7xx_hal_pwr.o
LOAD ./Drivers/STM32H7xx_HAL_Driver/Src/stm32h7xx_hal_pwr_ex.o
LOAD ./Drivers/STM32H7xx_HAL_Driver/Src/stm32h7xx_hal_rcc.o
LOAD ./Drivers/STM32H7xx_HAL_Driver/Src/stm32h7xx_hal_rcc_ex.o
LOAD ./Drivers/STM32H7xx_HAL_Driver/Src/stm32h7xx_hal_spi.o
LOAD ./Drivers/STM32H7xx_HAL_Driver/Src/stm32h7xx_hal_spi_ex.o
LOAD ./Drivers/STM32H7xx_HAL_Driver/Src/stm32h7xx_hal_tim.o
LOAD ./Drivers/STM32H7xx_HAL_Driver/Src/stm32h7xx_hal_tim_ex.o
LOAD ./Drivers/STM32H7xx_HAL_Driver/Src/stm32h7xx_hal_uart.o
LOAD ./Drivers/STM32H7xx_HAL_Driver/Src/stm32h7xx_hal_uart_ex.o
LOAD ./Drivers/STM32H7xx_HAL_Driver/Src/stm32h7xx_ll_usb.o
START GROUP
LOAD c:/st/stm32cubeide_1.5.1/stm32cubeide/plugins/com.st.stm32cube.ide.mcu.externaltools.gnu-tools-for-stm32.9-2020-q2-update.win32_2.0.0.202105311346/tools/bin/../lib/gcc/arm-none-eabi/9.3.1/../../../../arm-none-eabi/lib/thumb/v7e-m+dp/hard\libc_nano.a
LOAD c:/st/stm32cubeide_1.5.1/stm32cubeide/plugins/com.st.stm32cube.ide.mcu.externaltools.gnu-tools-for-stm32.9-2020-q2-update.win32_2.0.0.202105311346/tools/bin/../lib/gcc/arm-none-eabi/9.3.1/../../../../arm-none-eabi/lib/thumb/v7e-m+dp/hard\libm.a
END GROUP
START GROUP
LOAD c:/st/stm32cubeide_1.5.1/stm32cubeide/plugins/com.st.stm32cube.ide.mcu.externaltools.gnu-tools-for-stm32.9-2020-q2-update.win32_2.0.0.202105311346/tools/bin/../lib/gcc/arm-none-eabi/9.3.1/thumb/v7e-m+dp/hard\libgcc.a
LOAD c:/st/stm32cubeide_1.5.1/stm32cubeide/plugins/com.st.stm32cube.ide.mcu.externaltools.gnu-tools-for-stm32.9-2020-q2-update.win32_2.0.0.202105311346/tools/bin/../lib/gcc/arm-none-eabi/9.3.1/../../../../arm-none-eabi/lib/thumb/v7e-m+dp/hard\libc_nano.a
END GROUP
START GROUP
LOAD c:/st/stm32cubeide_1.5.1/stm32cubeide/plugins/com.st.stm32cube.ide.mcu.externaltools.gnu-tools-for-stm32.9-2020-q2-update.win32_2.0.0.202105311346/tools/bin/../lib/gcc/arm-none-eabi/9.3.1/thumb/v7e-m+dp/hard\libgcc.a
LOAD c:/st/stm32cubeide_1.5.1/stm32cubeide/plugins/com.st.stm32cube.ide.mcu.externaltools.gnu-tools-for-stm32.9-2020-q2-update.win32_2.0.0.202105311346/tools/bin/../lib/gcc/arm-none-eabi/9.3.1/../../../../arm-none-eabi/lib/thumb/v7e-m+dp/hard\libc_nano.a
LOAD c:/st/stm32cubeide_1.5.1/stm32cubeide/plugins/com.st.stm32cube.ide.mcu.externaltools.gnu-tools-for-stm32.9-2020-q2-update.win32_2.0.0.202105311346/tools/bin/../lib/gcc/arm-none-eabi/9.3.1/../../../../arm-none-eabi/lib/thumb/v7e-m+dp/hard\libnosys.a
END GROUP
START GROUP
LOAD c:/st/stm32cubeide_1.5.1/stm32cubeide/plugins/com.st.stm32cube.ide.mcu.externaltools.gnu-tools-for-stm32.9-2020-q2-update.win32_2.0.0.202105311346/tools/bin/../lib/gcc/arm-none-eabi/9.3.1/thumb/v7e-m+dp/hard\libgcc.a
LOAD c:/st/stm32cubeide_1.5.1/stm32cubeide/plugins/com.st.stm32cube.ide.mcu.externaltools.gnu-tools-for-stm32.9-2020-q2-update.win32_2.0.0.202105311346/tools/bin/../lib/gcc/arm-none-eabi/9.3.1/../../../../arm-none-eabi/lib/thumb/v7e-m+dp/hard\libc_nano.a
LOAD c:/st/stm32cubeide_1.5.1/stm32cubeide/plugins/com.st.stm32cube.ide.mcu.externaltools.gnu-tools-for-stm32.9-2020-q2-update.win32_2.0.0.202105311346/tools/bin/../lib/gcc/arm-none-eabi/9.3.1/../../../../arm-none-eabi/lib/thumb/v7e-m+dp/hard\libnosys.a
END GROUP
LOAD c:/st/stm32cubeide_1.5.1/stm32cubeide/plugins/com.st.stm32cube.ide.mcu.externaltools.gnu-tools-for-stm32.9-2020-q2-update.win32_2.0.0.202105311346/tools/bin/../lib/gcc/arm-none-eabi/9.3.1/thumb/v7e-m+dp/hard/crtend.o
LOAD c:/st/stm32cubeide_1.5.1/stm32cubeide/plugins/com.st.stm32cube.ide.mcu.externaltools.gnu-tools-for-stm32.9-2020-q2-update.win32_2.0.0.202105311346/tools/bin/../lib/gcc/arm-none-eabi/9.3.1/thumb/v7e-m+dp/hard/crtn.o
                0x0000000024080000                _estack = (ORIGIN (RAM_D1) + LENGTH (RAM_D1))
                0x0000000000000200                _Min_Heap_Size = 0x200
                0x0000000000000400                _Min_Stack_Size = 0x400

.isr_vector     0x0000000008000000      0x298
                0x0000000008000000                . = ALIGN (0x4)
 *(.isr_vector)
 .isr_vector    0x0000000008000000      0x298 ./Core/Startup/startup_stm32h743zitx.o
                0x0000000008000000                g_pfnVectors
                0x0000000008000298                . = ALIGN (0x4)

.text           0x0000000008000298    0x11344
                0x0000000008000298                . = ALIGN (0x4)
 *(.text)
 .text          0x0000000008000298       0x40 c:/st/stm32cubeide_1.5.1/stm32cubeide/plugins/com.st.stm32cube.ide.mcu.externaltools.gnu-tools-for-stm32.9-2020-q2-update.win32_2.0.0.202105311346/tools/bin/../lib/gcc/arm-none-eabi/9.3.1/thumb/v7e-m+dp/hard/crtbegin.o
 .text          0x00000000080002d8       0x30 c:/st/stm32cubeide_1.5.1/stm32cubeide/plugins/com.st.stm32cube.ide.mcu.externaltools.gnu-tools-for-stm32.9-2020-q2-update.win32_2.0.0.202105311346/tools/bin/../lib/gcc/arm-none-eabi/9.3.1/thumb/v7e-m+dp/hard\libgcc.a(_aeabi_uldivmod.o)
                0x00000000080002d8                __aeabi_uldivmod
 .text          0x0000000008000308      0x2c4 c:/st/stm32cubeide_1.5.1/stm32cubeide/plugins/com.st.stm32cube.ide.mcu.externaltools.gnu-tools-for-stm32.9-2020-q2-update.win32_2.0.0.202105311346/tools/bin/../lib/gcc/arm-none-eabi/9.3.1/thumb/v7e-m+dp/hard\libgcc.a(_udivmoddi4.o)
                0x0000000008000308                __udivmoddi4
 .text          0x00000000080005cc        0x4 c:/st/stm32cubeide_1.5.1/stm32cubeide/plugins/com.st.stm32cube.ide.mcu.externaltools.gnu-tools-for-stm32.9-2020-q2-update.win32_2.0.0.202105311346/tools/bin/../lib/gcc/arm-none-eabi/9.3.1/thumb/v7e-m+dp/hard\libgcc.a(_dvmd_tls.o)
                0x00000000080005cc                __aeabi_idiv0
                0x00000000080005cc                __aeabi_ldiv0
 *(.text*)
 .text.IK       0x00000000080005d0      0x194 ./Core/Src/IK.o
                0x00000000080005d0                IK
 .text.get_ik_q1
                0x0000000008000764       0x28 ./Core/Src/IK.o
                0x0000000008000764                get_ik_q1
 .text.get_ik_q2
                0x000000000800078c       0x28 ./Core/Src/IK.o
                0x000000000800078c                get_ik_q2
 .text.setupPID
                0x00000000080007b4       0x68 ./Core/Src/PID.o
                0x00000000080007b4                setupPID
 .text.calculator
                0x000000000800081c      0x16c ./Core/Src/PID.o
                0x000000000800081c                calculator
 .text.enable_Encoder_OE
                0x0000000008000988       0x18 ./Core/Src/QEI.o
                0x0000000008000988                enable_Encoder_OE
 .text.Encoder_Start
                0x00000000080009a0       0x4c ./Core/Src/QEI.o
                0x00000000080009a0                Encoder_Start
 .text.Get_Value_Encoder
                0x00000000080009ec       0x38 ./Core/Src/QEI.o
                0x00000000080009ec                Get_Value_Encoder
 .text.Set_Encoder_Zero
                0x0000000008000a24       0x34 ./Core/Src/QEI.o
                0x0000000008000a24                Set_Encoder_Zero
 .text.Stepper_Setup
                0x0000000008000a58       0x58 ./Core/Src/STEPPER.o
                0x0000000008000a58                Stepper_Setup
 .text.Stepper_SetStepTimer
                0x0000000008000ab0       0x80 ./Core/Src/STEPPER.o
                0x0000000008000ab0                Stepper_SetStepTimer
 .text.Stepper_DefaultState
                0x0000000008000b30       0x68 ./Core/Src/STEPPER.o
                0x0000000008000b30                Stepper_DefaultState
 .text.Stepper_SetMinPosition
                0x0000000008000b98       0x34 ./Core/Src/STEPPER.o
                0x0000000008000b98                Stepper_SetMinPosition
 .text.Stepper_SetMaxPosition
                0x0000000008000bcc       0x34 ./Core/Src/STEPPER.o
                0x0000000008000bcc                Stepper_SetMaxPosition
 .text.Stepper_SetMinSpeed
                0x0000000008000c00       0x34 ./Core/Src/STEPPER.o
                0x0000000008000c00                Stepper_SetMinSpeed
 .text.Stepper_SetMaxSpeed
                0x0000000008000c34       0x34 ./Core/Src/STEPPER.o
                0x0000000008000c34                Stepper_SetMaxSpeed
 .text.Stepper_SetTraget
                0x0000000008000c68       0xf0 ./Core/Src/STEPPER.o
                0x0000000008000c68                Stepper_SetTraget
 .text.Stepper_SetSpeed
                0x0000000008000d58       0x58 ./Core/Src/STEPPER.o
                0x0000000008000d58                Stepper_SetSpeed
 .text.Stepper_Direction
                0x0000000008000db0      0x10c ./Core/Src/STEPPER.o
                0x0000000008000db0                Stepper_Direction
 .text.enable_Stepper_OE
                0x0000000008000ebc       0x18 ./Core/Src/STEPPER.o
                0x0000000008000ebc                enable_Stepper_OE
 .text.Stepper_runStep
                0x0000000008000ed4       0x74 ./Core/Src/STEPPER.o
                0x0000000008000ed4                Stepper_runStep
 .text.Stepper_StartStop
                0x0000000008000f48       0x44 ./Core/Src/STEPPER.o
                0x0000000008000f48                Stepper_StartStop
 .text.Stepper_updateHome
                0x0000000008000f8c       0x50 ./Core/Src/STEPPER.o
                0x0000000008000f8c                Stepper_updateHome
 .text.Stepper_SetHome
                0x0000000008000fdc       0xa4 ./Core/Src/STEPPER.o
                0x0000000008000fdc                Stepper_SetHome
 .text.Stepper_currentPosition
                0x0000000008001080       0x34 ./Core/Src/STEPPER.o
                0x0000000008001080                Stepper_currentPosition
 .text.Stepper_currentPosition_real
                0x00000000080010b4       0x5c ./Core/Src/STEPPER.o
                0x00000000080010b4                Stepper_currentPosition_real
 .text.Stepper_targetPosition_real
                0x0000000008001110       0x30 ./Core/Src/STEPPER.o
                0x0000000008001110                Stepper_targetPosition_real
 .text.encoder_to_joint
                0x0000000008001140       0xc8 ./Core/Src/STEPPER.o
                0x0000000008001140                encoder_to_joint
 .text.joint_to_encoder
                0x0000000008001208       0xc0 ./Core/Src/STEPPER.o
                0x0000000008001208                joint_to_encoder
 .text.Serial_Setup
                0x00000000080012c8       0x40 ./Core/Src/Serial.o
                0x00000000080012c8                Serial_Setup
 .text.Cal_sum  0x0000000008001308       0x4c ./Core/Src/Serial.o
                0x0000000008001308                Cal_sum
 .text.SHIFT_TO_LSB
                0x0000000008001354       0x1a ./Core/Src/Serial.o
                0x0000000008001354                SHIFT_TO_LSB
 .text.SHIFT_TO_MSB
                0x000000000800136e       0x1e ./Core/Src/Serial.o
                0x000000000800136e                SHIFT_TO_MSB
 .text.Servo_gripperChess
                0x000000000800138c       0x70 ./Core/Src/Serial.o
                0x000000000800138c                Servo_gripperChess
 .text.Servo_tragetPos
                0x00000000080013fc       0x70 ./Core/Src/Serial.o
                0x00000000080013fc                Servo_tragetPos
 .text.Servo_StartStop
                0x000000000800146c       0x70 ./Core/Src/Serial.o
                0x000000000800146c                Servo_StartStop
 .text.iWrite   0x00000000080014dc       0x9e ./Core/Src/Serial.o
                0x00000000080014dc                iWrite
 .text.sendIPacket
                0x000000000800157a       0x28 ./Core/Src/Serial.o
                0x000000000800157a                sendIPacket
 *fill*         0x00000000080015a2        0x2 
 .text.data_in  0x00000000080015a4       0x30 ./Core/Src/Serial.o
                0x00000000080015a4                data_in
 .text.selectPacket
                0x00000000080015d4      0x474 ./Core/Src/Serial.o
                0x00000000080015d4                selectPacket
 .text.to_degree
                0x0000000008001a48       0x40 ./Core/Src/TASKSPACE.o
                0x0000000008001a48                to_degree
 .text.to_radian
                0x0000000008001a88       0x40 ./Core/Src/TASKSPACE.o
                0x0000000008001a88                to_radian
 .text.updateJoint
                0x0000000008001ac8      0x24c ./Core/Src/TASKSPACE.o
                0x0000000008001ac8                updateJoint
 *fill*         0x0000000008001d14        0x4 
 .text.cartesianJog
                0x0000000008001d18      0x234 ./Core/Src/cartesianJog.o
                0x0000000008001d18                cartesianJog
 .text.get_cartesian_q1
                0x0000000008001f4c       0x28 ./Core/Src/cartesianJog.o
                0x0000000008001f4c                get_cartesian_q1
 .text.get_cartesian_q2
                0x0000000008001f74       0x28 ./Core/Src/cartesianJog.o
                0x0000000008001f74                get_cartesian_q2
 .text.get_cartesian_q3
                0x0000000008001f9c       0x28 ./Core/Src/cartesianJog.o
                0x0000000008001f9c                get_cartesian_q3
 .text.get_cartesian_q4
                0x0000000008001fc4       0x28 ./Core/Src/cartesianJog.o
                0x0000000008001fc4                get_cartesian_q4
 *fill*         0x0000000008001fec        0x4 
 .text.forwardKinematic
                0x0000000008001ff0      0x15c ./Core/Src/forwardKinematic.o
                0x0000000008001ff0                forwardKinematic
 .text.get_fk_X
                0x000000000800214c       0x28 ./Core/Src/forwardKinematic.o
                0x000000000800214c                get_fk_X
 .text.get_fk_Y
                0x0000000008002174       0x28 ./Core/Src/forwardKinematic.o
                0x0000000008002174                get_fk_Y
 .text.main     0x000000000800219c      0x2ac ./Core/Src/main.o
                0x000000000800219c                main
 .text.SystemClock_Config
                0x0000000008002448      0x10c ./Core/Src/main.o
                0x0000000008002448                SystemClock_Config
 .text.MX_ADC3_Init
                0x0000000008002554       0xcc ./Core/Src/main.o
 .text.MX_ETH_Init
                0x0000000008002620       0x98 ./Core/Src/main.o
 .text.MX_SPI3_Init
                0x00000000080026b8       0xac ./Core/Src/main.o
 .text.MX_TIM1_Init
                0x0000000008002764       0xb4 ./Core/Src/main.o
 .text.MX_TIM2_Init
                0x0000000008002818       0xa8 ./Core/Src/main.o
 .text.MX_TIM3_Init
                0x00000000080028c0       0xac ./Core/Src/main.o
 .text.MX_TIM4_Init
                0x000000000800296c       0xac ./Core/Src/main.o
 .text.MX_TIM5_Init
                0x0000000008002a18       0x9c ./Core/Src/main.o
 .text.MX_TIM12_Init
                0x0000000008002ab4       0xc8 ./Core/Src/main.o
 .text.MX_TIM13_Init
                0x0000000008002b7c       0x9c ./Core/Src/main.o
 .text.MX_TIM16_Init
                0x0000000008002c18       0xf4 ./Core/Src/main.o
 .text.MX_TIM17_Init
                0x0000000008002d0c       0xf4 ./Core/Src/main.o
 .text.MX_UART5_Init
                0x0000000008002e00       0x9c ./Core/Src/main.o
 .text.MX_UART7_Init
                0x0000000008002e9c       0x9c ./Core/Src/main.o
 .text.MX_USB_OTG_FS_PCD_Init
                0x0000000008002f38       0x64 ./Core/Src/main.o
 .text.MX_BDMA_Init
                0x0000000008002f9c       0x40 ./Core/Src/main.o
 .text.MX_DMA_Init
                0x0000000008002fdc       0x50 ./Core/Src/main.o
 .text.MX_GPIO_Init
                0x000000000800302c      0x2e0 ./Core/Src/main.o
 .text.HAL_UART_RxCpltCallback
                0x000000000800330c       0x34 ./Core/Src/main.o
                0x000000000800330c                HAL_UART_RxCpltCallback
 .text.HAL_TIM_PeriodElapsedCallback
                0x0000000008003340       0x2c ./Core/Src/main.o
                0x0000000008003340                HAL_TIM_PeriodElapsedCallback
 .text.HAL_GPIO_EXTI_Callback
                0x000000000800336c       0x3c ./Core/Src/main.o
                0x000000000800336c                HAL_GPIO_EXTI_Callback
 .text.Error_Handler
                0x00000000080033a8        0xa ./Core/Src/main.o
                0x00000000080033a8                Error_Handler
 *fill*         0x00000000080033b2        0x2 
 .text.HAL_MspInit
                0x00000000080033b4       0x34 ./Core/Src/stm32h7xx_hal_msp.o
                0x00000000080033b4                HAL_MspInit
 .text.HAL_ADC_MspInit
                0x00000000080033e8      0x180 ./Core/Src/stm32h7xx_hal_msp.o
                0x00000000080033e8                HAL_ADC_MspInit
 .text.HAL_ETH_MspInit
                0x0000000008003568      0x19c ./Core/Src/stm32h7xx_hal_msp.o
                0x0000000008003568                HAL_ETH_MspInit
 .text.HAL_SPI_MspInit
                0x0000000008003704      0x118 ./Core/Src/stm32h7xx_hal_msp.o
                0x0000000008003704                HAL_SPI_MspInit
 .text.HAL_TIM_Encoder_MspInit
                0x000000000800381c      0x220 ./Core/Src/stm32h7xx_hal_msp.o
                0x000000000800381c                HAL_TIM_Encoder_MspInit
 .text.HAL_TIM_Base_MspInit
                0x0000000008003a3c      0x148 ./Core/Src/stm32h7xx_hal_msp.o
                0x0000000008003a3c                HAL_TIM_Base_MspInit
 .text.HAL_TIM_MspPostInit
                0x0000000008003b84      0x168 ./Core/Src/stm32h7xx_hal_msp.o
                0x0000000008003b84                HAL_TIM_MspPostInit
 .text.HAL_UART_MspInit
                0x0000000008003cec      0x24c ./Core/Src/stm32h7xx_hal_msp.o
                0x0000000008003cec                HAL_UART_MspInit
 .text.HAL_PCD_MspInit
                0x0000000008003f38       0xf4 ./Core/Src/stm32h7xx_hal_msp.o
                0x0000000008003f38                HAL_PCD_MspInit
 .text.NMI_Handler
                0x000000000800402c        0x6 ./Core/Src/stm32h7xx_it.o
                0x000000000800402c                NMI_Handler
 .text.HardFault_Handler
                0x0000000008004032        0x6 ./Core/Src/stm32h7xx_it.o
                0x0000000008004032                HardFault_Handler
 .text.MemManage_Handler
                0x0000000008004038        0x6 ./Core/Src/stm32h7xx_it.o
                0x0000000008004038                MemManage_Handler
 .text.BusFault_Handler
                0x000000000800403e        0x6 ./Core/Src/stm32h7xx_it.o
                0x000000000800403e                BusFault_Handler
 .text.UsageFault_Handler
                0x0000000008004044        0x6 ./Core/Src/stm32h7xx_it.o
                0x0000000008004044                UsageFault_Handler
 .text.SVC_Handler
                0x000000000800404a        0xe ./Core/Src/stm32h7xx_it.o
                0x000000000800404a                SVC_Handler
 .text.DebugMon_Handler
                0x0000000008004058        0xe ./Core/Src/stm32h7xx_it.o
                0x0000000008004058                DebugMon_Handler
 .text.PendSV_Handler
                0x0000000008004066        0xe ./Core/Src/stm32h7xx_it.o
                0x0000000008004066                PendSV_Handler
 .text.SysTick_Handler
                0x0000000008004074        0xc ./Core/Src/stm32h7xx_it.o
                0x0000000008004074                SysTick_Handler
 .text.EXTI4_IRQHandler
                0x0000000008004080        0xe ./Core/Src/stm32h7xx_it.o
                0x0000000008004080                EXTI4_IRQHandler
 *fill*         0x000000000800408e        0x2 
 .text.DMA1_Stream0_IRQHandler
                0x0000000008004090       0x14 ./Core/Src/stm32h7xx_it.o
                0x0000000008004090                DMA1_Stream0_IRQHandler
 .text.DMA1_Stream1_IRQHandler
                0x00000000080040a4       0x14 ./Core/Src/stm32h7xx_it.o
                0x00000000080040a4                DMA1_Stream1_IRQHandler
 .text.EXTI9_5_IRQHandler
                0x00000000080040b8       0x1a ./Core/Src/stm32h7xx_it.o
                0x00000000080040b8                EXTI9_5_IRQHandler
 *fill*         0x00000000080040d2        0x2 
 .text.TIM8_BRK_TIM12_IRQHandler
                0x00000000080040d4       0x14 ./Core/Src/stm32h7xx_it.o
                0x00000000080040d4                TIM8_BRK_TIM12_IRQHandler
 .text.TIM8_UP_TIM13_IRQHandler
                0x00000000080040e8       0x14 ./Core/Src/stm32h7xx_it.o
                0x00000000080040e8                TIM8_UP_TIM13_IRQHandler
 .text.TIM5_IRQHandler
                0x00000000080040fc       0x14 ./Core/Src/stm32h7xx_it.o
                0x00000000080040fc                TIM5_IRQHandler
 .text.UART5_IRQHandler
                0x0000000008004110       0x14 ./Core/Src/stm32h7xx_it.o
                0x0000000008004110                UART5_IRQHandler
 .text.UART7_IRQHandler
                0x0000000008004124       0x14 ./Core/Src/stm32h7xx_it.o
                0x0000000008004124                UART7_IRQHandler
 .text.TIM16_IRQHandler
                0x0000000008004138       0x14 ./Core/Src/stm32h7xx_it.o
                0x0000000008004138                TIM16_IRQHandler
 .text.TIM17_IRQHandler
                0x000000000800414c       0x14 ./Core/Src/stm32h7xx_it.o
                0x000000000800414c                TIM17_IRQHandler
 .text.BDMA_Channel0_IRQHandler
                0x0000000008004160       0x14 ./Core/Src/stm32h7xx_it.o
                0x0000000008004160                BDMA_Channel0_IRQHandler
 .text.SystemInit
                0x0000000008004174      0x110 ./Core/Src/system_stm32h7xx.o
                0x0000000008004174                SystemInit
 .text.Reset_Handler
                0x0000000008004284       0x50 ./Core/Startup/startup_stm32h743zitx.o
                0x0000000008004284                Reset_Handler
 .text.Default_Handler
                0x00000000080042d4        0x2 ./Core/Startup/startup_stm32h743zitx.o
                0x00000000080042d4                RTC_Alarm_IRQHandler
                0x00000000080042d4                EXTI2_IRQHandler
                0x00000000080042d4                TIM8_CC_IRQHandler
                0x00000000080042d4                HRTIM1_Master_IRQHandler
                0x00000000080042d4                UART8_IRQHandler
                0x00000000080042d4                SPI4_IRQHandler
                0x00000000080042d4                TIM1_CC_IRQHandler
                0x00000000080042d4                BDMA_Channel6_IRQHandler
                0x00000000080042d4                DMA2_Stream5_IRQHandler
                0x00000000080042d4                HRTIM1_FLT_IRQHandler
                0x00000000080042d4                JPEG_IRQHandler
                0x00000000080042d4                DMA1_Stream5_IRQHandler
                0x00000000080042d4                BDMA_Channel1_IRQHandler
                0x00000000080042d4                HRTIM1_TIMD_IRQHandler
                0x00000000080042d4                TAMP_STAMP_IRQHandler
                0x00000000080042d4                EXTI3_IRQHandler
                0x00000000080042d4                LPTIM4_IRQHandler
                0x00000000080042d4                TIM8_TRG_COM_TIM14_IRQHandler
                0x00000000080042d4                LPTIM2_IRQHandler
                0x00000000080042d4                DFSDM1_FLT1_IRQHandler
                0x00000000080042d4                DMAMUX2_OVR_IRQHandler
                0x00000000080042d4                I2C3_ER_IRQHandler
                0x00000000080042d4                DFSDM1_FLT2_IRQHandler
                0x00000000080042d4                MDMA_IRQHandler
                0x00000000080042d4                LPTIM3_IRQHandler
                0x00000000080042d4                HSEM1_IRQHandler
                0x00000000080042d4                EXTI0_IRQHandler
                0x00000000080042d4                I2C2_EV_IRQHandler
                0x00000000080042d4                DMA1_Stream2_IRQHandler
                0x00000000080042d4                FPU_IRQHandler
                0x00000000080042d4                OTG_HS_WKUP_IRQHandler
                0x00000000080042d4                FDCAN1_IT1_IRQHandler
                0x00000000080042d4                LTDC_ER_IRQHandler
                0x00000000080042d4                DMA2_Stream2_IRQHandler
                0x00000000080042d4                HRTIM1_TIME_IRQHandler
                0x00000000080042d4                SPI1_IRQHandler
                0x00000000080042d4                TIM6_DAC_IRQHandler
                0x00000000080042d4                DCMI_IRQHandler
                0x00000000080042d4                HRTIM1_TIMC_IRQHandler
                0x00000000080042d4                DMA2_Stream3_IRQHandler
                0x00000000080042d4                SAI2_IRQHandler
                0x00000000080042d4                DFSDM1_FLT3_IRQHandler
                0x00000000080042d4                USART6_IRQHandler
                0x00000000080042d4                USART3_IRQHandler
                0x00000000080042d4                BDMA_Channel7_IRQHandler
                0x00000000080042d4                LPTIM5_IRQHandler
                0x00000000080042d4                ADC3_IRQHandler
                0x00000000080042d4                DMA2_Stream0_IRQHandler
                0x00000000080042d4                TIM4_IRQHandler
                0x00000000080042d4                BDMA_Channel2_IRQHandler
                0x00000000080042d4                QUADSPI_IRQHandler
                0x00000000080042d4                I2C1_EV_IRQHandler
                0x00000000080042d4                DMA1_Stream6_IRQHandler
                0x00000000080042d4                DMAMUX1_OVR_IRQHandler
                0x00000000080042d4                UART4_IRQHandler
                0x00000000080042d4                BDMA_Channel5_IRQHandler
                0x00000000080042d4                TIM3_IRQHandler
                0x00000000080042d4                RCC_IRQHandler
                0x00000000080042d4                TIM1_TRG_COM_IRQHandler
                0x00000000080042d4                Default_Handler
                0x00000000080042d4                ECC_IRQHandler
                0x00000000080042d4                CEC_IRQHandler
                0x00000000080042d4                EXTI15_10_IRQHandler
                0x00000000080042d4                ADC_IRQHandler
                0x00000000080042d4                DMA1_Stream7_IRQHandler
                0x00000000080042d4                HRTIM1_TIMA_IRQHandler
                0x00000000080042d4                SPI5_IRQHandler
                0x00000000080042d4                TIM7_IRQHandler
                0x00000000080042d4                SDMMC1_IRQHandler
                0x00000000080042d4                DMA2_Stream7_IRQHandler
                0x00000000080042d4                TIM15_IRQHandler
                0x00000000080042d4                PVD_AVD_IRQHandler
                0x00000000080042d4                I2C3_EV_IRQHandler
                0x00000000080042d4                RTC_WKUP_IRQHandler
                0x00000000080042d4                LTDC_IRQHandler
                0x00000000080042d4                SAI3_IRQHandler
                0x00000000080042d4                ETH_WKUP_IRQHandler
                0x00000000080042d4                SPDIF_RX_IRQHandler
                0x00000000080042d4                SPI2_IRQHandler
                0x00000000080042d4                OTG_HS_EP1_IN_IRQHandler
                0x00000000080042d4                CRS_IRQHandler
                0x00000000080042d4                RNG_IRQHandler
                0x00000000080042d4                HRTIM1_TIMB_IRQHandler
                0x00000000080042d4                FDCAN2_IT1_IRQHandler
                0x00000000080042d4                ETH_IRQHandler
                0x00000000080042d4                TIM1_UP_IRQHandler
                0x00000000080042d4                BDMA_Channel4_IRQHandler
                0x00000000080042d4                OTG_HS_EP1_OUT_IRQHandler
                0x00000000080042d4                WWDG_IRQHandler
                0x00000000080042d4                SPI6_IRQHandler
                0x00000000080042d4                MDIOS_IRQHandler
                0x00000000080042d4                I2C4_EV_IRQHandler
                0x00000000080042d4                FDCAN2_IT0_IRQHandler
                0x00000000080042d4                LPUART1_IRQHandler
                0x00000000080042d4                FDCAN1_IT0_IRQHandler
                0x00000000080042d4                TIM2_IRQHandler
                0x00000000080042d4                OTG_FS_WKUP_IRQHandler
                0x00000000080042d4                OTG_HS_IRQHandler
                0x00000000080042d4                DMA2D_IRQHandler
                0x00000000080042d4                TIM1_BRK_IRQHandler
                0x00000000080042d4                EXTI1_IRQHandler
                0x00000000080042d4                SDMMC2_IRQHandler
                0x00000000080042d4                OTG_FS_EP1_OUT_IRQHandler
                0x00000000080042d4                BDMA_Channel3_IRQHandler
                0x00000000080042d4                MDIOS_WKUP_IRQHandler
                0x00000000080042d4                USART2_IRQHandler
                0x00000000080042d4                DFSDM1_FLT0_IRQHandler
                0x00000000080042d4                SAI4_IRQHandler
                0x00000000080042d4                I2C2_ER_IRQHandler
                0x00000000080042d4                DMA2_Stream1_IRQHandler
                0x00000000080042d4                FLASH_IRQHandler
                0x00000000080042d4                DMA2_Stream4_IRQHandler
                0x00000000080042d4                USART1_IRQHandler
                0x00000000080042d4                OTG_FS_IRQHandler
                0x00000000080042d4                SPI3_IRQHandler
                0x00000000080042d4                WAKEUP_PIN_IRQHandler
                0x00000000080042d4                DMA1_Stream4_IRQHandler
                0x00000000080042d4                OTG_FS_EP1_IN_IRQHandler
                0x00000000080042d4                I2C1_ER_IRQHandler
                0x00000000080042d4                FMC_IRQHandler
                0x00000000080042d4                FDCAN_CAL_IRQHandler
                0x00000000080042d4                SWPMI1_IRQHandler
                0x00000000080042d4                COMP1_IRQHandler
                0x00000000080042d4                LPTIM1_IRQHandler
                0x00000000080042d4                I2C4_ER_IRQHandler
                0x00000000080042d4                DMA2_Stream6_IRQHandler
                0x00000000080042d4                SAI1_IRQHandler
                0x00000000080042d4                DMA1_Stream3_IRQHandler
 *fill*         0x00000000080042d6        0x2 
 .text.HAL_Init
                0x00000000080042d8       0x78 ./Drivers/STM32H7xx_HAL_Driver/Src/stm32h7xx_hal.o
                0x00000000080042d8                HAL_Init
 .text.HAL_InitTick
                0x0000000008004350       0x6c ./Drivers/STM32H7xx_HAL_Driver/Src/stm32h7xx_hal.o
                0x0000000008004350                HAL_InitTick
 .text.HAL_IncTick
                0x00000000080043bc       0x28 ./Drivers/STM32H7xx_HAL_Driver/Src/stm32h7xx_hal.o
                0x00000000080043bc                HAL_IncTick
 .text.HAL_GetTick
                0x00000000080043e4       0x18 ./Drivers/STM32H7xx_HAL_Driver/Src/stm32h7xx_hal.o
                0x00000000080043e4                HAL_GetTick
 .text.HAL_Delay
                0x00000000080043fc       0x48 ./Drivers/STM32H7xx_HAL_Driver/Src/stm32h7xx_hal.o
                0x00000000080043fc                HAL_Delay
 .text.HAL_GetREVID
                0x0000000008004444       0x18 ./Drivers/STM32H7xx_HAL_Driver/Src/stm32h7xx_hal.o
                0x0000000008004444                HAL_GetREVID
 .text.HAL_SYSCFG_ETHInterfaceSelect
                0x000000000800445c       0x28 ./Drivers/STM32H7xx_HAL_Driver/Src/stm32h7xx_hal.o
                0x000000000800445c                HAL_SYSCFG_ETHInterfaceSelect
 .text.HAL_SYSCFG_AnalogSwitchConfig
                0x0000000008004484       0x2c ./Drivers/STM32H7xx_HAL_Driver/Src/stm32h7xx_hal.o
                0x0000000008004484                HAL_SYSCFG_AnalogSwitchConfig
 .text.LL_ADC_SetCommonClock
                0x00000000080044b0       0x26 ./Drivers/STM32H7xx_HAL_Driver/Src/stm32h7xx_hal_adc.o
 .text.LL_ADC_SetCommonPathInternalCh
                0x00000000080044d6       0x26 ./Drivers/STM32H7xx_HAL_Driver/Src/stm32h7xx_hal_adc.o
 .text.LL_ADC_GetCommonPathInternalCh
                0x00000000080044fc       0x1c ./Drivers/STM32H7xx_HAL_Driver/Src/stm32h7xx_hal_adc.o
 .text.LL_ADC_SetOffset
                0x0000000008004518       0x40 ./Drivers/STM32H7xx_HAL_Driver/Src/stm32h7xx_hal_adc.o
 .text.LL_ADC_SetDataRightShift
                0x0000000008004558       0x32 ./Drivers/STM32H7xx_HAL_Driver/Src/stm32h7xx_hal_adc.o
 .text.LL_ADC_SetOffsetSignedSaturation
                0x000000000800458a       0x36 ./Drivers/STM32H7xx_HAL_Driver/Src/stm32h7xx_hal_adc.o
 .text.LL_ADC_REG_SetSequencerRanks
                0x00000000080045c0       0x58 ./Drivers/STM32H7xx_HAL_Driver/Src/stm32h7xx_hal_adc.o
 .text.LL_ADC_SetChannelSamplingTime
                0x0000000008004618       0x56 ./Drivers/STM32H7xx_HAL_Driver/Src/stm32h7xx_hal_adc.o
 *fill*         0x000000000800466e        0x2 
 .text.LL_ADC_SetChannelSingleDiff
                0x0000000008004670       0x48 ./Drivers/STM32H7xx_HAL_Driver/Src/stm32h7xx_hal_adc.o
 .text.LL_ADC_DisableDeepPowerDown
                0x00000000080046b8       0x24 ./Drivers/STM32H7xx_HAL_Driver/Src/stm32h7xx_hal_adc.o
 .text.LL_ADC_IsDeepPowerDownEnabled
                0x00000000080046dc       0x28 ./Drivers/STM32H7xx_HAL_Driver/Src/stm32h7xx_hal_adc.o
 .text.LL_ADC_EnableInternalRegulator
                0x0000000008004704       0x28 ./Drivers/STM32H7xx_HAL_Driver/Src/stm32h7xx_hal_adc.o
 .text.LL_ADC_IsInternalRegulatorEnabled
                0x000000000800472c       0x28 ./Drivers/STM32H7xx_HAL_Driver/Src/stm32h7xx_hal_adc.o
 .text.LL_ADC_IsEnabled
                0x0000000008004754       0x26 ./Drivers/STM32H7xx_HAL_Driver/Src/stm32h7xx_hal_adc.o
 .text.LL_ADC_REG_IsConversionOngoing
                0x000000000800477a       0x26 ./Drivers/STM32H7xx_HAL_Driver/Src/stm32h7xx_hal_adc.o
 .text.LL_ADC_INJ_IsConversionOngoing
                0x00000000080047a0       0x26 ./Drivers/STM32H7xx_HAL_Driver/Src/stm32h7xx_hal_adc.o
 *fill*         0x00000000080047c6        0x2 
 .text.HAL_ADC_Init
                0x00000000080047c8      0x340 ./Drivers/STM32H7xx_HAL_Driver/Src/stm32h7xx_hal_adc.o
                0x00000000080047c8                HAL_ADC_Init
 .text.HAL_ADC_ConfigChannel
                0x0000000008004b08      0x6a0 ./Drivers/STM32H7xx_HAL_Driver/Src/stm32h7xx_hal_adc.o
                0x0000000008004b08                HAL_ADC_ConfigChannel
 .text.ADC_ConfigureBoostMode
                0x00000000080051a8      0x214 ./Drivers/STM32H7xx_HAL_Driver/Src/stm32h7xx_hal_adc.o
                0x00000000080051a8                ADC_ConfigureBoostMode
 .text.__NVIC_SetPriorityGrouping
                0x00000000080053bc       0x48 ./Drivers/STM32H7xx_HAL_Driver/Src/stm32h7xx_hal_cortex.o
 .text.__NVIC_GetPriorityGrouping
                0x0000000008005404       0x1c ./Drivers/STM32H7xx_HAL_Driver/Src/stm32h7xx_hal_cortex.o
 .text.__NVIC_EnableIRQ
                0x0000000008005420       0x3c ./Drivers/STM32H7xx_HAL_Driver/Src/stm32h7xx_hal_cortex.o
 .text.__NVIC_SetPriority
                0x000000000800545c       0x54 ./Drivers/STM32H7xx_HAL_Driver/Src/stm32h7xx_hal_cortex.o
 .text.NVIC_EncodePriority
                0x00000000080054b0       0x66 ./Drivers/STM32H7xx_HAL_Driver/Src/stm32h7xx_hal_cortex.o
 *fill*         0x0000000008005516        0x2 
 .text.SysTick_Config
                0x0000000008005518       0x44 ./Drivers/STM32H7xx_HAL_Driver/Src/stm32h7xx_hal_cortex.o
 .text.HAL_NVIC_SetPriorityGrouping
                0x000000000800555c       0x16 ./Drivers/STM32H7xx_HAL_Driver/Src/stm32h7xx_hal_cortex.o
                0x000000000800555c                HAL_NVIC_SetPriorityGrouping
 .text.HAL_NVIC_SetPriority
                0x0000000008005572       0x34 ./Drivers/STM32H7xx_HAL_Driver/Src/stm32h7xx_hal_cortex.o
                0x0000000008005572                HAL_NVIC_SetPriority
 .text.HAL_NVIC_EnableIRQ
                0x00000000080055a6       0x1c ./Drivers/STM32H7xx_HAL_Driver/Src/stm32h7xx_hal_cortex.o
                0x00000000080055a6                HAL_NVIC_EnableIRQ
 .text.HAL_SYSTICK_Config
                0x00000000080055c2       0x18 ./Drivers/STM32H7xx_HAL_Driver/Src/stm32h7xx_hal_cortex.o
                0x00000000080055c2                HAL_SYSTICK_Config
 *fill*         0x00000000080055da        0x2 
 .text.HAL_DMA_Init
                0x00000000080055dc      0x6b8 ./Drivers/STM32H7xx_HAL_Driver/Src/stm32h7xx_hal_dma.o
                0x00000000080055dc                HAL_DMA_Init
 .text.HAL_DMA_Start_IT
                0x0000000008005c94      0x4d4 ./Drivers/STM32H7xx_HAL_Driver/Src/stm32h7xx_hal_dma.o
                0x0000000008005c94                HAL_DMA_Start_IT
 .text.HAL_DMA_Abort
                0x0000000008006168      0x63c ./Drivers/STM32H7xx_HAL_Driver/Src/stm32h7xx_hal_dma.o
                0x0000000008006168                HAL_DMA_Abort
 .text.HAL_DMA_Abort_IT
                0x00000000080067a4      0x488 ./Drivers/STM32H7xx_HAL_Driver/Src/stm32h7xx_hal_dma.o
                0x00000000080067a4                HAL_DMA_Abort_IT
 .text.HAL_DMA_IRQHandler
                0x0000000008006c2c      0xe54 ./Drivers/STM32H7xx_HAL_Driver/Src/stm32h7xx_hal_dma.o
                0x0000000008006c2c                HAL_DMA_IRQHandler
 .text.DMA_SetConfig
                0x0000000008007a80      0x358 ./Drivers/STM32H7xx_HAL_Driver/Src/stm32h7xx_hal_dma.o
 .text.DMA_CalcBaseAndBitshift
                0x0000000008007dd8      0x164 ./Drivers/STM32H7xx_HAL_Driver/Src/stm32h7xx_hal_dma.o
 .text.DMA_CheckFifoParam
                0x0000000008007f3c       0xf8 ./Drivers/STM32H7xx_HAL_Driver/Src/stm32h7xx_hal_dma.o
 .text.DMA_CalcDMAMUXChannelBaseAndMask
                0x0000000008008034      0x134 ./Drivers/STM32H7xx_HAL_Driver/Src/stm32h7xx_hal_dma.o
 .text.DMA_CalcDMAMUXRequestGenBaseAndMask
                0x0000000008008168       0xe8 ./Drivers/STM32H7xx_HAL_Driver/Src/stm32h7xx_hal_dma.o
 .text.HAL_ETH_Init
                0x0000000008008250      0x1b4 ./Drivers/STM32H7xx_HAL_Driver/Src/stm32h7xx_hal_eth.o
                0x0000000008008250                HAL_ETH_Init
 .text.ETH_SetMACConfig
                0x0000000008008404      0x238 ./Drivers/STM32H7xx_HAL_Driver/Src/stm32h7xx_hal_eth.o
 .text.ETH_SetDMAConfig
                0x000000000800863c      0x10c ./Drivers/STM32H7xx_HAL_Driver/Src/stm32h7xx_hal_eth.o
 .text.ETH_MACDMAConfig
                0x0000000008008748      0x13a ./Drivers/STM32H7xx_HAL_Driver/Src/stm32h7xx_hal_eth.o
 *fill*         0x0000000008008882        0x2 
 .text.ETH_MAC_MDIO_ClkConfig
                0x0000000008008884       0xb0 ./Drivers/STM32H7xx_HAL_Driver/Src/stm32h7xx_hal_eth.o
 .text.ETH_DMATxDescListInit
                0x0000000008008934       0x8e ./Drivers/STM32H7xx_HAL_Driver/Src/stm32h7xx_hal_eth.o
 .text.ETH_DMARxDescListInit
                0x00000000080089c2       0xba ./Drivers/STM32H7xx_HAL_Driver/Src/stm32h7xx_hal_eth.o
 .text.HAL_GPIO_Init
                0x0000000008008a7c      0x360 ./Drivers/STM32H7xx_HAL_Driver/Src/stm32h7xx_hal_gpio.o
                0x0000000008008a7c                HAL_GPIO_Init
 .text.HAL_GPIO_WritePin
                0x0000000008008ddc       0x32 ./Drivers/STM32H7xx_HAL_Driver/Src/stm32h7xx_hal_gpio.o
                0x0000000008008ddc                HAL_GPIO_WritePin
 .text.HAL_GPIO_EXTI_IRQHandler
                0x0000000008008e0e       0x34 ./Drivers/STM32H7xx_HAL_Driver/Src/stm32h7xx_hal_gpio.o
                0x0000000008008e0e                HAL_GPIO_EXTI_IRQHandler
 .text.HAL_PCD_Init
                0x0000000008008e42      0x248 ./Drivers/STM32H7xx_HAL_Driver/Src/stm32h7xx_hal_pcd.o
                0x0000000008008e42                HAL_PCD_Init
 *fill*         0x000000000800908a        0x2 
 .text.HAL_PCDEx_ActivateLPM
                0x000000000800908c       0x48 ./Drivers/STM32H7xx_HAL_Driver/Src/stm32h7xx_hal_pcd_ex.o
                0x000000000800908c                HAL_PCDEx_ActivateLPM
 .text.HAL_PWREx_ConfigSupply
                0x00000000080090d4       0x74 ./Drivers/STM32H7xx_HAL_Driver/Src/stm32h7xx_hal_pwr_ex.o
                0x00000000080090d4                HAL_PWREx_ConfigSupply
 .text.HAL_PWREx_EnableUSBVoltageDetector
                0x0000000008009148       0x20 ./Drivers/STM32H7xx_HAL_Driver/Src/stm32h7xx_hal_pwr_ex.o
                0x0000000008009148                HAL_PWREx_EnableUSBVoltageDetector
 .text.HAL_RCC_OscConfig
                0x0000000008009168      0x858 ./Drivers/STM32H7xx_HAL_Driver/Src/stm32h7xx_hal_rcc.o
                0x0000000008009168                HAL_RCC_OscConfig
 .text.HAL_RCC_ClockConfig
                0x00000000080099c0      0x36c ./Drivers/STM32H7xx_HAL_Driver/Src/stm32h7xx_hal_rcc.o
                0x00000000080099c0                HAL_RCC_ClockConfig
 .text.HAL_RCC_GetSysClockFreq
                0x0000000008009d2c      0x2f4 ./Drivers/STM32H7xx_HAL_Driver/Src/stm32h7xx_hal_rcc.o
                0x0000000008009d2c                HAL_RCC_GetSysClockFreq
 .text.HAL_RCC_GetHCLKFreq
                0x000000000800a020       0x60 ./Drivers/STM32H7xx_HAL_Driver/Src/stm32h7xx_hal_rcc.o
                0x000000000800a020                HAL_RCC_GetHCLKFreq
 .text.HAL_RCC_GetPCLK1Freq
                0x000000000800a080       0x2c ./Drivers/STM32H7xx_HAL_Driver/Src/stm32h7xx_hal_rcc.o
                0x000000000800a080                HAL_RCC_GetPCLK1Freq
 .text.HAL_RCC_GetPCLK2Freq
                0x000000000800a0ac       0x2c ./Drivers/STM32H7xx_HAL_Driver/Src/stm32h7xx_hal_rcc.o
                0x000000000800a0ac                HAL_RCC_GetPCLK2Freq
 .text.HAL_RCCEx_PeriphCLKConfig
                0x000000000800a0d8      0xe80 ./Drivers/STM32H7xx_HAL_Driver/Src/stm32h7xx_hal_rcc_ex.o
                0x000000000800a0d8                HAL_RCCEx_PeriphCLKConfig
 .text.HAL_RCCEx_GetPeriphCLKFreq
                0x000000000800af58      0x9a4 ./Drivers/STM32H7xx_HAL_Driver/Src/stm32h7xx_hal_rcc_ex.o
                0x000000000800af58                HAL_RCCEx_GetPeriphCLKFreq
 .text.HAL_RCCEx_GetD3PCLK1Freq
                0x000000000800b8fc       0x2c ./Drivers/STM32H7xx_HAL_Driver/Src/stm32h7xx_hal_rcc_ex.o
                0x000000000800b8fc                HAL_RCCEx_GetD3PCLK1Freq
 .text.HAL_RCCEx_GetPLL2ClockFreq
                0x000000000800b928      0x2a8 ./Drivers/STM32H7xx_HAL_Driver/Src/stm32h7xx_hal_rcc_ex.o
                0x000000000800b928                HAL_RCCEx_GetPLL2ClockFreq
 .text.HAL_RCCEx_GetPLL3ClockFreq
                0x000000000800bbd0      0x2a8 ./Drivers/STM32H7xx_HAL_Driver/Src/stm32h7xx_hal_rcc_ex.o
                0x000000000800bbd0                HAL_RCCEx_GetPLL3ClockFreq
 .text.HAL_RCCEx_GetPLL1ClockFreq
                0x000000000800be78      0x2a4 ./Drivers/STM32H7xx_HAL_Driver/Src/stm32h7xx_hal_rcc_ex.o
                0x000000000800be78                HAL_RCCEx_GetPLL1ClockFreq
 .text.RCCEx_PLL2_Config
                0x000000000800c11c      0x164 ./Drivers/STM32H7xx_HAL_Driver/Src/stm32h7xx_hal_rcc_ex.o
 .text.RCCEx_PLL3_Config
                0x000000000800c280      0x164 ./Drivers/STM32H7xx_HAL_Driver/Src/stm32h7xx_hal_rcc_ex.o
 .text.HAL_SPI_Init
                0x000000000800c3e4      0x20c ./Drivers/STM32H7xx_HAL_Driver/Src/stm32h7xx_hal_spi.o
                0x000000000800c3e4                HAL_SPI_Init
 .text.SPI_GetPacketSize
                0x000000000800c5f0       0x36 ./Drivers/STM32H7xx_HAL_Driver/Src/stm32h7xx_hal_spi.o
 .text.HAL_TIM_Base_Init
                0x000000000800c626       0xae ./Drivers/STM32H7xx_HAL_Driver/Src/stm32h7xx_hal_tim.o
                0x000000000800c626                HAL_TIM_Base_Init
 .text.HAL_TIM_Base_Start_IT
                0x000000000800c6d4       0xf0 ./Drivers/STM32H7xx_HAL_Driver/Src/stm32h7xx_hal_tim.o
                0x000000000800c6d4                HAL_TIM_Base_Start_IT
 .text.HAL_TIM_PWM_Init
                0x000000000800c7c4       0xae ./Drivers/STM32H7xx_HAL_Driver/Src/stm32h7xx_hal_tim.o
                0x000000000800c7c4                HAL_TIM_PWM_Init
 .text.HAL_TIM_PWM_MspInit
                0x000000000800c872       0x14 ./Drivers/STM32H7xx_HAL_Driver/Src/stm32h7xx_hal_tim.o
                0x000000000800c872                HAL_TIM_PWM_MspInit
 *fill*         0x000000000800c886        0x2 
 .text.HAL_TIM_PWM_Start
                0x000000000800c888      0x21c ./Drivers/STM32H7xx_HAL_Driver/Src/stm32h7xx_hal_tim.o
                0x000000000800c888                HAL_TIM_PWM_Start
 .text.HAL_TIM_PWM_Stop
                0x000000000800caa4      0x12c ./Drivers/STM32H7xx_HAL_Driver/Src/stm32h7xx_hal_tim.o
                0x000000000800caa4                HAL_TIM_PWM_Stop
 .text.HAL_TIM_Encoder_Init
                0x000000000800cbd0      0x14c ./Drivers/STM32H7xx_HAL_Driver/Src/stm32h7xx_hal_tim.o
                0x000000000800cbd0                HAL_TIM_Encoder_Init
 .text.HAL_TIM_Encoder_Start
                0x000000000800cd1c      0x11c ./Drivers/STM32H7xx_HAL_Driver/Src/stm32h7xx_hal_tim.o
                0x000000000800cd1c                HAL_TIM_Encoder_Start
 .text.HAL_TIM_IRQHandler
                0x000000000800ce38      0x23e ./Drivers/STM32H7xx_HAL_Driver/Src/stm32h7xx_hal_tim.o
                0x000000000800ce38                HAL_TIM_IRQHandler
 *fill*         0x000000000800d076        0x2 
 .text.HAL_TIM_PWM_ConfigChannel
                0x000000000800d078      0x228 ./Drivers/STM32H7xx_HAL_Driver/Src/stm32h7xx_hal_tim.o
                0x000000000800d078                HAL_TIM_PWM_ConfigChannel
 .text.HAL_TIM_ConfigClockSource
                0x000000000800d2a0      0x1f0 ./Drivers/STM32H7xx_HAL_Driver/Src/stm32h7xx_hal_tim.o
                0x000000000800d2a0                HAL_TIM_ConfigClockSource
 .text.HAL_TIM_OC_DelayElapsedCallback
                0x000000000800d490       0x14 ./Drivers/STM32H7xx_HAL_Driver/Src/stm32h7xx_hal_tim.o
                0x000000000800d490                HAL_TIM_OC_DelayElapsedCallback
 .text.HAL_TIM_IC_CaptureCallback
                0x000000000800d4a4       0x14 ./Drivers/STM32H7xx_HAL_Driver/Src/stm32h7xx_hal_tim.o
                0x000000000800d4a4                HAL_TIM_IC_CaptureCallback
 .text.HAL_TIM_PWM_PulseFinishedCallback
                0x000000000800d4b8       0x14 ./Drivers/STM32H7xx_HAL_Driver/Src/stm32h7xx_hal_tim.o
                0x000000000800d4b8                HAL_TIM_PWM_PulseFinishedCallback
 .text.HAL_TIM_TriggerCallback
                0x000000000800d4cc       0x14 ./Drivers/STM32H7xx_HAL_Driver/Src/stm32h7xx_hal_tim.o
                0x000000000800d4cc                HAL_TIM_TriggerCallback
 .text.TIM_Base_SetConfig
                0x000000000800d4e0      0x134 ./Drivers/STM32H7xx_HAL_Driver/Src/stm32h7xx_hal_tim.o
                0x000000000800d4e0                TIM_Base_SetConfig
 .text.TIM_OC1_SetConfig
                0x000000000800d614      0x120 ./Drivers/STM32H7xx_HAL_Driver/Src/stm32h7xx_hal_tim.o
 .text.TIM_OC2_SetConfig
                0x000000000800d734      0x114 ./Drivers/STM32H7xx_HAL_Driver/Src/stm32h7xx_hal_tim.o
                0x000000000800d734                TIM_OC2_SetConfig
 .text.TIM_OC3_SetConfig
                0x000000000800d848      0x110 ./Drivers/STM32H7xx_HAL_Driver/Src/stm32h7xx_hal_tim.o
 .text.TIM_OC4_SetConfig
                0x000000000800d958       0xd4 ./Drivers/STM32H7xx_HAL_Driver/Src/stm32h7xx_hal_tim.o
 .text.TIM_OC5_SetConfig
                0x000000000800da2c       0xc8 ./Drivers/STM32H7xx_HAL_Driver/Src/stm32h7xx_hal_tim.o
 .text.TIM_OC6_SetConfig
                0x000000000800daf4       0xcc ./Drivers/STM32H7xx_HAL_Driver/Src/stm32h7xx_hal_tim.o
 .text.TIM_TI1_ConfigInputStage
                0x000000000800dbc0       0x5e ./Drivers/STM32H7xx_HAL_Driver/Src/stm32h7xx_hal_tim.o
 .text.TIM_TI2_ConfigInputStage
                0x000000000800dc1e       0x60 ./Drivers/STM32H7xx_HAL_Driver/Src/stm32h7xx_hal_tim.o
 *fill*         0x000000000800dc7e        0x2 
 .text.TIM_ITRx_SetConfig
                0x000000000800dc80       0x3c ./Drivers/STM32H7xx_HAL_Driver/Src/stm32h7xx_hal_tim.o
 .text.TIM_ETR_SetConfig
                0x000000000800dcbc       0x40 ./Drivers/STM32H7xx_HAL_Driver/Src/stm32h7xx_hal_tim.o
                0x000000000800dcbc                TIM_ETR_SetConfig
 .text.TIM_CCxChannelCmd
                0x000000000800dcfc       0x4a ./Drivers/STM32H7xx_HAL_Driver/Src/stm32h7xx_hal_tim.o
                0x000000000800dcfc                TIM_CCxChannelCmd
 *fill*         0x000000000800dd46        0x2 
 .text.HAL_TIMEx_MasterConfigSynchronization
                0x000000000800dd48      0x11c ./Drivers/STM32H7xx_HAL_Driver/Src/stm32h7xx_hal_tim_ex.o
                0x000000000800dd48                HAL_TIMEx_MasterConfigSynchronization
 .text.HAL_TIMEx_ConfigBreakDeadTime
                0x000000000800de64       0xfc ./Drivers/STM32H7xx_HAL_Driver/Src/stm32h7xx_hal_tim_ex.o
                0x000000000800de64                HAL_TIMEx_ConfigBreakDeadTime
 .text.HAL_TIMEx_CommutCallback
                0x000000000800df60       0x14 ./Drivers/STM32H7xx_HAL_Driver/Src/stm32h7xx_hal_tim_ex.o
                0x000000000800df60                HAL_TIMEx_CommutCallback
 .text.HAL_TIMEx_BreakCallback
                0x000000000800df74       0x14 ./Drivers/STM32H7xx_HAL_Driver/Src/stm32h7xx_hal_tim_ex.o
                0x000000000800df74                HAL_TIMEx_BreakCallback
 .text.HAL_TIMEx_Break2Callback
                0x000000000800df88       0x14 ./Drivers/STM32H7xx_HAL_Driver/Src/stm32h7xx_hal_tim_ex.o
                0x000000000800df88                HAL_TIMEx_Break2Callback
 .text.HAL_UART_Init
                0x000000000800df9c       0xa0 ./Drivers/STM32H7xx_HAL_Driver/Src/stm32h7xx_hal_uart.o
                0x000000000800df9c                HAL_UART_Init
 .text.HAL_UART_Transmit
                0x000000000800e03c      0x12c ./Drivers/STM32H7xx_HAL_Driver/Src/stm32h7xx_hal_uart.o
                0x000000000800e03c                HAL_UART_Transmit
 .text.HAL_UART_Receive_DMA
                0x000000000800e168       0xac ./Drivers/STM32H7xx_HAL_Driver/Src/stm32h7xx_hal_uart.o
                0x000000000800e168                HAL_UART_Receive_DMA
 .text.HAL_UART_IRQHandler
                0x000000000800e214      0x73c ./Drivers/STM32H7xx_HAL_Driver/Src/stm32h7xx_hal_uart.o
                0x000000000800e214                HAL_UART_IRQHandler
 .text.HAL_UART_TxCpltCallback
                0x000000000800e950       0x14 ./Drivers/STM32H7xx_HAL_Driver/Src/stm32h7xx_hal_uart.o
                0x000000000800e950                HAL_UART_TxCpltCallback
 .text.HAL_UART_RxHalfCpltCallback
                0x000000000800e964       0x14 ./Drivers/STM32H7xx_HAL_Driver/Src/stm32h7xx_hal_uart.o
                0x000000000800e964                HAL_UART_RxHalfCpltCallback
 .text.HAL_UART_ErrorCallback
                0x000000000800e978       0x14 ./Drivers/STM32H7xx_HAL_Driver/Src/stm32h7xx_hal_uart.o
                0x000000000800e978                HAL_UART_ErrorCallback
 .text.HAL_UARTEx_RxEventCallback
                0x000000000800e98c       0x18 ./Drivers/STM32H7xx_HAL_Driver/Src/stm32h7xx_hal_uart.o
                0x000000000800e98c                HAL_UARTEx_RxEventCallback
 .text.UART_SetConfig
                0x000000000800e9a4      0xac0 ./Drivers/STM32H7xx_HAL_Driver/Src/stm32h7xx_hal_uart.o
                0x000000000800e9a4                UART_SetConfig
 .text.UART_AdvFeatureConfig
                0x000000000800f464      0x144 ./Drivers/STM32H7xx_HAL_Driver/Src/stm32h7xx_hal_uart.o
                0x000000000800f464                UART_AdvFeatureConfig
 .text.UART_CheckIdleState
                0x000000000800f5a8       0x96 ./Drivers/STM32H7xx_HAL_Driver/Src/stm32h7xx_hal_uart.o
                0x000000000800f5a8                UART_CheckIdleState
 .text.UART_WaitOnFlagUntilTimeout
                0x000000000800f63e      0x190 ./Drivers/STM32H7xx_HAL_Driver/Src/stm32h7xx_hal_uart.o
                0x000000000800f63e                UART_WaitOnFlagUntilTimeout
 *fill*         0x000000000800f7ce        0x2 
 .text.UART_Start_Receive_DMA
                0x000000000800f7d0      0x150 ./Drivers/STM32H7xx_HAL_Driver/Src/stm32h7xx_hal_uart.o
                0x000000000800f7d0                UART_Start_Receive_DMA
 .text.UART_EndTxTransfer
                0x000000000800f920       0x82 ./Drivers/STM32H7xx_HAL_Driver/Src/stm32h7xx_hal_uart.o
 *fill*         0x000000000800f9a2        0x2 
 .text.UART_EndRxTransfer
                0x000000000800f9a4       0xcc ./Drivers/STM32H7xx_HAL_Driver/Src/stm32h7xx_hal_uart.o
 .text.UART_DMAReceiveCplt
                0x000000000800fa70      0x122 ./Drivers/STM32H7xx_HAL_Driver/Src/stm32h7xx_hal_uart.o
 .text.UART_DMARxHalfCplt
                0x000000000800fb92       0x38 ./Drivers/STM32H7xx_HAL_Driver/Src/stm32h7xx_hal_uart.o
 .text.UART_DMAError
                0x000000000800fbca       0x80 ./Drivers/STM32H7xx_HAL_Driver/Src/stm32h7xx_hal_uart.o
 .text.UART_DMAAbortOnError
                0x000000000800fc4a       0x2c ./Drivers/STM32H7xx_HAL_Driver/Src/stm32h7xx_hal_uart.o
 .text.UART_EndTransmit_IT
                0x000000000800fc76       0x56 ./Drivers/STM32H7xx_HAL_Driver/Src/stm32h7xx_hal_uart.o
 .text.HAL_UARTEx_WakeupCallback
                0x000000000800fccc       0x14 ./Drivers/STM32H7xx_HAL_Driver/Src/stm32h7xx_hal_uart_ex.o
                0x000000000800fccc                HAL_UARTEx_WakeupCallback
 .text.HAL_UARTEx_RxFifoFullCallback
                0x000000000800fce0       0x14 ./Drivers/STM32H7xx_HAL_Driver/Src/stm32h7xx_hal_uart_ex.o
                0x000000000800fce0                HAL_UARTEx_RxFifoFullCallback
 .text.HAL_UARTEx_TxFifoEmptyCallback
                0x000000000800fcf4       0x14 ./Drivers/STM32H7xx_HAL_Driver/Src/stm32h7xx_hal_uart_ex.o
                0x000000000800fcf4                HAL_UARTEx_TxFifoEmptyCallback
 .text.HAL_UARTEx_DisableFifoMode
                0x000000000800fd08       0x72 ./Drivers/STM32H7xx_HAL_Driver/Src/stm32h7xx_hal_uart_ex.o
                0x000000000800fd08                HAL_UARTEx_DisableFifoMode
 .text.HAL_UARTEx_SetTxFifoThreshold
                0x000000000800fd7a       0x7c ./Drivers/STM32H7xx_HAL_Driver/Src/stm32h7xx_hal_uart_ex.o
                0x000000000800fd7a                HAL_UARTEx_SetTxFifoThreshold
 .text.HAL_UARTEx_SetRxFifoThreshold
                0x000000000800fdf6       0x7c ./Drivers/STM32H7xx_HAL_Driver/Src/stm32h7xx_hal_uart_ex.o
                0x000000000800fdf6                HAL_UARTEx_SetRxFifoThreshold
 *fill*         0x000000000800fe72        0x2 
 .text.UARTEx_SetNbDataToProcess
                0x000000000800fe74       0x9c ./Drivers/STM32H7xx_HAL_Driver/Src/stm32h7xx_hal_uart_ex.o
 .text.USB_CoreInit
                0x000000000800ff10       0xdc ./Drivers/STM32H7xx_HAL_Driver/Src/stm32h7xx_ll_usb.o
                0x000000000800ff10                USB_CoreInit
 .text.USB_DisableGlobalInt
                0x000000000800ffec       0x22 ./Drivers/STM32H7xx_HAL_Driver/Src/stm32h7xx_ll_usb.o
                0x000000000800ffec                USB_DisableGlobalInt
 .text.USB_SetCurrentMode
                0x000000000801000e       0x98 ./Drivers/STM32H7xx_HAL_Driver/Src/stm32h7xx_ll_usb.o
                0x000000000801000e                USB_SetCurrentMode
 *fill*         0x00000000080100a6        0x2 
 .text.USB_DevInit
                0x00000000080100a8      0x2bc ./Drivers/STM32H7xx_HAL_Driver/Src/stm32h7xx_ll_usb.o
                0x00000000080100a8                USB_DevInit
 .text.USB_FlushTxFifo
                0x0000000008010364       0x64 ./Drivers/STM32H7xx_HAL_Driver/Src/stm32h7xx_ll_usb.o
                0x0000000008010364                USB_FlushTxFifo
 .text.USB_FlushRxFifo
                0x00000000080103c8       0x5c ./Drivers/STM32H7xx_HAL_Driver/Src/stm32h7xx_ll_usb.o
                0x00000000080103c8                USB_FlushRxFifo
 .text.USB_SetDevSpeed
                0x0000000008010424       0x32 ./Drivers/STM32H7xx_HAL_Driver/Src/stm32h7xx_ll_usb.o
                0x0000000008010424                USB_SetDevSpeed
 .text.USB_DevDisconnect
                0x0000000008010456       0x42 ./Drivers/STM32H7xx_HAL_Driver/Src/stm32h7xx_ll_usb.o
                0x0000000008010456                USB_DevDisconnect
 .text.USB_GetMode
                0x0000000008010498       0x1c ./Drivers/STM32H7xx_HAL_Driver/Src/stm32h7xx_ll_usb.o
                0x0000000008010498                USB_GetMode
 .text.USB_CoreReset
                0x00000000080104b4       0x64 ./Drivers/STM32H7xx_HAL_Driver/Src/stm32h7xx_ll_usb.o
 .text.__errno  0x0000000008010518        0xc c:/st/stm32cubeide_1.5.1/stm32cubeide/plugins/com.st.stm32cube.ide.mcu.externaltools.gnu-tools-for-stm32.9-2020-q2-update.win32_2.0.0.202105311346/tools/bin/../lib/gcc/arm-none-eabi/9.3.1/../../../../arm-none-eabi/lib/thumb/v7e-m+dp/hard\libc_nano.a(lib_a-errno.o)
                0x0000000008010518                __errno
 .text.__libc_init_array
                0x0000000008010524       0x48 c:/st/stm32cubeide_1.5.1/stm32cubeide/plugins/com.st.stm32cube.ide.mcu.externaltools.gnu-tools-for-stm32.9-2020-q2-update.win32_2.0.0.202105311346/tools/bin/../lib/gcc/arm-none-eabi/9.3.1/../../../../arm-none-eabi/lib/thumb/v7e-m+dp/hard\libc_nano.a(lib_a-init.o)
                0x0000000008010524                __libc_init_array
 .text.memset   0x000000000801056c       0x10 c:/st/stm32cubeide_1.5.1/stm32cubeide/plugins/com.st.stm32cube.ide.mcu.externaltools.gnu-tools-for-stm32.9-2020-q2-update.win32_2.0.0.202105311346/tools/bin/../lib/gcc/arm-none-eabi/9.3.1/../../../../arm-none-eabi/lib/thumb/v7e-m+dp/hard\libc_nano.a(lib_a-memset.o)
                0x000000000801056c                memset
 *fill*         0x000000000801057c        0x4 
 .text.cos      0x0000000008010580       0x90 c:/st/stm32cubeide_1.5.1/stm32cubeide/plugins/com.st.stm32cube.ide.mcu.externaltools.gnu-tools-for-stm32.9-2020-q2-update.win32_2.0.0.202105311346/tools/bin/../lib/gcc/arm-none-eabi/9.3.1/../../../../arm-none-eabi/lib/thumb/v7e-m+dp/hard\libm.a(lib_a-s_cos.o)
                0x0000000008010580                cos
 .text.sin      0x0000000008010610       0x90 c:/st/stm32cubeide_1.5.1/stm32cubeide/plugins/com.st.stm32cube.ide.mcu.externaltools.gnu-tools-for-stm32.9-2020-q2-update.win32_2.0.0.202105311346/tools/bin/../lib/gcc/arm-none-eabi/9.3.1/../../../../arm-none-eabi/lib/thumb/v7e-m+dp/hard\libm.a(lib_a-s_sin.o)
                0x0000000008010610                sin
 .text.atan2    0x00000000080106a0        0x4 c:/st/stm32cubeide_1.5.1/stm32cubeide/plugins/com.st.stm32cube.ide.mcu.externaltools.gnu-tools-for-stm32.9-2020-q2-update.win32_2.0.0.202105311346/tools/bin/../lib/gcc/arm-none-eabi/9.3.1/../../../../arm-none-eabi/lib/thumb/v7e-m+dp/hard\libm.a(lib_a-w_atan2.o)
                0x00000000080106a0                atan2
 *fill*         0x00000000080106a4        0x4 
 .text.sqrt     0x00000000080106a8       0x54 c:/st/stm32cubeide_1.5.1/stm32cubeide/plugins/com.st.stm32cube.ide.mcu.externaltools.gnu-tools-for-stm32.9-2020-q2-update.win32_2.0.0.202105311346/tools/bin/../lib/gcc/arm-none-eabi/9.3.1/../../../../arm-none-eabi/lib/thumb/v7e-m+dp/hard\libm.a(lib_a-w_sqrt.o)
                0x00000000080106a8                sqrt
 *fill*         0x00000000080106fc        0x4 
 .text.__ieee754_atan2
                0x0000000008010700      0x19c c:/st/stm32cubeide_1.5.1/stm32cubeide/plugins/com.st.stm32cube.ide.mcu.externaltools.gnu-tools-for-stm32.9-2020-q2-update.win32_2.0.0.202105311346/tools/bin/../lib/gcc/arm-none-eabi/9.3.1/../../../../arm-none-eabi/lib/thumb/v7e-m+dp/hard\libm.a(lib_a-e_atan2.o)
                0x0000000008010700                __ieee754_atan2
 *fill*         0x000000000801089c        0x4 
 .text.__ieee754_rem_pio2
                0x00000000080108a0      0x280 c:/st/stm32cubeide_1.5.1/stm32cubeide/plugins/com.st.stm32cube.ide.mcu.externaltools.gnu-tools-for-stm32.9-2020-q2-update.win32_2.0.0.202105311346/tools/bin/../lib/gcc/arm-none-eabi/9.3.1/../../../../arm-none-eabi/lib/thumb/v7e-m+dp/hard\libm.a(lib_a-e_rem_pio2.o)
                0x00000000080108a0                __ieee754_rem_pio2
 .text.__ieee754_sqrt
                0x0000000008010b20        0x6 c:/st/stm32cubeide_1.5.1/stm32cubeide/plugins/com.st.stm32cube.ide.mcu.externaltools.gnu-tools-for-stm32.9-2020-q2-update.win32_2.0.0.202105311346/tools/bin/../lib/gcc/arm-none-eabi/9.3.1/../../../../arm-none-eabi/lib/thumb/v7e-m+dp/hard\libm.a(lib_a-e_sqrt.o)
                0x0000000008010b20                __ieee754_sqrt
 *fill*         0x0000000008010b26        0x2 
 .text.__kernel_cos
                0x0000000008010b28       0xd8 c:/st/stm32cubeide_1.5.1/stm32cubeide/plugins/com.st.stm32cube.ide.mcu.externaltools.gnu-tools-for-stm32.9-2020-q2-update.win32_2.0.0.202105311346/tools/bin/../lib/gcc/arm-none-eabi/9.3.1/../../../../arm-none-eabi/lib/thumb/v7e-m+dp/hard\libm.a(lib_a-k_cos.o)
                0x0000000008010b28                __kernel_cos
 .text.__kernel_rem_pio2
                0x0000000008010c00      0x500 c:/st/stm32cubeide_1.5.1/stm32cubeide/plugins/com.st.stm32cube.ide.mcu.externaltools.gnu-tools-for-stm32.9-2020-q2-update.win32_2.0.0.202105311346/tools/bin/../lib/gcc/arm-none-eabi/9.3.1/../../../../arm-none-eabi/lib/thumb/v7e-m+dp/hard\libm.a(lib_a-k_rem_pio2.o)
                0x0000000008010c00                __kernel_rem_pio2
 .text.__kernel_sin
                0x0000000008011100       0xb0 c:/st/stm32cubeide_1.5.1/stm32cubeide/plugins/com.st.stm32cube.ide.mcu.externaltools.gnu-tools-for-stm32.9-2020-q2-update.win32_2.0.0.202105311346/tools/bin/../lib/gcc/arm-none-eabi/9.3.1/../../../../arm-none-eabi/lib/thumb/v7e-m+dp/hard\libm.a(lib_a-k_sin.o)
                0x0000000008011100                __kernel_sin
 .text.atan     0x00000000080111b0      0x1f4 c:/st/stm32cubeide_1.5.1/stm32cubeide/plugins/com.st.stm32cube.ide.mcu.externaltools.gnu-tools-for-stm32.9-2020-q2-update.win32_2.0.0.202105311346/tools/bin/../lib/gcc/arm-none-eabi/9.3.1/../../../../arm-none-eabi/lib/thumb/v7e-m+dp/hard\libm.a(lib_a-s_atan.o)
                0x00000000080111b0                atan
 .text.fabs     0x00000000080113a4       0x12 c:/st/stm32cubeide_1.5.1/stm32cubeide/plugins/com.st.stm32cube.ide.mcu.externaltools.gnu-tools-for-stm32.9-2020-q2-update.win32_2.0.0.202105311346/tools/bin/../lib/gcc/arm-none-eabi/9.3.1/../../../../arm-none-eabi/lib/thumb/v7e-m+dp/hard\libm.a(lib_a-s_fabs.o)
                0x00000000080113a4                fabs
 *fill*         0x00000000080113b6        0x2 
 .text.floor    0x00000000080113b8       0xe8 c:/st/stm32cubeide_1.5.1/stm32cubeide/plugins/com.st.stm32cube.ide.mcu.externaltools.gnu-tools-for-stm32.9-2020-q2-update.win32_2.0.0.202105311346/tools/bin/../lib/gcc/arm-none-eabi/9.3.1/../../../../arm-none-eabi/lib/thumb/v7e-m+dp/hard\libm.a(lib_a-s_floor.o)
                0x00000000080113b8                floor
 .text.scalbn   0x00000000080114a0      0x124 c:/st/stm32cubeide_1.5.1/stm32cubeide/plugins/com.st.stm32cube.ide.mcu.externaltools.gnu-tools-for-stm32.9-2020-q2-update.win32_2.0.0.202105311346/tools/bin/../lib/gcc/arm-none-eabi/9.3.1/../../../../arm-none-eabi/lib/thumb/v7e-m+dp/hard\libm.a(lib_a-s_scalbn.o)
                0x00000000080114a0                scalbn
 *(.glue_7)
 .glue_7        0x00000000080115c4        0x0 linker stubs
 *(.glue_7t)
 .glue_7t       0x00000000080115c4        0x0 linker stubs
 *(.eh_frame)
 .eh_frame      0x00000000080115c4        0x0 c:/st/stm32cubeide_1.5.1/stm32cubeide/plugins/com.st.stm32cube.ide.mcu.externaltools.gnu-tools-for-stm32.9-2020-q2-update.win32_2.0.0.202105311346/tools/bin/../lib/gcc/arm-none-eabi/9.3.1/thumb/v7e-m+dp/hard/crtbegin.o
 *(.init)
 .init          0x00000000080115c4        0x4 c:/st/stm32cubeide_1.5.1/stm32cubeide/plugins/com.st.stm32cube.ide.mcu.externaltools.gnu-tools-for-stm32.9-2020-q2-update.win32_2.0.0.202105311346/tools/bin/../lib/gcc/arm-none-eabi/9.3.1/thumb/v7e-m+dp/hard/crti.o
                0x00000000080115c4                _init
 .init          0x00000000080115c8        0x8 c:/st/stm32cubeide_1.5.1/stm32cubeide/plugins/com.st.stm32cube.ide.mcu.externaltools.gnu-tools-for-stm32.9-2020-q2-update.win32_2.0.0.202105311346/tools/bin/../lib/gcc/arm-none-eabi/9.3.1/thumb/v7e-m+dp/hard/crtn.o
 *(.fini)
 .fini          0x00000000080115d0        0x4 c:/st/stm32cubeide_1.5.1/stm32cubeide/plugins/com.st.stm32cube.ide.mcu.externaltools.gnu-tools-for-stm32.9-2020-q2-update.win32_2.0.0.202105311346/tools/bin/../lib/gcc/arm-none-eabi/9.3.1/thumb/v7e-m+dp/hard/crti.o
                0x00000000080115d0                _fini
 .fini          0x00000000080115d4        0x8 c:/st/stm32cubeide_1.5.1/stm32cubeide/plugins/com.st.stm32cube.ide.mcu.externaltools.gnu-tools-for-stm32.9-2020-q2-update.win32_2.0.0.202105311346/tools/bin/../lib/gcc/arm-none-eabi/9.3.1/thumb/v7e-m+dp/hard/crtn.o
                0x00000000080115dc                . = ALIGN (0x4)
                0x00000000080115dc                _etext = .

.vfp11_veneer   0x00000000080115dc        0x0
 .vfp11_veneer  0x00000000080115dc        0x0 linker stubs

.v4_bx          0x00000000080115dc        0x0
 .v4_bx         0x00000000080115dc        0x0 linker stubs

.iplt           0x00000000080115dc        0x0
 .iplt          0x00000000080115dc        0x0 c:/st/stm32cubeide_1.5.1/stm32cubeide/plugins/com.st.stm32cube.ide.mcu.externaltools.gnu-tools-for-stm32.9-2020-q2-update.win32_2.0.0.202105311346/tools/bin/../lib/gcc/arm-none-eabi/9.3.1/thumb/v7e-m+dp/hard/crtbegin.o

.rodata         0x00000000080115e0      0x288
                0x00000000080115e0                . = ALIGN (0x4)
 *(.rodata)
 *(.rodata*)
 .rodata.D1CorePrescTable
                0x00000000080115e0       0x10 ./Core/Src/system_stm32h7xx.o
                0x00000000080115e0                D1CorePrescTable
 .rodata.flagBitshiftOffset.12798
                0x00000000080115f0        0x8 ./Drivers/STM32H7xx_HAL_Driver/Src/stm32h7xx_hal_dma.o
 .rodata.UARTPrescTable
                0x00000000080115f8       0x18 ./Drivers/STM32H7xx_HAL_Driver/Src/stm32h7xx_hal_uart.o
                0x00000000080115f8                UARTPrescTable
 .rodata.numerator.12765
                0x0000000008011610        0x8 ./Drivers/STM32H7xx_HAL_Driver/Src/stm32h7xx_hal_uart_ex.o
 .rodata.denominator.12766
                0x0000000008011618        0x8 ./Drivers/STM32H7xx_HAL_Driver/Src/stm32h7xx_hal_uart_ex.o
 .rodata.CSWTCH.8
                0x0000000008011620       0x18 c:/st/stm32cubeide_1.5.1/stm32cubeide/plugins/com.st.stm32cube.ide.mcu.externaltools.gnu-tools-for-stm32.9-2020-q2-update.win32_2.0.0.202105311346/tools/bin/../lib/gcc/arm-none-eabi/9.3.1/../../../../arm-none-eabi/lib/thumb/v7e-m+dp/hard\libm.a(lib_a-e_atan2.o)
 .rodata.CSWTCH.9
                0x0000000008011638       0x18 c:/st/stm32cubeide_1.5.1/stm32cubeide/plugins/com.st.stm32cube.ide.mcu.externaltools.gnu-tools-for-stm32.9-2020-q2-update.win32_2.0.0.202105311346/tools/bin/../lib/gcc/arm-none-eabi/9.3.1/../../../../arm-none-eabi/lib/thumb/v7e-m+dp/hard\libm.a(lib_a-e_atan2.o)
 .rodata.npio2_hw
                0x0000000008011650       0x80 c:/st/stm32cubeide_1.5.1/stm32cubeide/plugins/com.st.stm32cube.ide.mcu.externaltools.gnu-tools-for-stm32.9-2020-q2-update.win32_2.0.0.202105311346/tools/bin/../lib/gcc/arm-none-eabi/9.3.1/../../../../arm-none-eabi/lib/thumb/v7e-m+dp/hard\libm.a(lib_a-e_rem_pio2.o)
 .rodata.two_over_pi
                0x00000000080116d0      0x108 c:/st/stm32cubeide_1.5.1/stm32cubeide/plugins/com.st.stm32cube.ide.mcu.externaltools.gnu-tools-for-stm32.9-2020-q2-update.win32_2.0.0.202105311346/tools/bin/../lib/gcc/arm-none-eabi/9.3.1/../../../../arm-none-eabi/lib/thumb/v7e-m+dp/hard\libm.a(lib_a-e_rem_pio2.o)
 .rodata.PIo2   0x00000000080117d8       0x40 c:/st/stm32cubeide_1.5.1/stm32cubeide/plugins/com.st.stm32cube.ide.mcu.externaltools.gnu-tools-for-stm32.9-2020-q2-update.win32_2.0.0.202105311346/tools/bin/../lib/gcc/arm-none-eabi/9.3.1/../../../../arm-none-eabi/lib/thumb/v7e-m+dp/hard\libm.a(lib_a-k_rem_pio2.o)
 .rodata.init_jk
                0x0000000008011818       0x10 c:/st/stm32cubeide_1.5.1/stm32cubeide/plugins/com.st.stm32cube.ide.mcu.externaltools.gnu-tools-for-stm32.9-2020-q2-update.win32_2.0.0.202105311346/tools/bin/../lib/gcc/arm-none-eabi/9.3.1/../../../../arm-none-eabi/lib/thumb/v7e-m+dp/hard\libm.a(lib_a-k_rem_pio2.o)
 .rodata.atanhi
                0x0000000008011828       0x20 c:/st/stm32cubeide_1.5.1/stm32cubeide/plugins/com.st.stm32cube.ide.mcu.externaltools.gnu-tools-for-stm32.9-2020-q2-update.win32_2.0.0.202105311346/tools/bin/../lib/gcc/arm-none-eabi/9.3.1/../../../../arm-none-eabi/lib/thumb/v7e-m+dp/hard\libm.a(lib_a-s_atan.o)
 .rodata.atanlo
                0x0000000008011848       0x20 c:/st/stm32cubeide_1.5.1/stm32cubeide/plugins/com.st.stm32cube.ide.mcu.externaltools.gnu-tools-for-stm32.9-2020-q2-update.win32_2.0.0.202105311346/tools/bin/../lib/gcc/arm-none-eabi/9.3.1/../../../../arm-none-eabi/lib/thumb/v7e-m+dp/hard\libm.a(lib_a-s_atan.o)
                0x0000000008011868                . = ALIGN (0x4)

.ARM.extab
 *(.ARM.extab* .gnu.linkonce.armextab.*)

.ARM            0x0000000008011868        0x8
                0x0000000008011868                __exidx_start = .
 *(.ARM.exidx*)
 .ARM.exidx     0x0000000008011868        0x8 c:/st/stm32cubeide_1.5.1/stm32cubeide/plugins/com.st.stm32cube.ide.mcu.externaltools.gnu-tools-for-stm32.9-2020-q2-update.win32_2.0.0.202105311346/tools/bin/../lib/gcc/arm-none-eabi/9.3.1/thumb/v7e-m+dp/hard\libgcc.a(_udivmoddi4.o)
                0x0000000008011870                __exidx_end = .

.rel.dyn        0x0000000008011870        0x0
 .rel.iplt      0x0000000008011870        0x0 c:/st/stm32cubeide_1.5.1/stm32cubeide/plugins/com.st.stm32cube.ide.mcu.externaltools.gnu-tools-for-stm32.9-2020-q2-update.win32_2.0.0.202105311346/tools/bin/../lib/gcc/arm-none-eabi/9.3.1/thumb/v7e-m+dp/hard/crtbegin.o

.preinit_array  0x0000000008011870        0x0
                0x0000000008011870                PROVIDE (__preinit_array_start = .)
 *(.preinit_array*)
                0x0000000008011870                PROVIDE (__preinit_array_end = .)

.init_array     0x0000000008011870        0x4
                0x0000000008011870                PROVIDE (__init_array_start = .)
 *(SORT_BY_NAME(.init_array.*))
 *(.init_array*)
 .init_array    0x0000000008011870        0x4 c:/st/stm32cubeide_1.5.1/stm32cubeide/plugins/com.st.stm32cube.ide.mcu.externaltools.gnu-tools-for-stm32.9-2020-q2-update.win32_2.0.0.202105311346/tools/bin/../lib/gcc/arm-none-eabi/9.3.1/thumb/v7e-m+dp/hard/crtbegin.o
                0x0000000008011874                PROVIDE (__init_array_end = .)

.fini_array     0x0000000008011874        0x4
                [!provide]                        PROVIDE (__fini_array_start = .)
 *(SORT_BY_NAME(.fini_array.*))
 *(.fini_array*)
 .fini_array    0x0000000008011874        0x4 c:/st/stm32cubeide_1.5.1/stm32cubeide/plugins/com.st.stm32cube.ide.mcu.externaltools.gnu-tools-for-stm32.9-2020-q2-update.win32_2.0.0.202105311346/tools/bin/../lib/gcc/arm-none-eabi/9.3.1/thumb/v7e-m+dp/hard/crtbegin.o
                [!provide]                        PROVIDE (__fini_array_end = .)
                0x0000000008011878                _sidata = LOADADDR (.data)

.data           0x0000000024000000       0x78 load address 0x0000000008011878
                0x0000000024000000                . = ALIGN (0x4)
                0x0000000024000000                _sdata = .
 *(.data)
 *(.data*)
 .data.SystemCoreClock
                0x0000000024000000        0x4 ./Core/Src/system_stm32h7xx.o
                0x0000000024000000                SystemCoreClock
 .data.SystemD2Clock
                0x0000000024000004        0x4 ./Core/Src/system_stm32h7xx.o
                0x0000000024000004                SystemD2Clock
 .data.uwTickPrio
                0x0000000024000008        0x4 ./Drivers/STM32H7xx_HAL_Driver/Src/stm32h7xx_hal.o
                0x0000000024000008                uwTickPrio
 .data.uwTickFreq
                0x000000002400000c        0x1 ./Drivers/STM32H7xx_HAL_Driver/Src/stm32h7xx_hal.o
                0x000000002400000c                uwTickFreq
 *fill*         0x000000002400000d        0x3 
 .data._impure_ptr
                0x0000000024000010        0x4 c:/st/stm32cubeide_1.5.1/stm32cubeide/plugins/com.st.stm32cube.ide.mcu.externaltools.gnu-tools-for-stm32.9-2020-q2-update.win32_2.0.0.202105311346/tools/bin/../lib/gcc/arm-none-eabi/9.3.1/../../../../arm-none-eabi/lib/thumb/v7e-m+dp/hard\libc_nano.a(lib_a-impure.o)
                0x0000000024000010                _impure_ptr
 .data.impure_data
                0x0000000024000014       0x60 c:/st/stm32cubeide_1.5.1/stm32cubeide/plugins/com.st.stm32cube.ide.mcu.externaltools.gnu-tools-for-stm32.9-2020-q2-update.win32_2.0.0.202105311346/tools/bin/../lib/gcc/arm-none-eabi/9.3.1/../../../../arm-none-eabi/lib/thumb/v7e-m+dp/hard\libc_nano.a(lib_a-impure.o)
 .data.__fdlib_version
                0x0000000024000074        0x1 c:/st/stm32cubeide_1.5.1/stm32cubeide/plugins/com.st.stm32cube.ide.mcu.externaltools.gnu-tools-for-stm32.9-2020-q2-update.win32_2.0.0.202105311346/tools/bin/../lib/gcc/arm-none-eabi/9.3.1/../../../../arm-none-eabi/lib/thumb/v7e-m+dp/hard\libm.a(lib_a-s_lib_ver.o)
                0x0000000024000074                __fdlib_version
 *(.RamFunc)
 *(.RamFunc*)
                0x0000000024000078                . = ALIGN (0x4)
 *fill*         0x0000000024000075        0x3 
                0x0000000024000078                _edata = .

.igot.plt       0x0000000024000078        0x0 load address 0x00000000080118f0
 .igot.plt      0x0000000024000078        0x0 c:/st/stm32cubeide_1.5.1/stm32cubeide/plugins/com.st.stm32cube.ide.mcu.externaltools.gnu-tools-for-stm32.9-2020-q2-update.win32_2.0.0.202105311346/tools/bin/../lib/gcc/arm-none-eabi/9.3.1/thumb/v7e-m+dp/hard/crtbegin.o

.RxDecripSection
                0x0000000024000078       0x60 load address 0x00000000080118f0
 .RxDecripSection
                0x0000000024000078       0x60 ./Core/Src/main.o
                0x0000000024000078                DMARxDscrTab

.TxDecripSection
                0x00000000240000d8       0x60 load address 0x0000000008011950
 .TxDecripSection
                0x00000000240000d8       0x60 ./Core/Src/main.o
                0x00000000240000d8                DMATxDscrTab
                0x0000000024000138                . = ALIGN (0x4)

.bss            0x0000000024000138      0xfcc load address 0x00000000080119b0
                0x0000000024000138                _sbss = .
                0x0000000024000138                __bss_start__ = _sbss
 *(.bss)
 .bss           0x0000000024000138       0x1c c:/st/stm32cubeide_1.5.1/stm32cubeide/plugins/com.st.stm32cube.ide.mcu.externaltools.gnu-tools-for-stm32.9-2020-q2-update.win32_2.0.0.202105311346/tools/bin/../lib/gcc/arm-none-eabi/9.3.1/thumb/v7e-m+dp/hard/crtbegin.o
 *(.bss*)
 *fill*         0x0000000024000154        0x4 
 .bss.iks       0x0000000024000158       0x28 ./Core/Src/IK.o
 .bss.pids      0x0000000024000180       0xdc ./Core/Src/PID.o
 .bss.encoders  0x000000002400025c       0x3c ./Core/Src/QEI.o
 .bss.steppers  0x0000000024000298      0x1b8 ./Core/Src/STEPPER.o
 .bss.taskspaces
                0x0000000024000450       0x70 ./Core/Src/TASKSPACE.o
 .bss.cartesians
                0x00000000240004c0       0x20 ./Core/Src/cartesianJog.o
 .bss.fks       0x00000000240004e0       0x20 ./Core/Src/forwardKinematic.o
 .bss.state     0x0000000024000500        0x4 ./Core/Src/main.o
                0x0000000024000500                state
 .bss.MACAddr.15344
                0x0000000024000504        0x6 ./Core/Src/main.o
 *(COMMON)
 *fill*         0x000000002400050a        0x2 
 COMMON         0x000000002400050c      0x108 ./Core/Src/Serial.o
                0x000000002400050c                Serials
 COMMON         0x0000000024000614      0xaec ./Core/Src/main.o
                0x0000000024000614                huart7
                0x00000000240006a4                htim4
                0x00000000240006f0                hpcd_USB_OTG_FS
                0x0000000024000af8                htim17
                0x0000000024000b44                hdma_adc3
                0x0000000024000bbc                htim5
                0x0000000024000c08                htim3
                0x0000000024000c54                hspi3
                0x0000000024000cdc                huart5
                0x0000000024000d6c                hadc3
                0x0000000024000dd0                htim13
                0x0000000024000e1c                STEP_CONTROLLER_PERIOD_US
                0x0000000024000e20                htim1
                0x0000000024000e6c                STEP_TIMER_CLOCK
                0x0000000024000e70                htim2
                0x0000000024000ebc                hdma_uart5_rx
                0x0000000024000f34                htim12
                0x0000000024000f80                heth
                0x0000000024001008                TxConfig
                0x000000002400103c                htim16
                0x0000000024001088                hdma_uart5_tx
 COMMON         0x0000000024001100        0x4 ./Drivers/STM32H7xx_HAL_Driver/Src/stm32h7xx_hal.o
                0x0000000024001100                uwTick
                0x0000000024001104                . = ALIGN (0x4)
                0x0000000024001104                _ebss = .
                0x0000000024001104                __bss_end__ = _ebss

._user_heap_stack
                0x0000000024001104      0x604 load address 0x00000000080119b0
                0x0000000024001108                . = ALIGN (0x8)
 *fill*         0x0000000024001104        0x4 
                [!provide]                        PROVIDE (end = .)
                0x0000000024001108                PROVIDE (_end = .)
                0x0000000024001308                . = (. + _Min_Heap_Size)
 *fill*         0x0000000024001108      0x200 
                0x0000000024001708                . = (. + _Min_Stack_Size)
 *fill*         0x0000000024001308      0x400 
                0x0000000024001708                . = ALIGN (0x8)

/DISCARD/
 libc.a(*)
 libm.a(*)
 libgcc.a(*)

.ARM.attributes
                0x0000000000000000       0x2e
 *(.ARM.attributes)
 .ARM.attributes
                0x0000000000000000       0x1e c:/st/stm32cubeide_1.5.1/stm32cubeide/plugins/com.st.stm32cube.ide.mcu.externaltools.gnu-tools-for-stm32.9-2020-q2-update.win32_2.0.0.202105311346/tools/bin/../lib/gcc/arm-none-eabi/9.3.1/thumb/v7e-m+dp/hard/crti.o
 .ARM.attributes
                0x000000000000001e       0x32 c:/st/stm32cubeide_1.5.1/stm32cubeide/plugins/com.st.stm32cube.ide.mcu.externaltools.gnu-tools-for-stm32.9-2020-q2-update.win32_2.0.0.202105311346/tools/bin/../lib/gcc/arm-none-eabi/9.3.1/thumb/v7e-m+dp/hard/crtbegin.o
 .ARM.attributes
                0x0000000000000050       0x32 ./Core/Src/IK.o
 .ARM.attributes
                0x0000000000000082       0x32 ./Core/Src/PID.o
 .ARM.attributes
                0x00000000000000b4       0x32 ./Core/Src/QEI.o
 .ARM.attributes
                0x00000000000000e6       0x32 ./Core/Src/STEPPER.o
 .ARM.attributes
                0x0000000000000118       0x32 ./Core/Src/Serial.o
 .ARM.attributes
                0x000000000000014a       0x32 ./Core/Src/TASKSPACE.o
 .ARM.attributes
                0x000000000000017c       0x32 ./Core/Src/cartesianJog.o
 .ARM.attributes
                0x00000000000001ae       0x32 ./Core/Src/forwardKinematic.o
 .ARM.attributes
                0x00000000000001e0       0x32 ./Core/Src/main.o
 .ARM.attributes
                0x0000000000000212       0x32 ./Core/Src/stm32h7xx_hal_msp.o
 .ARM.attributes
                0x0000000000000244       0x32 ./Core/Src/stm32h7xx_it.o
 .ARM.attributes
                0x0000000000000276       0x32 ./Core/Src/system_stm32h7xx.o
 .ARM.attributes
                0x00000000000002a8       0x21 ./Core/Startup/startup_stm32h743zitx.o
 .ARM.attributes
                0x00000000000002c9       0x32 ./Drivers/STM32H7xx_HAL_Driver/Src/stm32h7xx_hal.o
 .ARM.attributes
                0x00000000000002fb       0x32 ./Drivers/STM32H7xx_HAL_Driver/Src/stm32h7xx_hal_adc.o
 .ARM.attributes
                0x000000000000032d       0x32 ./Drivers/STM32H7xx_HAL_Driver/Src/stm32h7xx_hal_cortex.o
 .ARM.attributes
                0x000000000000035f       0x32 ./Drivers/STM32H7xx_HAL_Driver/Src/stm32h7xx_hal_dma.o
 .ARM.attributes
                0x0000000000000391       0x32 ./Drivers/STM32H7xx_HAL_Driver/Src/stm32h7xx_hal_eth.o
 .ARM.attributes
                0x00000000000003c3       0x32 ./Drivers/STM32H7xx_HAL_Driver/Src/stm32h7xx_hal_gpio.o
 .ARM.attributes
                0x00000000000003f5       0x32 ./Drivers/STM32H7xx_HAL_Driver/Src/stm32h7xx_hal_pcd.o
 .ARM.attributes
                0x0000000000000427       0x32 ./Drivers/STM32H7xx_HAL_Driver/Src/stm32h7xx_hal_pcd_ex.o
 .ARM.attributes
                0x0000000000000459       0x32 ./Drivers/STM32H7xx_HAL_Driver/Src/stm32h7xx_hal_pwr_ex.o
 .ARM.attributes
                0x000000000000048b       0x32 ./Drivers/STM32H7xx_HAL_Driver/Src/stm32h7xx_hal_rcc.o
 .ARM.attributes
                0x00000000000004bd       0x32 ./Drivers/STM32H7xx_HAL_Driver/Src/stm32h7xx_hal_rcc_ex.o
 .ARM.attributes
                0x00000000000004ef       0x32 ./Drivers/STM32H7xx_HAL_Driver/Src/stm32h7xx_hal_spi.o
 .ARM.attributes
                0x0000000000000521       0x32 ./Drivers/STM32H7xx_HAL_Driver/Src/stm32h7xx_hal_tim.o
 .ARM.attributes
                0x0000000000000553       0x32 ./Drivers/STM32H7xx_HAL_Driver/Src/stm32h7xx_hal_tim_ex.o
 .ARM.attributes
                0x0000000000000585       0x32 ./Drivers/STM32H7xx_HAL_Driver/Src/stm32h7xx_hal_uart.o
 .ARM.attributes
                0x00000000000005b7       0x32 ./Drivers/STM32H7xx_HAL_Driver/Src/stm32h7xx_hal_uart_ex.o
 .ARM.attributes
                0x00000000000005e9       0x32 ./Drivers/STM32H7xx_HAL_Driver/Src/stm32h7xx_ll_usb.o
 .ARM.attributes
                0x000000000000061b       0x32 c:/st/stm32cubeide_1.5.1/stm32cubeide/plugins/com.st.stm32cube.ide.mcu.externaltools.gnu-tools-for-stm32.9-2020-q2-update.win32_2.0.0.202105311346/tools/bin/../lib/gcc/arm-none-eabi/9.3.1/../../../../arm-none-eabi/lib/thumb/v7e-m+dp/hard\libc_nano.a(lib_a-errno.o)
 .ARM.attributes
                0x000000000000064d       0x30 c:/st/stm32cubeide_1.5.1/stm32cubeide/plugins/com.st.stm32cube.ide.mcu.externaltools.gnu-tools-for-stm32.9-2020-q2-update.win32_2.0.0.202105311346/tools/bin/../lib/gcc/arm-none-eabi/9.3.1/../../../../arm-none-eabi/lib/thumb/v7e-m+dp/hard\libc_nano.a(lib_a-impure.o)
 .ARM.attributes
                0x000000000000067d       0x32 c:/st/stm32cubeide_1.5.1/stm32cubeide/plugins/com.st.stm32cube.ide.mcu.externaltools.gnu-tools-for-stm32.9-2020-q2-update.win32_2.0.0.202105311346/tools/bin/../lib/gcc/arm-none-eabi/9.3.1/../../../../arm-none-eabi/lib/thumb/v7e-m+dp/hard\libc_nano.a(lib_a-init.o)
 .ARM.attributes
                0x00000000000006af       0x32 c:/st/stm32cubeide_1.5.1/stm32cubeide/plugins/com.st.stm32cube.ide.mcu.externaltools.gnu-tools-for-stm32.9-2020-q2-update.win32_2.0.0.202105311346/tools/bin/../lib/gcc/arm-none-eabi/9.3.1/../../../../arm-none-eabi/lib/thumb/v7e-m+dp/hard\libc_nano.a(lib_a-memset.o)
 .ARM.attributes
                0x00000000000006e1       0x32 c:/st/stm32cubeide_1.5.1/stm32cubeide/plugins/com.st.stm32cube.ide.mcu.externaltools.gnu-tools-for-stm32.9-2020-q2-update.win32_2.0.0.202105311346/tools/bin/../lib/gcc/arm-none-eabi/9.3.1/../../../../arm-none-eabi/lib/thumb/v7e-m+dp/hard\libm.a(lib_a-s_cos.o)
 .ARM.attributes
                0x0000000000000713       0x32 c:/st/stm32cubeide_1.5.1/stm32cubeide/plugins/com.st.stm32cube.ide.mcu.externaltools.gnu-tools-for-stm32.9-2020-q2-update.win32_2.0.0.202105311346/tools/bin/../lib/gcc/arm-none-eabi/9.3.1/../../../../arm-none-eabi/lib/thumb/v7e-m+dp/hard\libm.a(lib_a-s_sin.o)
 .ARM.attributes
                0x0000000000000745       0x32 c:/st/stm32cubeide_1.5.1/stm32cubeide/plugins/com.st.stm32cube.ide.mcu.externaltools.gnu-tools-for-stm32.9-2020-q2-update.win32_2.0.0.202105311346/tools/bin/../lib/gcc/arm-none-eabi/9.3.1/../../../../arm-none-eabi/lib/thumb/v7e-m+dp/hard\libm.a(lib_a-w_atan2.o)
 .ARM.attributes
                0x0000000000000777       0x32 c:/st/stm32cubeide_1.5.1/stm32cubeide/plugins/com.st.stm32cube.ide.mcu.externaltools.gnu-tools-for-stm32.9-2020-q2-update.win32_2.0.0.202105311346/tools/bin/../lib/gcc/arm-none-eabi/9.3.1/../../../../arm-none-eabi/lib/thumb/v7e-m+dp/hard\libm.a(lib_a-w_sqrt.o)
 .ARM.attributes
                0x00000000000007a9       0x32 c:/st/stm32cubeide_1.5.1/stm32cubeide/plugins/com.st.stm32cube.ide.mcu.externaltools.gnu-tools-for-stm32.9-2020-q2-update.win32_2.0.0.202105311346/tools/bin/../lib/gcc/arm-none-eabi/9.3.1/../../../../arm-none-eabi/lib/thumb/v7e-m+dp/hard\libm.a(lib_a-e_atan2.o)
 .ARM.attributes
                0x00000000000007db       0x32 c:/st/stm32cubeide_1.5.1/stm32cubeide/plugins/com.st.stm32cube.ide.mcu.externaltools.gnu-tools-for-stm32.9-2020-q2-update.win32_2.0.0.202105311346/tools/bin/../lib/gcc/arm-none-eabi/9.3.1/../../../../arm-none-eabi/lib/thumb/v7e-m+dp/hard\libm.a(lib_a-e_rem_pio2.o)
 .ARM.attributes
                0x000000000000080d       0x32 c:/st/stm32cubeide_1.5.1/stm32cubeide/plugins/com.st.stm32cube.ide.mcu.externaltools.gnu-tools-for-stm32.9-2020-q2-update.win32_2.0.0.202105311346/tools/bin/../lib/gcc/arm-none-eabi/9.3.1/../../../../arm-none-eabi/lib/thumb/v7e-m+dp/hard\libm.a(lib_a-e_sqrt.o)
 .ARM.attributes
                0x000000000000083f       0x32 c:/st/stm32cubeide_1.5.1/stm32cubeide/plugins/com.st.stm32cube.ide.mcu.externaltools.gnu-tools-for-stm32.9-2020-q2-update.win32_2.0.0.202105311346/tools/bin/../lib/gcc/arm-none-eabi/9.3.1/../../../../arm-none-eabi/lib/thumb/v7e-m+dp/hard\libm.a(lib_a-k_cos.o)
 .ARM.attributes
                0x0000000000000871       0x32 c:/st/stm32cubeide_1.5.1/stm32cubeide/plugins/com.st.stm32cube.ide.mcu.externaltools.gnu-tools-for-stm32.9-2020-q2-update.win32_2.0.0.202105311346/tools/bin/../lib/gcc/arm-none-eabi/9.3.1/../../../../arm-none-eabi/lib/thumb/v7e-m+dp/hard\libm.a(lib_a-k_rem_pio2.o)
 .ARM.attributes
                0x00000000000008a3       0x32 c:/st/stm32cubeide_1.5.1/stm32cubeide/plugins/com.st.stm32cube.ide.mcu.externaltools.gnu-tools-for-stm32.9-2020-q2-update.win32_2.0.0.202105311346/tools/bin/../lib/gcc/arm-none-eabi/9.3.1/../../../../arm-none-eabi/lib/thumb/v7e-m+dp/hard\libm.a(lib_a-k_sin.o)
 .ARM.attributes
                0x00000000000008d5       0x32 c:/st/stm32cubeide_1.5.1/stm32cubeide/plugins/com.st.stm32cube.ide.mcu.externaltools.gnu-tools-for-stm32.9-2020-q2-update.win32_2.0.0.202105311346/tools/bin/../lib/gcc/arm-none-eabi/9.3.1/../../../../arm-none-eabi/lib/thumb/v7e-m+dp/hard\libm.a(lib_a-s_atan.o)
 .ARM.attributes
                0x0000000000000907       0x32 c:/st/stm32cubeide_1.5.1/stm32cubeide/plugins/com.st.stm32cube.ide.mcu.externaltools.gnu-tools-for-stm32.9-2020-q2-update.win32_2.0.0.202105311346/tools/bin/../lib/gcc/arm-none-eabi/9.3.1/../../../../arm-none-eabi/lib/thumb/v7e-m+dp/hard\libm.a(lib_a-s_fabs.o)
 .ARM.attributes
                0x0000000000000939       0x32 c:/st/stm32cubeide_1.5.1/stm32cubeide/plugins/com.st.stm32cube.ide.mcu.externaltools.gnu-tools-for-stm32.9-2020-q2-update.win32_2.0.0.202105311346/tools/bin/../lib/gcc/arm-none-eabi/9.3.1/../../../../arm-none-eabi/lib/thumb/v7e-m+dp/hard\libm.a(lib_a-s_floor.o)
 .ARM.attributes
                0x000000000000096b       0x30 c:/st/stm32cubeide_1.5.1/stm32cubeide/plugins/com.st.stm32cube.ide.mcu.externaltools.gnu-tools-for-stm32.9-2020-q2-update.win32_2.0.0.202105311346/tools/bin/../lib/gcc/arm-none-eabi/9.3.1/../../../../arm-none-eabi/lib/thumb/v7e-m+dp/hard\libm.a(lib_a-s_lib_ver.o)
 .ARM.attributes
                0x000000000000099b       0x32 c:/st/stm32cubeide_1.5.1/stm32cubeide/plugins/com.st.stm32cube.ide.mcu.externaltools.gnu-tools-for-stm32.9-2020-q2-update.win32_2.0.0.202105311346/tools/bin/../lib/gcc/arm-none-eabi/9.3.1/../../../../arm-none-eabi/lib/thumb/v7e-m+dp/hard\libm.a(lib_a-s_scalbn.o)
 .ARM.attributes
                0x00000000000009cd       0x1e c:/st/stm32cubeide_1.5.1/stm32cubeide/plugins/com.st.stm32cube.ide.mcu.externaltools.gnu-tools-for-stm32.9-2020-q2-update.win32_2.0.0.202105311346/tools/bin/../lib/gcc/arm-none-eabi/9.3.1/thumb/v7e-m+dp/hard\libgcc.a(_aeabi_uldivmod.o)
 .ARM.attributes
                0x00000000000009eb       0x32 c:/st/stm32cubeide_1.5.1/stm32cubeide/plugins/com.st.stm32cube.ide.mcu.externaltools.gnu-tools-for-stm32.9-2020-q2-update.win32_2.0.0.202105311346/tools/bin/../lib/gcc/arm-none-eabi/9.3.1/thumb/v7e-m+dp/hard\libgcc.a(_udivmoddi4.o)
 .ARM.attributes
                0x0000000000000a1d       0x1e c:/st/stm32cubeide_1.5.1/stm32cubeide/plugins/com.st.stm32cube.ide.mcu.externaltools.gnu-tools-for-stm32.9-2020-q2-update.win32_2.0.0.202105311346/tools/bin/../lib/gcc/arm-none-eabi/9.3.1/thumb/v7e-m+dp/hard\libgcc.a(_dvmd_tls.o)
 .ARM.attributes
                0x0000000000000a3b       0x1e c:/st/stm32cubeide_1.5.1/stm32cubeide/plugins/com.st.stm32cube.ide.mcu.externaltools.gnu-tools-for-stm32.9-2020-q2-update.win32_2.0.0.202105311346/tools/bin/../lib/gcc/arm-none-eabi/9.3.1/thumb/v7e-m+dp/hard/crtn.o
OUTPUT(MODULE89.elf elf32-littlearm)
LOAD linker stubs
LOAD c:/st/stm32cubeide_1.5.1/stm32cubeide/plugins/com.st.stm32cube.ide.mcu.externaltools.gnu-tools-for-stm32.9-2020-q2-update.win32_2.0.0.202105311346/tools/bin/../lib/gcc/arm-none-eabi/9.3.1/../../../../arm-none-eabi/lib/thumb/v7e-m+dp/hard\libc.a
LOAD c:/st/stm32cubeide_1.5.1/stm32cubeide/plugins/com.st.stm32cube.ide.mcu.externaltools.gnu-tools-for-stm32.9-2020-q2-update.win32_2.0.0.202105311346/tools/bin/../lib/gcc/arm-none-eabi/9.3.1/../../../../arm-none-eabi/lib/thumb/v7e-m+dp/hard\libm.a
LOAD c:/st/stm32cubeide_1.5.1/stm32cubeide/plugins/com.st.stm32cube.ide.mcu.externaltools.gnu-tools-for-stm32.9-2020-q2-update.win32_2.0.0.202105311346/tools/bin/../lib/gcc/arm-none-eabi/9.3.1/thumb/v7e-m+dp/hard\libgcc.a

.debug_info     0x0000000000000000    0x38ecf
 .debug_info    0x0000000000000000      0xd36 ./Core/Src/IK.o
 .debug_info    0x0000000000000d36      0x227 ./Core/Src/PID.o
 .debug_info    0x0000000000000f5d     0x142b ./Core/Src/QEI.o
 .debug_info    0x0000000000002388     0x1af9 ./Core/Src/STEPPER.o
 .debug_info    0x0000000000003e81     0x15a5 ./Core/Src/Serial.o
 .debug_info    0x0000000000005426      0xe74 ./Core/Src/TASKSPACE.o
 .debug_info    0x000000000000629a      0xd42 ./Core/Src/cartesianJog.o
 .debug_info    0x0000000000006fdc      0xd19 ./Core/Src/forwardKinematic.o
 .debug_info    0x0000000000007cf5     0x47ad ./Core/Src/main.o
 .debug_info    0x000000000000c4a2     0x4372 ./Core/Src/stm32h7xx_hal_msp.o
 .debug_info    0x0000000000010814     0x1799 ./Core/Src/stm32h7xx_it.o
 .debug_info    0x0000000000011fad     0x1787 ./Core/Src/system_stm32h7xx.o
 .debug_info    0x0000000000013734       0x22 ./Core/Startup/startup_stm32h743zitx.o
 .debug_info    0x0000000000013756     0x1f9d ./Drivers/STM32H7xx_HAL_Driver/Src/stm32h7xx_hal.o
 .debug_info    0x00000000000156f3     0x294b ./Drivers/STM32H7xx_HAL_Driver/Src/stm32h7xx_hal_adc.o
 .debug_info    0x000000000001803e     0x1c13 ./Drivers/STM32H7xx_HAL_Driver/Src/stm32h7xx_hal_cortex.o
 .debug_info    0x0000000000019c51     0x174c ./Drivers/STM32H7xx_HAL_Driver/Src/stm32h7xx_hal_dma.o
 .debug_info    0x000000000001b39d     0x3293 ./Drivers/STM32H7xx_HAL_Driver/Src/stm32h7xx_hal_eth.o