main.c:146:5:main	32	static
main.c:291:6:SystemClock_Config	120	static
main.c:352:13:MX_ADC3_Init	40	static
main.c:409:13:MX_ETH_Init	8	static
main.c:458:13:MX_SPI3_Init	8	static
main.c:506:13:MX_TIM1_Init	56	static
main.c:557:13:MX_TIM2_Init	56	static
main.c:606:13:MX_TIM3_Init	56	static
main.c:655:13:MX_TIM4_Init	56	static
main.c:704:13:MX_TIM5_Init	40	static
main.c:749:13:MX_TIM12_Init	56	static
main.c:801:13:MX_TIM13_Init	40	static
main.c:847:13:MX_TIM16_Init	80	static
main.c:910:13:MX_TIM17_Init	80	static
main.c:973:13:MX_UART5_Init	8	static
main.c:1021:13:MX_UART7_Init	8	static
main.c:1069:13:MX_USB_OTG_FS_PCD_Init	8	static
main.c:1103:13:MX_BDMA_Init	16	static
main.c:1119:13:MX_DMA_Init	16	static
main.c:1140:13:MX_GPIO_Init	64	static
main.c:1264:6:HAL_UART_RxCpltCallback	16	static
main.c:1272:6:HAL_TIM_PeriodElapsedCallback	16	static
main.c:1278:6:HAL_GPIO_EXTI_Callback	16	static
main.c:1300:6:Error_Handler	4	static,ignoring_inline_asm
