main.c:141:5:main	16	static
main.c:269:6:SystemClock_Config	120	static
main.c:330:13:MX_ADC3_Init	40	static
main.c:387:13:MX_ETH_Init	8	static
main.c:436:13:MX_SPI3_Init	8	static
main.c:484:13:MX_TIM1_Init	56	static
main.c:535:13:MX_TIM2_Init	56	static
main.c:584:13:MX_TIM3_Init	56	static
main.c:633:13:MX_TIM4_Init	56	static
main.c:682:13:MX_TIM5_Init	40	static
main.c:727:13:MX_TIM12_Init	56	static
main.c:779:13:MX_TIM13_Init	40	static
main.c:825:13:MX_TIM16_Init	80	static
main.c:888:13:MX_TIM17_Init	80	static
main.c:951:13:MX_UART5_Init	8	static
main.c:999:13:MX_UART7_Init	8	static
main.c:1047:13:MX_USB_OTG_FS_PCD_Init	8	static
main.c:1081:13:MX_BDMA_Init	16	static
main.c:1097:13:MX_DMA_Init	16	static
main.c:1118:13:MX_GPIO_Init	64	static
main.c:1242:6:HAL_UART_RxCpltCallback	16	static
main.c:1250:6:HAL_TIM_PeriodElapsedCallback	16	static
main.c:1256:6:HAL_GPIO_EXTI_Callback	16	static
main.c:1278:6:Error_Handler	4	static,ignoring_inline_asm
