STEPPER.c:15:15:Stepper_Setup	32	static
STEPPER.c:27:6:Stepper_SetStepTimer	24	static
STEPPER.c:44:15:Stepper_DefaultState	24	static
STEPPER.c:61:15:Stepper_SetMinPosition	24	static
STEPPER.c:66:15:Stepper_SetMaxPosition	24	static
STEPPER.c:71:15:Stepper_SetMinSpeed	24	static
STEPPER.c:76:15:Stepper_SetMaxSpeed	24	static
STEPPER.c:81:15:Stepper_SetTraget	24	static
STEPPER.c:103:15:Stepper_SetSpeed	24	static
STEPPER.c:116:6:Stepper_Direction	32	static
STEPPER.c:129:6:enable_Stepper_OE	8	static
STEPPER.c:133:6:disable_Stepper_OE	8	static
STEPPER.c:137:6:Stepper_runStep	24	static
STEPPER.c:157:6:Stepper_StartStop	24	static
STEPPER.c:167:6:Stepper_updateHome	24	static
STEPPER.c:177:8:Stepper_Checkhome	24	static
STEPPER.c:182:6:Stepper_SetHome	32	static
