STEPPER.c:14:6:SetAccelerationByMinSPS	32	static
STEPPER.c:54:6:SetStepTimerByCurrentSPS	32	static
STEPPER.c:71:6:DecrementSPS	16	static
STEPPER.c:78:6:IncrementSPS	16	static
STEPPER.c:95:9:GetStepDirectionUnit	16	static
STEPPER.c:99:9:GetStepsToTarget	24	static
STEPPER.c:104:15:Stepper_SetupPeripherals	32	static
STEPPER.c:128:15:Stepper_InitDefaultState	24	static
STEPPER.c:155:6:ExecuteController	64	static
STEPPER.c:229:6:Stepper_PulseTimerUpdate	24	static
STEPPER.c:261:6:Stepper_ExecuteAllControllers	16	static
STEPPER.c:273:15:Stepper_SetTargetPosition	24	static
STEPPER.c:285:15:Stepper_SetCurrentPosition	24	static
STEPPER.c:301:15:Stepper_SetMinSPS	24	static
STEPPER.c:335:15:Stepper_SetMaxSPS	24	static
STEPPER.c:368:15:Stepper_SetAccSPS	24	static
STEPPER.c:393:15:Stepper_SetAccPrescaler	24	static
STEPPER.c:408:9:Stepper_GetTargetPosition	24	static
STEPPER.c:415:9:Stepper_GetCurrentPosition	24	static
STEPPER.c:422:9:Stepper_GetMinSPS	24	static
STEPPER.c:429:9:Stepper_GetMaxSPS	24	static
STEPPER.c:436:9:Stepper_GetCurrentSPS	24	static
STEPPER.c:443:9:Stepper_GetAccSPS	24	static
STEPPER.c:450:9:Stepper_GetAccPrescaler	24	static
STEPPER.c:457:16:Stepper_GetStatus	24	static
