STEPPER.c:13:15:Stepper_Setup	32	static
STEPPER.c:24:15:Stepper_SetMaxMinPosition	32	static
STEPPER.c:31:6:Stepper_updateAcceleration	32	static
STEPPER.c:60:6:Stepper_SetStepTimer	32	static
STEPPER.c:78:6:DecrementSpeed	16	static
STEPPER.c:85:6:IncrementSpeed	16	static
STEPPER.c:94:15:Stepper_DefaultState	24	static
STEPPER.c:117:9:GetStepDirectionUnit	16	static
STEPPER.c:121:9:GetStepsToTarget	24	static
STEPPER.c:126:6:Stepper_updateDirection	16	static
STEPPER.c:150:6:Stepper_AllRunStepper	8	static
STEPPER.c:156:6:Stepper_runStepper	24	static
STEPPER.c:169:6:Stepper_updateAngle	16	static
STEPPER.c:173:6:Stepper_updatePulse	24	static
STEPPER.c:185:15:Stepper_SetTargetPosition	24	static
