STEPPER.c:15:15:Stepper_Setup	32	static
STEPPER.c:27:6:Stepper_SetStepTimer	24	static
STEPPER.c:44:15:Stepper_DefaultState	24	static
STEPPER.c:61:15:Stepper_SetMinPosition	24	static
STEPPER.c:67:15:Stepper_SetMaxPosition	24	static
STEPPER.c:73:15:Stepper_SetMinSpeed	24	static
STEPPER.c:79:15:Stepper_SetMaxSpeed	24	static
STEPPER.c:85:15:Stepper_SetTraget	24	static
STEPPER.c:107:15:Stepper_SetSpeed	24	static
STEPPER.c:120:6:Stepper_Direction	32	static
STEPPER.c:133:6:enable_Stepper_OE	8	static
STEPPER.c:137:6:disable_Stepper_OE	8	static
STEPPER.c:141:6:Stepper_runStep	24	static
STEPPER.c:163:6:Stepper_StartStop	24	static
STEPPER.c:173:6:Stepper_updateHome	24	static
STEPPER.c:183:8:Stepper_Checkhome	24	static
STEPPER.c:188:6:Stepper_SetHome	32	static
STEPPER.c:199:9:Stepper_currentPosition	24	static
STEPPER.c:205:9:Stepper_currentPosition_real	24	static
STEPPER.c:211:9:encoder_to_joint	24	static
STEPPER.c:225:9:joint_to_encoder	24	static
