STEPPER.c:16:15:Stepper_Setup	32	static
STEPPER.c:28:6:Stepper_SetStepTimer	24	static
STEPPER.c:45:15:Stepper_DefaultState	24	static
STEPPER.c:62:15:Stepper_SetMinPosition	24	static
STEPPER.c:68:15:Stepper_SetMaxPosition	24	static
STEPPER.c:74:15:Stepper_SetMinSpeed	24	static
STEPPER.c:80:15:Stepper_SetMaxSpeed	24	static
STEPPER.c:86:15:Stepper_SetTraget	24	static
STEPPER.c:109:15:Stepper_SetSpeed	24	static
STEPPER.c:122:6:Stepper_Direction	32	static
STEPPER.c:148:6:enable_Stepper_OE	8	static
STEPPER.c:152:6:disable_Stepper_OE	8	static
STEPPER.c:156:6:Stepper_runStep	24	static
STEPPER.c:179:6:Stepper_StartStop	24	static
STEPPER.c:189:6:Stepper_updateHome	24	static
STEPPER.c:199:8:Stepper_Checkhome	24	static
STEPPER.c:204:6:Stepper_SetHome	32	static
STEPPER.c:215:9:Stepper_currentPosition	24	static
STEPPER.c:222:9:Stepper_currentPosition_real	24	static
STEPPER.c:230:9:Stepper_targetPosition_real	24	static
STEPPER.c:236:9:encoder_to_joint	24	static
STEPPER.c:251:9:joint_to_encoder	24	static
