stm32h7xx_it.c:79:6:NMI_Handler	4	static
stm32h7xx_it.c:94:6:HardFault_Handler	4	static
stm32h7xx_it.c:109:6:MemManage_Handler	4	static
stm32h7xx_it.c:124:6:BusFault_Handler	4	static
stm32h7xx_it.c:139:6:UsageFault_Handler	4	static
stm32h7xx_it.c:154:6:SVC_Handler	4	static
stm32h7xx_it.c:167:6:DebugMon_Handler	4	static
stm32h7xx_it.c:180:6:PendSV_Handler	4	static
stm32h7xx_it.c:193:6:SysTick_Handler	8	static
stm32h7xx_it.c:214:6:EXTI4_IRQHandler	8	static
stm32h7xx_it.c:228:6:DMA1_Stream0_IRQHandler	8	static
stm32h7xx_it.c:242:6:DMA1_Stream1_IRQHandler	8	static
stm32h7xx_it.c:256:6:EXTI9_5_IRQHandler	8	static
stm32h7xx_it.c:272:6:TIM8_BRK_TIM12_IRQHandler	8	static
stm32h7xx_it.c:286:6:TIM8_UP_TIM13_IRQHandler	8	static
stm32h7xx_it.c:300:6:TIM5_IRQHandler	8	static
stm32h7xx_it.c:314:6:UART5_IRQHandler	8	static
stm32h7xx_it.c:328:6:UART7_IRQHandler	8	static
stm32h7xx_it.c:342:6:TIM16_IRQHandler	8	static
stm32h7xx_it.c:356:6:TIM17_IRQHandler	8	static
stm32h7xx_it.c:370:6:BDMA_Channel0_IRQHandler	8	static
