stm32h7xx_it.c:77:6:NMI_Handler	4	static
stm32h7xx_it.c:92:6:HardFault_Handler	4	static
stm32h7xx_it.c:107:6:MemManage_Handler	4	static
stm32h7xx_it.c:122:6:BusFault_Handler	4	static
stm32h7xx_it.c:137:6:UsageFault_Handler	4	static
stm32h7xx_it.c:152:6:SVC_Handler	4	static
stm32h7xx_it.c:165:6:DebugMon_Handler	4	static
stm32h7xx_it.c:178:6:PendSV_Handler	4	static
stm32h7xx_it.c:191:6:SysTick_Handler	8	static
stm32h7xx_it.c:212:6:EXTI4_IRQHandler	8	static
stm32h7xx_it.c:226:6:DMA1_Stream1_IRQHandler	8	static
stm32h7xx_it.c:240:6:EXTI9_5_IRQHandler	8	static
stm32h7xx_it.c:256:6:TIM4_IRQHandler	8	static
stm32h7xx_it.c:270:6:TIM8_BRK_TIM12_IRQHandler	8	static
stm32h7xx_it.c:284:6:TIM8_UP_TIM13_IRQHandler	8	static
stm32h7xx_it.c:298:6:TIM5_IRQHandler	8	static
stm32h7xx_it.c:312:6:TIM16_IRQHandler	8	static
stm32h7xx_it.c:326:6:TIM17_IRQHandler	8	static
stm32h7xx_it.c:340:6:BDMA_Channel0_IRQHandler	8	static
